Archive member included because of file (symbol)

contiki-sky.a(powertrace.o)   example-powertrace.co (powertrace_start)
contiki-sky.a(contiki-sky-pla)
                              obj_sky/contiki-sky-main.o (init_platform)
contiki-sky.a(button-sensor.o)
                              contiki-sky.a(contiki-sky-pla) (button_sensor)
contiki-sky.a(ds2411.o)       obj_sky/contiki-sky-main.o (ds2411_init)
contiki-sky.a(xmem.o)         obj_sky/contiki-sky-main.o (xmem_init)
contiki-sky.a(node-id.o)      obj_sky/contiki-sky-main.o (node_id_restore)
contiki-sky.a(sensors.o)      contiki-sky.a(button-sensor.o) (sensors_changed)
contiki-sky.a(cc2420.o)       obj_sky/contiki-sky-main.o (cc2420_set_pan_addr)
contiki-sky.a(cc2420-arch.o)  contiki-sky.a(cc2420.o) (cc2420_arch_init)
contiki-sky.a(uart1.o)        obj_sky/contiki-sky-main.o (uart1_active)
contiki-sky.a(uart1-putchar.o)
                              obj_sky/contiki-sky-main.o (putchar)
contiki-sky.a(msp430.o)       contiki-sky.a(uart1.o) (msp430_add_lpm_req)
contiki-sky.a(clock.o)        contiki-sky.a(powertrace.o) (clock_time)
contiki-sky.a(leds.o)         obj_sky/contiki-sky-main.o (leds_init)
contiki-sky.a(leds-arch.o)    contiki-sky.a(leds.o) (leds_arch_init)
contiki-sky.a(watchdog.o)     obj_sky/contiki-sky-main.o (watchdog_start)
contiki-sky.a(rtimer-arch.o)  obj_sky/contiki-sky-main.o (rtimer_arch_now)
contiki-sky.a(autostart.o)    obj_sky/contiki-sky-main.o (autostart_start)
contiki-sky.a(energest.o)     obj_sky/contiki-sky-main.o (energest_init)
contiki-sky.a(ctimer.o)       obj_sky/contiki-sky-main.o (ctimer_init)
contiki-sky.a(etimer.o)       contiki-sky.a(clock.o) (etimer_request_poll)
contiki-sky.a(compower.o)     contiki-sky.a(powertrace.o) (compower_idle_activity)
contiki-sky.a(process.o)      contiki-sky.a(ctimer.o) (process_current)
contiki-sky.a(rtimer.o)       obj_sky/contiki-sky-main.o (rtimer_init)
contiki-sky.a(timer.o)        obj_sky/contiki-sky-main.o (timer_set)
contiki-sky.a(serial-line.o)  obj_sky/contiki-sky-main.o (serial_line_input_byte)
contiki-sky.a(list.o)         contiki-sky.a(ctimer.o) (list_init)
contiki-sky.a(memb.o)         contiki-sky.a(powertrace.o) (memb_alloc)
contiki-sky.a(random.o)       obj_sky/contiki-sky-main.o (random_init)
contiki-sky.a(ringbuf.o)      contiki-sky.a(serial-line.o) (ringbuf_init)
contiki-sky.a(broadcast.o)    example-powertrace.co (broadcast_open)
contiki-sky.a(rime.o)         contiki-sky.a(powertrace.o) (rime_sniffer_add)
contiki-sky.a(announcement.o)
                              contiki-sky.a(rime.o) (announcement_init)
contiki-sky.a(csma.o)         obj_sky/contiki-sky-main.o (csma_driver)
contiki-sky.a(mac.o)          contiki-sky.a(csma.o) (mac_call_sent_callback)
contiki-sky.a(queuebuf.o)     contiki-sky.a(rime.o) (queuebuf_init)
contiki-sky.a(packetbuf.o)    contiki-sky.a(rime.o) (packetbuf_compact)
contiki-sky.a(linkaddr.o)     obj_sky/contiki-sky-main.o (linkaddr_copy)
contiki-sky.a(contikimac.o)   obj_sky/contiki-sky-main.o (contikimac_driver)
contiki-sky.a(contikimac-fram)
                              contiki-sky.a(contikimac.o) (contikimac_framer)
contiki-sky.a(nullsec.o)      obj_sky/contiki-sky-main.o (nullsec_driver)
contiki-sky.a(spi.o)          contiki-sky.a(xmem.o) (spi_init)
contiki-sky.a(broadcast-annou)
                              contiki-sky.a(rime.o) (broadcast_announcement_init)
contiki-sky.a(abc.o)          contiki-sky.a(broadcast.o) (abc_open)
contiki-sky.a(channel.o)      contiki-sky.a(abc.o) (channel_open)
contiki-sky.a(chameleon.o)    contiki-sky.a(rime.o) (chameleon_init)
contiki-sky.a(mac-sequence.o)
                              contiki-sky.a(contikimac.o) (mac_sequence_is_duplicate)
contiki-sky.a(framer-802154.o)
                              contiki-sky.a(contikimac-fram) (framer_802154)
contiki-sky.a(frame802154.o)  contiki-sky.a(framer-802154.o) (frame802154_hdrlen)
contiki-sky.a(framer.o)       contiki-sky.a(framer-802154.o) (framer_canonical_create_and_secure)
contiki-sky.a(chameleon-bitop)
                              contiki-sky.a(chameleon.o) (chameleon_bitopt)
/usr/lib/gcc/msp430/4.6.3/../../../../msp430/lib/mmpy-16/libm.a(ef_exp.o)
                              contiki-sky.a(powertrace.o) (expf)
/usr/lib/gcc/msp430/4.6.3/mmpy-16/libgcc.a(_mulsi3.o)
                              contiki-sky.a(powertrace.o) (__mulsi3)
/usr/lib/gcc/msp430/4.6.3/mmpy-16/libgcc.a(_udivmod16.o)
                              contiki-sky.a(powertrace.o) (__udivhi3)
/usr/lib/gcc/msp430/4.6.3/mmpy-16/libgcc.a(_udivmod32.o)
                              obj_sky/contiki-sky-main.o (__udivsi3)
/usr/lib/gcc/msp430/4.6.3/mmpy-16/libgcc.a(_fixunssfsi.o)
                              contiki-sky.a(powertrace.o) (__fixunssfsi)
/usr/lib/gcc/msp430/4.6.3/mmpy-16/libgcc.a(_addsub_sf.o)
                              contiki-sky.a(powertrace.o) (__addsf3)
/usr/lib/gcc/msp430/4.6.3/mmpy-16/libgcc.a(_mul_sf.o)
                              contiki-sky.a(powertrace.o) (__mulsf3)
[...]
Memory Configuration

Name             Origin             Length             Attributes
sfr              0x0000000000000000 0x0000000000000010
peripheral_8bit  0x0000000000000010 0x00000000000000f0
peripheral_16bit 0x0000000000000100 0x0000000000000100
ram_mirror       0x0000000000000200 0x0000000000000800 xw
infomem          0x0000000000001000 0x0000000000000100
infob            0x0000000000001000 0x0000000000000080
infoa            0x0000000000001080 0x0000000000000080
ram              0x0000000000001100 0x0000000000002800 xw
rom              0x0000000000004000 0x000000000000bfe0 xr
vectors          0x000000000000ffe0 0x0000000000000020
bsl              0x0000000000000000 0x0000000000000000
infoc            0x0000000000000000 0x0000000000000000
infod            0x0000000000000000 0x0000000000000000
ram2             0x0000000000000000 0x0000000000000000 xw
usbram           0x0000000000000000 0x0000000000000000 xw
far_rom          0x0000000000000000 0x0000000000000000
*default*        0x0000000000000000 0xffffffffffffffff

Linker script and memory map

LOAD /usr/lib/gcc/msp430/4.6.3/mmpy-16/crt0ivtbl16.o
LOAD example-powertrace.co
LOAD obj_sky/contiki-sky-main.o
LOAD contiki-sky.a
LOAD /usr/lib/gcc/msp430/4.6.3/../../../../msp430/lib/mmpy-16/libm.a
LOAD /usr/lib/gcc/msp430/4.6.3/mmpy-16/libgcc.a
LOAD /usr/lib/gcc/msp430/4.6.3/../../../../msp430/lib/mmpy-16/libc.a
LOAD /usr/lib/gcc/msp430/4.6.3/mmpy-16/libgcc.a
LOAD /usr/lib/gcc/msp430/4.6.3/mmpy-16/libcrt0.a
                0x0000000000000080                PROVIDE (__info_segment_size, 0x80)
                0x0000000000001000                PROVIDE (__infob, 0x1000)
                0x0000000000001080                PROVIDE (__infoa, 0x1080)
                0x0000000000000000                __IE1 = 0x0
                0x0000000000000002                __IFG1 = 0x2
                0x0000000000000004                __ME1 = 0x4
                0x0000000000000001                __IE2 = 0x1
                0x0000000000000003                __IFG2 = 0x3
                0x0000000000000005                __ME2 = 0x5
                0x0000000000000120                __WDTCTL = 0x120
                0x0000000000000130                __MPY = 0x130
                0x0000000000000132                __MPYS = 0x132
                0x0000000000000134                __MAC = 0x134
                0x0000000000000136                __MACS = 0x136
                0x0000000000000138                __OP2 = 0x138
                0x000000000000013a                __RESLO = 0x13a
                0x000000000000013c                __RESHI = 0x13c
                0x000000000000013e                __SUMEXT = 0x13e
                0x0000000000000020                __P1IN = 0x20
                0x0000000000000021                __P1OUT = 0x21
                0x0000000000000022                __P1DIR = 0x22
                0x0000000000000023                __P1IFG = 0x23
                0x0000000000000024                __P1IES = 0x24
                0x0000000000000025                __P1IE = 0x25
                0x0000000000000026                __P1SEL = 0x26
                0x0000000000000028                __P2IN = 0x28
                0x0000000000000029                __P2OUT = 0x29
                0x000000000000002a                __P2DIR = 0x2a
                0x000000000000002b                __P2IFG = 0x2b
                0x000000000000002c                __P2IES = 0x2c
                0x000000000000002d                __P2IE = 0x2d
                0x000000000000002e                __P2SEL = 0x2e
                0x0000000000000018                __P3IN = 0x18
                0x0000000000000019                __P3OUT = 0x19
                0x000000000000001a                __P3DIR = 0x1a
                0x000000000000001b                __P3SEL = 0x1b
                0x000000000000001c                __P4IN = 0x1c
                0x000000000000001d                __P4OUT = 0x1d
                0x000000000000001e                __P4DIR = 0x1e
                0x000000000000001f                __P4SEL = 0x1f
                0x0000000000000030                __P5IN = 0x30
                0x0000000000000031                __P5OUT = 0x31
                0x0000000000000032                __P5DIR = 0x32
                0x0000000000000033                __P5SEL = 0x33
                0x0000000000000034                __P6IN = 0x34
                0x0000000000000035                __P6OUT = 0x35
                0x0000000000000036                __P6DIR = 0x36
                0x0000000000000037                __P6SEL = 0x37
                0x0000000000000070                __U0CTL = 0x70
                0x0000000000000071                __U0TCTL = 0x71
                0x0000000000000072                __U0RCTL = 0x72
                0x0000000000000073                __U0MCTL = 0x73
                0x0000000000000074                __U0BR0 = 0x74
                0x0000000000000075                __U0BR1 = 0x75
                0x0000000000000076                __U0RXBUF = 0x76
                0x0000000000000077                __U0TXBUF = 0x77
                0x0000000000000078                __U1CTL = 0x78
                0x0000000000000079                __U1TCTL = 0x79
                0x000000000000007a                __U1RCTL = 0x7a
                0x000000000000007b                __U1MCTL = 0x7b
                0x000000000000007c                __U1BR0 = 0x7c
                0x000000000000007d                __U1BR1 = 0x7d
                0x000000000000007e                __U1RXBUF = 0x7e
                0x000000000000007f                __U1TXBUF = 0x7f
                0x0000000000000050                __I2CIE = 0x50
                0x0000000000000051                __I2CIFG = 0x51
                0x0000000000000052                __I2CNDAT = 0x52
                0x0000000000000071                __I2CTCTL = 0x71
                0x0000000000000072                __I2CDCTL = 0x72
                0x0000000000000073                __I2CPSC = 0x73
                0x0000000000000074                __I2CSCLH = 0x74
                0x0000000000000075                __I2CSCLL = 0x75
                0x0000000000000076                __I2CDRB = 0x76
                0x0000000000000076                __I2CDRW = 0x76
                0x0000000000000118                __I2COA = 0x118
                0x000000000000011a                __I2CSA = 0x11a
                0x000000000000011c                __I2CIV = 0x11c
                0x000000000000012e                __TAIV = 0x12e
                0x0000000000000160                __TACTL = 0x160
                0x0000000000000162                __TACCTL0 = 0x162
                0x0000000000000164                __TACCTL1 = 0x164
                0x0000000000000166                __TACCTL2 = 0x166
                0x0000000000000170                __TAR = 0x170
                0x0000000000000172                __TACCR0 = 0x172
                0x0000000000000174                __TACCR1 = 0x174
                0x0000000000000176                __TACCR2 = 0x176
                0x000000000000011e                __TBIV = 0x11e
                0x0000000000000180                __TBCTL = 0x180
                0x0000000000000182                __TBCCTL0 = 0x182
                0x0000000000000184                __TBCCTL1 = 0x184
                0x0000000000000186                __TBCCTL2 = 0x186
                0x0000000000000188                __TBCCTL3 = 0x188
                0x000000000000018a                __TBCCTL4 = 0x18a
                0x000000000000018c                __TBCCTL5 = 0x18c
                0x000000000000018e                __TBCCTL6 = 0x18e
                0x0000000000000190                __TBR = 0x190
                0x0000000000000192                __TBCCR0 = 0x192
                0x0000000000000194                __TBCCR1 = 0x194
                0x0000000000000196                __TBCCR2 = 0x196
                0x0000000000000198                __TBCCR3 = 0x198
                0x000000000000019a                __TBCCR4 = 0x19a
                0x000000000000019c                __TBCCR5 = 0x19c
                0x000000000000019e                __TBCCR6 = 0x19e
                0x0000000000000056                __DCOCTL = 0x56
                0x0000000000000057                __BCSCTL1 = 0x57
                0x0000000000000058                __BCSCTL2 = 0x58
                0x0000000000000055                __SVSCTL = 0x55
                0x0000000000000128                __FCTL1 = 0x128
                0x000000000000012a                __FCTL2 = 0x12a
                0x000000000000012c                __FCTL3 = 0x12c
                0x0000000000000059                __CACTL1 = 0x59
                0x000000000000005a                __CACTL2 = 0x5a
                0x000000000000005b                __CAPD = 0x5b
                0x00000000000001a0                __ADC12CTL0 = 0x1a0
                0x00000000000001a2                __ADC12CTL1 = 0x1a2
                0x00000000000001a4                __ADC12IFG = 0x1a4
                0x00000000000001a6                __ADC12IE = 0x1a6
                0x00000000000001a8                __ADC12IV = 0x1a8
                0x0000000000000140                __ADC12MEM0 = 0x140
                0x0000000000000142                __ADC12MEM1 = 0x142
                0x0000000000000144                __ADC12MEM2 = 0x144
                0x0000000000000146                __ADC12MEM3 = 0x146
                0x0000000000000148                __ADC12MEM4 = 0x148
                0x000000000000014a                __ADC12MEM5 = 0x14a
                0x000000000000014c                __ADC12MEM6 = 0x14c
                0x000000000000014e                __ADC12MEM7 = 0x14e
                0x0000000000000150                __ADC12MEM8 = 0x150
                0x0000000000000152                __ADC12MEM9 = 0x152
                0x0000000000000154                __ADC12MEM10 = 0x154
                0x0000000000000156                __ADC12MEM11 = 0x156
                0x0000000000000158                __ADC12MEM12 = 0x158
                0x000000000000015a                __ADC12MEM13 = 0x15a
                0x000000000000015c                __ADC12MEM14 = 0x15c
                0x000000000000015e                __ADC12MEM15 = 0x15e
                0x0000000000000080                __ADC12MCTL0 = 0x80
                0x0000000000000081                __ADC12MCTL1 = 0x81
                0x0000000000000082                __ADC12MCTL2 = 0x82
                0x0000000000000083                __ADC12MCTL3 = 0x83
                0x0000000000000084                __ADC12MCTL4 = 0x84
                0x0000000000000085                __ADC12MCTL5 = 0x85
                0x0000000000000086                __ADC12MCTL6 = 0x86
                0x0000000000000087                __ADC12MCTL7 = 0x87
                0x0000000000000088                __ADC12MCTL8 = 0x88
                0x0000000000000089                __ADC12MCTL9 = 0x89
                0x000000000000008a                __ADC12MCTL10 = 0x8a
                0x000000000000008b                __ADC12MCTL11 = 0x8b
                0x000000000000008c                __ADC12MCTL12 = 0x8c
                0x000000000000008d                __ADC12MCTL13 = 0x8d
                0x000000000000008e                __ADC12MCTL14 = 0x8e
                0x000000000000008f                __ADC12MCTL15 = 0x8f
                0x00000000000001c0                __DAC12_0CTL = 0x1c0
                0x00000000000001c2                __DAC12_1CTL = 0x1c2
                0x00000000000001c8                __DAC12_0DAT = 0x1c8
                0x00000000000001ca                __DAC12_1DAT = 0x1ca
                0x0000000000000122                __DMACTL0 = 0x122
                0x0000000000000124                __DMACTL1 = 0x124
                0x00000000000001e0                __DMA0CTL = 0x1e0
                0x00000000000001e8                __DMA1CTL = 0x1e8
                0x00000000000001f0                __DMA2CTL = 0x1f0
                0x00000000000001e2                __DMA0SA = 0x1e2
                0x00000000000001e4                __DMA0DA = 0x1e4
                0x00000000000001e6                __DMA0SZ = 0x1e6
                0x00000000000001ea                __DMA1SA = 0x1ea
                0x00000000000001ec                __DMA1DA = 0x1ec
                0x00000000000001ee                __DMA1SZ = 0x1ee
                0x00000000000001f2                __DMA2SA = 0x1f2
                0x00000000000001f4                __DMA2DA = 0x1f4
                0x00000000000001f6                __DMA2SZ = 0x1f6

.hash
 *(.hash)

.dynsym
 *(.dynsym)

.dynstr
 *(.dynstr)

.gnu.version
 *(.gnu.version)

.gnu.version_d
 *(.gnu.version_d)

.gnu.version_r
 *(.gnu.version_r)

.rel.init
 *(.rel.init)

.rela.init
 *(.rela.init)

.rel.fini
 *(.rel.fini)

.rela.fini
 *(.rela.fini)

.rel.text
 *(.rel.text .rel.text.* .rel.gnu.linkonce.t.*)

.rela.text
 *(.rela.text .rela.text.* .rela.gnu.linkonce.t.*)

.rel.rodata
 *(.rel.rodata .rel.rodata.* .rel.gnu.linkonce.r.*)

.rela.rodata
 *(.rela.rodata .rela.rodata.* .rela.gnu.linkonce.r.*)

.rel.data
 *(.rel.data .rel.data.* .rel.gnu.linkonce.d.*)

.rela.data
 *(.rela.data .rela.data.* .rela.gnu.linkonce.d.*)

.rel.bss
 *(.rel.bss .rel.bss.* .rel.gnu.linkonce.b.*)

.rela.bss
 *(.rela.bss .rela.bss.* .rela.gnu.linkonce.b.*)

.rel.ctors
 *(.rel.ctors)

.rela.ctors
 *(.rela.ctors)

.rel.dtors
 *(.rel.dtors)

.rela.dtors
 *(.rela.dtors)

.rel.got
 *(.rel.got)

.rela.got
 *(.rela.got)

.rel.plt
 *(.rel.plt)

.rela.plt
 *(.rela.plt)

.text           0x0000000000004000     0x6d18
                0x0000000000004000                . = ALIGN (0x2)
 *(.init .init.*)
 *(.init0)
 .init0         0x0000000000004000        0x0 /usr/lib/gcc/msp430/4.6.3/mmpy-16/libcrt0.a(_reset_vector__.o)
                0x0000000000004000                _reset_vector__
 *(.init1)
 .init1         0x0000000000004000        0xc /usr/lib/gcc/msp430/4.6.3/mmpy-16/libcrt0.a(__watchdog_support.o)
                0x0000000000004000                __watchdog_support
 *(.init2)
 .init2         0x000000000000400c        0x4 /usr/lib/gcc/msp430/4.6.3/mmpy-16/libcrt0.a(__init_stack.o)
                0x000000000000400c                __init_stack
 *(.init3)
 .init3         0x0000000000004010        0x0 /usr/lib/gcc/msp430/4.6.3/mmpy-16/libcrt0.a(__low_level_init.o)
                0x0000000000004010                __low_level_init
 *(.init4)
 .init4         0x0000000000004010       0x18 /usr/lib/gcc/msp430/4.6.3/mmpy-16/libcrt0.a(_copy_data.o)
                0x0000000000004010                __do_copy_data
 .init4         0x0000000000004028       0x16 /usr/lib/gcc/msp430/4.6.3/mmpy-16/libcrt0.a(_clear_bss.o)
                0x0000000000004028                __do_clear_bss
 *(.init5)
 *(.init6)
 *(.init7)
 *(.init8)
 *(.init9)
 .init9         0x000000000000403e      0x2d0 obj_sky/contiki-sky-main.o
                0x000000000000403e                main
 *(.fini9)
 .fini9         0x000000000000430e        0x0 /usr/lib/gcc/msp430/4.6.3/mmpy-16/libcrt0.a(__stop_progExec__.o)
                0x000000000000430e                __stop_progExec__
 *(.fini8)
 *(.fini7)
 *(.fini6)
 *(.fini5)
 *(.fini4)
 *(.fini3)
 *(.fini2)
 *(.fini1)
 *(.fini0)
 .fini0         0x000000000000430e        0x6 /usr/lib/gcc/msp430/4.6.3/mmpy-16/libcrt0.a(_endless_loop__.o)
                0x000000000000430e                _endless_loop__
 *(.fini .fini.*)
                0x0000000000004314                . = ALIGN (0x2)
                0x0000000000004314                __ctors_start = .
 *(.ctors)
                0x0000000000004314                __ctors_end = .
                0x0000000000004314                __dtors_start = .
 *(.dtors)
                0x0000000000004314                __dtors_end = .
                0x0000000000004314                . = ALIGN (0x2)
 *(.text .text.* .gnu.linkonce.t.*)
 .text          0x0000000000004314        0x4 /usr/lib/gcc/msp430/4.6.3/mmpy-16/crt0ivtbl16.o
                0x0000000000004314                __isr_14
                0x0000000000004314                __isr_11
                0x0000000000004314                __isr_2
                0x0000000000004314                __isr_7
                0x0000000000004314                __isr_0
                0x0000000000004314                __isr_8
                0x0000000000004314                __isr_3
                0x0000000000004314                __isr_12
                0x0000000000004314                __isr_13
                0x0000000000004314                __isr_9
 .text.process_thread_example_broadcast_process
                0x0000000000004318       0xba example-powertrace.co
 .text.broadcast_recv
                0x00000000000043d2       0x22 example-powertrace.co
 .text.start_network_layer
                0x00000000000043f4       0x3c obj_sky/contiki-sky-main.o
 .text.process_thread_powertrace_process
                0x0000000000004430       0x58 contiki-sky.a(powertrace.o)
 .text.sniffprint
                0x0000000000004488       0x72 contiki-sky.a(powertrace.o)
 .text.output_printsniffer
                0x00000000000044fa       0x16 contiki-sky.a(powertrace.o)
 .text.add_stats
                0x0000000000004510       0x54 contiki-sky.a(powertrace.o)
 .text.add_packet_stats
                0x0000000000004564       0x5e contiki-sky.a(powertrace.o)
 .text.output_sniffer
                0x00000000000045c2        0x8 contiki-sky.a(powertrace.o)
 .text.input_sniffer
                0x00000000000045ca        0x8 contiki-sky.a(powertrace.o)
 .text.input_printsniffer
                0x00000000000045d2       0x70 contiki-sky.a(powertrace.o)
 .text.powertrace_print
                0x0000000000004642      0x466 contiki-sky.a(powertrace.o)
                0x0000000000004642                powertrace_print
 .text.powertrace_start
                0x0000000000004aa8      0x17c contiki-sky.a(powertrace.o)
                0x0000000000004aa8                powertrace_start
 .text.kinetic_model
                0x0000000000004c24      0x2f2 contiki-sky.a(powertrace.o)
                0x0000000000004c24                kinetic_model
 .text.update_battery
                0x0000000000004f16      0x290 contiki-sky.a(powertrace.o)
                0x0000000000004f16                update_battery
 .text.init_platform
                0x00000000000051a6        0xc contiki-sky.a(contiki-sky-pla)
                0x00000000000051a6                init_platform
 .text.status   0x00000000000051b2       0x16 contiki-sky.a(button-sensor.o)
 .text.configure
                0x00000000000051c8       0x52 contiki-sky.a(button-sensor.o)
 .text.value    0x000000000000521a       0x22 contiki-sky.a(button-sensor.o)
 .text.irq_p2   0x000000000000523c       0x8a contiki-sky.a(button-sensor.o)
                0x000000000000523c                irq_p2
                0x000000000000523c                __isr_1
 .text.owreadb  0x00000000000052c6       0x52 contiki-sky.a(ds2411.o)
 .text.ds2411_init
                0x0000000000005318      0x122 contiki-sky.a(ds2411.o)
                0x0000000000005318                ds2411_init
 .text.wait_ready
                0x000000000000543a       0x50 contiki-sky.a(xmem.o)
 .text.xmem_init
                0x000000000000548a       0x3e contiki-sky.a(xmem.o)
                0x000000000000548a                xmem_init
 .text.xmem_pread
                0x00000000000054c8       0xea contiki-sky.a(xmem.o)
                0x00000000000054c8                xmem_pread
 .text.node_id_restore
                0x00000000000055b2       0x38 contiki-sky.a(node-id.o)
                0x00000000000055b2                node_id_restore
 .text.process_thread_sensors_process
                0x00000000000055ea       0xbe contiki-sky.a(sensors.o)
 .text.sensors_changed
                0x00000000000056a8       0x2a contiki-sky.a(sensors.o)
                0x00000000000056a8                sensors_changed
 .text.get_object
                0x00000000000056d2        0x4 contiki-sky.a(cc2420.o)
 .text.set_object
                0x00000000000056d6        0x4 contiki-sky.a(cc2420.o)
 .text.strobe   0x00000000000056da       0x20 contiki-sky.a(cc2420.o)
 .text.getreg   0x00000000000056fa       0x54 contiki-sky.a(cc2420.o)
 .text.setreg   0x000000000000574e       0x52 contiki-sky.a(cc2420.o)
 .text.write_ram
                0x00000000000057a0       0x80 contiki-sky.a(cc2420.o)
 .text.write_fifo_buf
                0x0000000000005820       0x40 contiki-sky.a(cc2420.o)
 .text.get_status
                0x0000000000005860       0x24 contiki-sky.a(cc2420.o)
 .text.set_txpower
                0x0000000000005884       0x26 contiki-sky.a(cc2420.o)
 .text.cc2420_receiving_packet
                0x00000000000058aa        0xe contiki-sky.a(cc2420.o)
 .text.pending_packet
                0x00000000000058b8        0x8 contiki-sky.a(cc2420.o)
 .text.on       0x00000000000058c0       0x1e contiki-sky.a(cc2420.o)
 .text.wait_for_transmission
                0x00000000000058de       0x22 contiki-sky.a(cc2420.o)
 .text.wait_for_status
                0x0000000000005900       0x2a contiki-sky.a(cc2420.o)
 .text.getrxdata
                0x000000000000592a       0x56 contiki-sky.a(cc2420.o)
 .text.flushrx  0x0000000000005980       0x1a contiki-sky.a(cc2420.o)
 .text.off      0x000000000000599a       0x5a contiki-sky.a(cc2420.o)
 .text.RELEASE_LOCK
                0x00000000000059f4       0x28 contiki-sky.a(cc2420.o)
 .text.set_key  0x0000000000005a1c       0x18 contiki-sky.a(cc2420.o)
 .text.cc2420_prepare
                0x0000000000005a34       0x3c contiki-sky.a(cc2420.o)
 .text.cc2420_on
                0x0000000000005a70       0x22 contiki-sky.a(cc2420.o)
                0x0000000000005a70                cc2420_on
 .text.cc2420_off
                0x0000000000005a92       0x30 contiki-sky.a(cc2420.o)
                0x0000000000005a92                cc2420_off
 .text.cc2420_cca
                0x0000000000005ac2       0x5e contiki-sky.a(cc2420.o)
 .text.cc2420_read
                0x0000000000005b20       0xb0 contiki-sky.a(cc2420.o)
 .text.process_thread_cc2420_process
                0x0000000000005bd0       0x50 contiki-sky.a(cc2420.o)
 .text.encrypt  0x0000000000005c20       0x8e contiki-sky.a(cc2420.o)
 .text.cc2420_set_channel
                0x0000000000005cae       0x3c contiki-sky.a(cc2420.o)
                0x0000000000005cae                cc2420_set_channel
 .text.cc2420_set_pan_addr
                0x0000000000005cea       0x4c contiki-sky.a(cc2420.o)
                0x0000000000005cea                cc2420_set_pan_addr
 .text.cc2420_interrupt
                0x0000000000005d36       0x18 contiki-sky.a(cc2420.o)
                0x0000000000005d36                cc2420_interrupt
 .text.cc2420_set_txpower
                0x0000000000005d4e        0xe contiki-sky.a(cc2420.o)
                0x0000000000005d4e                cc2420_set_txpower
 .text.cc2420_get_txpower
                0x0000000000005d5c       0x1e contiki-sky.a(cc2420.o)
                0x0000000000005d5c                cc2420_get_txpower
 .text.cc2420_transmit
                0x0000000000005d7a      0x12a contiki-sky.a(cc2420.o)
 .text.cc2420_send
                0x0000000000005ea4       0x12 contiki-sky.a(cc2420.o)
 .text.cc2420_rssi
                0x0000000000005eb6       0x4c contiki-sky.a(cc2420.o)
                0x0000000000005eb6                cc2420_rssi
 .text.get_value
                0x0000000000005f02       0xac contiki-sky.a(cc2420.o)
 .text.cc2420_set_cca_threshold
                0x0000000000005fae       0x16 contiki-sky.a(cc2420.o)
                0x0000000000005fae                cc2420_set_cca_threshold
 .text.set_value
                0x0000000000005fc4       0x8a contiki-sky.a(cc2420.o)
 .text.cc2420_init
                0x000000000000604e       0xde contiki-sky.a(cc2420.o)
                0x000000000000604e                cc2420_init
 .text.cc2420_port1_interrupt
                0x000000000000612c       0x62 contiki-sky.a(cc2420-arch.o)
                0x000000000000612c                __isr_4
                0x000000000000612c                cc2420_port1_interrupt
 .text.cc2420_arch_init
                0x000000000000618e       0x1a contiki-sky.a(cc2420-arch.o)
                0x000000000000618e                cc2420_arch_init
 .text.handle_rxdma_timer
                0x00000000000061a8       0x3a contiki-sky.a(uart1.o)
 .text.uart1_active
                0x00000000000061e2       0x1a contiki-sky.a(uart1.o)
                0x00000000000061e2                uart1_active
 .text.uart1_set_input
                0x00000000000061fc       0x20 contiki-sky.a(uart1.o)
                0x00000000000061fc                uart1_set_input
 .text.uart1_writeb
                0x000000000000621c       0x1a contiki-sky.a(uart1.o)
                0x000000000000621c                uart1_writeb
 .text.uart1_init
                0x0000000000006236       0xf6 contiki-sky.a(uart1.o)
                0x0000000000006236                uart1_init
 .text.putchar  0x000000000000632c       0x10 contiki-sky.a(uart1-putchar.o)
                0x000000000000632c                putchar
 .text.msp430_init_dco
                0x000000000000633c       0x84 contiki-sky.a(msp430.o)
                0x000000000000633c                msp430_init_dco
 .text.msp430_add_lpm_req
                0x00000000000063c0        0xc contiki-sky.a(msp430.o)
                0x00000000000063c0                msp430_add_lpm_req
 .text.msp430_cpu_init
                0x00000000000063cc       0x2a contiki-sky.a(msp430.o)
                0x00000000000063cc                msp430_cpu_init
 .text.splhigh_
                0x00000000000063f6        0x8 contiki-sky.a(msp430.o)
                0x00000000000063f6                splhigh_
 .text.msp430_sync_dco
                0x00000000000063fe       0x68 contiki-sky.a(msp430.o)
                0x00000000000063fe                msp430_sync_dco
 .text.timera1  0x0000000000006466      0x11e contiki-sky.a(clock.o)
                0x0000000000006466                __isr_5
                0x0000000000006466                timera1
 .text.clock_time
                0x0000000000006584       0x1a contiki-sky.a(clock.o)
                0x0000000000006584                clock_time
 .text.clock_init
                0x000000000000659e       0x28 contiki-sky.a(clock.o)
                0x000000000000659e                clock_init
 .text.clock_delay
                0x00000000000065c6        0xc contiki-sky.a(clock.o)
                0x00000000000065c6                clock_delay
 .text.show_leds
                0x00000000000065d2       0xf6 contiki-sky.a(leds.o)
 .text.leds_init
                0x00000000000066c8        0xa contiki-sky.a(leds.o)
                0x00000000000066c8                leds_init
 .text.leds_on  0x00000000000066d2        0xa contiki-sky.a(leds.o)
                0x00000000000066d2                leds_on
 .text.leds_off
                0x00000000000066dc        0xe contiki-sky.a(leds.o)
                0x00000000000066dc                leds_off
 .text.leds_arch_init
                0x00000000000066ea        0xe contiki-sky.a(leds-arch.o)
                0x00000000000066ea                leds_arch_init
 .text.leds_arch_set
                0x00000000000066f8       0x3a contiki-sky.a(leds-arch.o)
                0x00000000000066f8                leds_arch_set
 .text.watchdog_interrupt
                0x0000000000006732        0x6 contiki-sky.a(watchdog.o)
                0x0000000000006732                __isr_10
                0x0000000000006732                watchdog_interrupt
 .text.watchdog_start
                0x0000000000006738       0x14 contiki-sky.a(watchdog.o)
                0x0000000000006738                watchdog_start
 .text.watchdog_periodic
                0x000000000000674c       0x12 contiki-sky.a(watchdog.o)
                0x000000000000674c                watchdog_periodic
 .text.watchdog_stop
                0x000000000000675e       0x16 contiki-sky.a(watchdog.o)
                0x000000000000675e                watchdog_stop
 .text.watchdog_init
                0x0000000000006774       0x14 contiki-sky.a(watchdog.o)
                0x0000000000006774                watchdog_init
 .text.rtimer_arch_init
                0x0000000000006788        0xe contiki-sky.a(rtimer-arch.o)
                0x0000000000006788                rtimer_arch_init
 .text.rtimer_arch_now
                0x0000000000006796        0xe contiki-sky.a(rtimer-arch.o)
                0x0000000000006796                rtimer_arch_now
 .text.timera0  0x00000000000067a4       0x70 contiki-sky.a(rtimer-arch.o)
                0x00000000000067a4                __isr_6
                0x00000000000067a4                timera0
 .text.rtimer_arch_schedule
                0x0000000000006814        0x6 contiki-sky.a(rtimer-arch.o)
                0x0000000000006814                rtimer_arch_schedule
 .text.autostart_start
                0x000000000000681a       0x16 contiki-sky.a(autostart.o)
                0x000000000000681a                autostart_start
 .text.energest_init
                0x0000000000006830       0x28 contiki-sky.a(energest.o)
                0x0000000000006830                energest_init
 .text.energest_type_time
                0x0000000000006858       0x46 contiki-sky.a(energest.o)
                0x0000000000006858                energest_type_time
 .text.energest_type_set
                0x000000000000689e        0xe contiki-sky.a(energest.o)
                0x000000000000689e                energest_type_set
 .text.energest_flush
                0x00000000000068ac       0x48 contiki-sky.a(energest.o)
                0x00000000000068ac                energest_flush
 .text.process_thread_ctimer_process
                0x00000000000068f4       0xa4 contiki-sky.a(ctimer.o)
 .text.ctimer_init
                0x0000000000006998       0x18 contiki-sky.a(ctimer.o)
                0x0000000000006998                ctimer_init
 .text.ctimer_set
                0x00000000000069b0       0x50 contiki-sky.a(ctimer.o)
                0x00000000000069b0                ctimer_set
 .text.ctimer_reset
                0x0000000000006a00       0x30 contiki-sky.a(ctimer.o)
                0x0000000000006a00                ctimer_reset
 .text.ctimer_stop
                0x0000000000006a30       0x28 contiki-sky.a(ctimer.o)
                0x0000000000006a30                ctimer_stop
 .text.update_time
                0x0000000000006a58       0x78 contiki-sky.a(etimer.o)
 .text.etimer_request_poll
                0x0000000000006ad0        0xa contiki-sky.a(etimer.o)
                0x0000000000006ad0                etimer_request_poll
 .text.process_thread_etimer_process
                0x0000000000006ada       0xc8 contiki-sky.a(etimer.o)
 .text.add_timer
                0x0000000000006ba2       0x40 contiki-sky.a(etimer.o)
 .text.etimer_set
                0x0000000000006be2       0x12 contiki-sky.a(etimer.o)
                0x0000000000006be2                etimer_set
 .text.etimer_reset
                0x0000000000006bf4       0x12 contiki-sky.a(etimer.o)
                0x0000000000006bf4                etimer_reset
 .text.etimer_expired
                0x0000000000006c06        0xe contiki-sky.a(etimer.o)
                0x0000000000006c06                etimer_expired
 .text.etimer_pending
                0x0000000000006c14        0xc contiki-sky.a(etimer.o)
                0x0000000000006c14                etimer_pending
 .text.etimer_next_expiration_time
                0x0000000000006c20       0x16 contiki-sky.a(etimer.o)
                0x0000000000006c20                etimer_next_expiration_time
 .text.etimer_stop
                0x0000000000006c36       0x3c contiki-sky.a(etimer.o)
                0x0000000000006c36                etimer_stop
 .text.compower_accumulate
                0x0000000000006c72       0x72 contiki-sky.a(compower.o)
                0x0000000000006c72                compower_accumulate
 .text.compower_clear
                0x0000000000006ce4       0x12 contiki-sky.a(compower.o)
                0x0000000000006ce4                compower_clear
 .text.compower_attrconv
                0x0000000000006cf6       0x10 contiki-sky.a(compower.o)
                0x0000000000006cf6                compower_attrconv
 .text.call_process
                0x0000000000006d06       0x4a contiki-sky.a(process.o)
 .text.exit_process
                0x0000000000006d50       0x96 contiki-sky.a(process.o)
 .text.do_poll  0x0000000000006de6       0x30 contiki-sky.a(process.o)
 .text.process_alloc_event
                0x0000000000006e16        0xe contiki-sky.a(process.o)
                0x0000000000006e16                process_alloc_event
 .text.process_init
                0x0000000000006e24       0x1c contiki-sky.a(process.o)
                0x0000000000006e24                process_init
 .text.process_run
                0x0000000000006e40       0xa2 contiki-sky.a(process.o)
                0x0000000000006e40                process_run
 .text.process_nevents
                0x0000000000006ee2        0xe contiki-sky.a(process.o)
                0x0000000000006ee2                process_nevents
 .text.process_post
                0x0000000000006ef0       0x54 contiki-sky.a(process.o)
                0x0000000000006ef0                process_post
 .text.process_post_synch
                0x0000000000006f44       0x12 contiki-sky.a(process.o)
                0x0000000000006f44                process_post_synch
 .text.process_start
                0x0000000000006f56       0x32 contiki-sky.a(process.o)
                0x0000000000006f56                process_start
 .text.process_poll
                0x0000000000006f88       0x18 contiki-sky.a(process.o)
                0x0000000000006f88                process_poll
 .text.rtimer_init
                0x0000000000006fa0        0x6 contiki-sky.a(rtimer.o)
                0x0000000000006fa0                rtimer_init
 .text.rtimer_set
                0x0000000000006fa6       0x24 contiki-sky.a(rtimer.o)
                0x0000000000006fa6                rtimer_set
 .text.rtimer_run_next
                0x0000000000006fca       0x26 contiki-sky.a(rtimer.o)
                0x0000000000006fca                rtimer_run_next
 .text.timer_set
                0x0000000000006ff0       0x1c contiki-sky.a(timer.o)
                0x0000000000006ff0                timer_set
 .text.timer_reset
                0x000000000000700c        0xe contiki-sky.a(timer.o)
                0x000000000000700c                timer_reset
 .text.timer_expired
                0x000000000000701a       0x2a contiki-sky.a(timer.o)
                0x000000000000701a                timer_expired
 .text.process_thread_serial_line_process
                0x0000000000007044       0x9c contiki-sky.a(serial-line.o)
 .text.serial_line_input_byte
                0x00000000000070e0       0x4a contiki-sky.a(serial-line.o)
                0x00000000000070e0                serial_line_input_byte
 .text.serial_line_init
                0x000000000000712a       0x1c contiki-sky.a(serial-line.o)
                0x000000000000712a                serial_line_init
 .text.list_init
                0x0000000000007146        0x6 contiki-sky.a(list.o)
                0x0000000000007146                list_init
 .text.list_head
                0x000000000000714c        0x4 contiki-sky.a(list.o)
                0x000000000000714c                list_head
 .text.list_tail
                0x0000000000007150       0x12 contiki-sky.a(list.o)
                0x0000000000007150                list_tail
 .text.list_remove
                0x0000000000007162       0x34 contiki-sky.a(list.o)
                0x0000000000007162                list_remove
 .text.list_push
                0x0000000000007196       0x1a contiki-sky.a(list.o)
                0x0000000000007196                list_push
 .text.list_add
                0x00000000000071b0       0x2a contiki-sky.a(list.o)
                0x00000000000071b0                list_add
 .text.list_length
                0x00000000000071da       0x10 contiki-sky.a(list.o)
                0x00000000000071da                list_length
 .text.list_item_next
                0x00000000000071ea        0xc contiki-sky.a(list.o)
                0x00000000000071ea                list_item_next
 .text.memb_init
                0x00000000000071f6       0x36 contiki-sky.a(memb.o)
                0x00000000000071f6                memb_init
 .text.memb_alloc
                0x000000000000722c       0x3e contiki-sky.a(memb.o)
                0x000000000000722c                memb_alloc
 .text.memb_free
                0x000000000000726a       0x3a contiki-sky.a(memb.o)
                0x000000000000726a                memb_free
 .text.memb_inmemb
                0x00000000000072a4       0x2e contiki-sky.a(memb.o)
                0x00000000000072a4                memb_inmemb
 .text.random_init
                0x00000000000072d2        0x6 contiki-sky.a(random.o)
                0x00000000000072d2                random_init
 .text.random_rand
                0x00000000000072d8        0x6 contiki-sky.a(random.o)
                0x00000000000072d8                random_rand
 .text.ringbuf_init
                0x00000000000072de       0x14 contiki-sky.a(ringbuf.o)
                0x00000000000072de                ringbuf_init
 .text.ringbuf_put
                0x00000000000072f2       0x38 contiki-sky.a(ringbuf.o)
                0x00000000000072f2                ringbuf_put
 .text.ringbuf_get
                0x000000000000732a       0x32 contiki-sky.a(ringbuf.o)
                0x000000000000732a                ringbuf_get
 .text.sent_by_abc
                0x000000000000735c       0x10 contiki-sky.a(broadcast.o)
 .text.recv_from_abc
                0x000000000000736c       0x26 contiki-sky.a(broadcast.o)
 .text.broadcast_open
                0x0000000000007392       0x2a contiki-sky.a(broadcast.o)
                0x0000000000007392                broadcast_open
 .text.broadcast_close
                0x00000000000073bc        0x6 contiki-sky.a(broadcast.o)
                0x00000000000073bc                broadcast_close
 .text.broadcast_send
                0x00000000000073c2       0x1a contiki-sky.a(broadcast.o)
                0x00000000000073c2                broadcast_send
 .text.input    0x00000000000073dc       0x3a contiki-sky.a(rime.o)
 .text.init     0x0000000000007416       0x2e contiki-sky.a(rime.o)
 .text.packet_sent
                0x0000000000007444       0x44 contiki-sky.a(rime.o)
 .text.rime_output
                0x0000000000007488       0x24 contiki-sky.a(rime.o)
                0x0000000000007488                rime_output
 .text.announcement_init
                0x00000000000074ac        0xa contiki-sky.a(announcement.o)
                0x00000000000074ac                announcement_init
 .text.announcement_register_observer_callback
                0x00000000000074b6        0x6 contiki-sky.a(announcement.o)
                0x00000000000074b6                announcement_register_observer_callback
 .text.announcement_list
                0x00000000000074bc        0xa contiki-sky.a(announcement.o)
                0x00000000000074bc                announcement_list
 .text.announcement_heard
                0x00000000000074c6       0x42 contiki-sky.a(announcement.o)
                0x00000000000074c6                announcement_heard
 .text.input_packet
                0x0000000000007508        0x6 contiki-sky.a(csma.o)
 .text.on       0x000000000000750e        0x6 contiki-sky.a(csma.o)
 .text.off      0x0000000000007514        0x6 contiki-sky.a(csma.o)
 .text.channel_check_interval
                0x000000000000751a       0x10 contiki-sky.a(csma.o)
 .text.transmit_packet_list
                0x000000000000752a       0x24 contiki-sky.a(csma.o)
 .text.send_packet
                0x000000000000754e      0x184 contiki-sky.a(csma.o)
 .text.init     0x00000000000076d2       0x1a contiki-sky.a(csma.o)
 .text.free_packet
                0x00000000000076ec       0x98 contiki-sky.a(csma.o)
 .text.packet_sent
                0x0000000000007784      0x12e contiki-sky.a(csma.o)
 .text.mac_call_sent_callback
                0x00000000000078b2       0x14 contiki-sky.a(mac.o)
                0x00000000000078b2                mac_call_sent_callback
 .text.queuebuf_init
                0x00000000000078c6       0x12 contiki-sky.a(queuebuf.o)
                0x00000000000078c6                queuebuf_init
 .text.queuebuf_new_from_packetbuf
                0x00000000000078d8       0x52 contiki-sky.a(queuebuf.o)
                0x00000000000078d8                queuebuf_new_from_packetbuf
 .text.queuebuf_update_attr_from_packetbuf
                0x000000000000792a       0x12 contiki-sky.a(queuebuf.o)
                0x000000000000792a                queuebuf_update_attr_from_packetbuf
 .text.queuebuf_update_from_packetbuf
                0x000000000000793c       0x22 contiki-sky.a(queuebuf.o)
                0x000000000000793c                queuebuf_update_from_packetbuf
 .text.queuebuf_free
                0x000000000000795e       0x2a contiki-sky.a(queuebuf.o)
                0x000000000000795e                queuebuf_free
 .text.queuebuf_to_packetbuf
                0x0000000000007988       0x32 contiki-sky.a(queuebuf.o)
                0x0000000000007988                queuebuf_to_packetbuf
 .text.queuebuf_attr
                0x00000000000079ba        0xe contiki-sky.a(queuebuf.o)
                0x00000000000079ba                queuebuf_attr
 .text.packetbuf_compact
                0x00000000000079c8       0x2e contiki-sky.a(packetbuf.o)
                0x00000000000079c8                packetbuf_compact
 .text.packetbuf_copyto
                0x00000000000079f6       0x52 contiki-sky.a(packetbuf.o)
                0x00000000000079f6                packetbuf_copyto
 .text.packetbuf_hdrreduce
                0x0000000000007a48       0x1a contiki-sky.a(packetbuf.o)
                0x0000000000007a48                packetbuf_hdrreduce
 .text.packetbuf_set_datalen
                0x0000000000007a62        0x6 contiki-sky.a(packetbuf.o)
                0x0000000000007a62                packetbuf_set_datalen
 .text.packetbuf_dataptr
                0x0000000000007a68        0xe contiki-sky.a(packetbuf.o)
                0x0000000000007a68                packetbuf_dataptr
 .text.packetbuf_hdrptr
                0x0000000000007a76        0xa contiki-sky.a(packetbuf.o)
                0x0000000000007a76                packetbuf_hdrptr
 .text.packetbuf_datalen
                0x0000000000007a80        0x6 contiki-sky.a(packetbuf.o)
                0x0000000000007a80                packetbuf_datalen
 .text.packetbuf_hdrlen
                0x0000000000007a86       0x10 contiki-sky.a(packetbuf.o)
                0x0000000000007a86                packetbuf_hdrlen
 .text.packetbuf_totlen
                0x0000000000007a96        0xc contiki-sky.a(packetbuf.o)
                0x0000000000007a96                packetbuf_totlen
 .text.packetbuf_hdralloc
                0x0000000000007aa2       0x2e contiki-sky.a(packetbuf.o)
                0x0000000000007aa2                packetbuf_hdralloc
 .text.packetbuf_attr_clear
                0x0000000000007ad0       0x2c contiki-sky.a(packetbuf.o)
                0x0000000000007ad0                packetbuf_attr_clear
 .text.packetbuf_clear
                0x0000000000007afc       0x1a contiki-sky.a(packetbuf.o)
                0x0000000000007afc                packetbuf_clear
 .text.packetbuf_copyfrom
                0x0000000000007b16       0x2e contiki-sky.a(packetbuf.o)
                0x0000000000007b16                packetbuf_copyfrom
 .text.packetbuf_attr_copyto
                0x0000000000007b44       0x20 contiki-sky.a(packetbuf.o)
                0x0000000000007b44                packetbuf_attr_copyto
 .text.packetbuf_attr_copyfrom
                0x0000000000007b64       0x22 contiki-sky.a(packetbuf.o)
                0x0000000000007b64                packetbuf_attr_copyfrom
 .text.packetbuf_holds_broadcast
                0x0000000000007b86        0xe contiki-sky.a(packetbuf.o)
                0x0000000000007b86                packetbuf_holds_broadcast
 .text.linkaddr_copy
                0x0000000000007b94        0xc contiki-sky.a(linkaddr.o)
                0x0000000000007b94                linkaddr_copy
 .text.linkaddr_cmp
                0x0000000000007ba0       0x12 contiki-sky.a(linkaddr.o)
                0x0000000000007ba0                linkaddr_cmp
 .text.linkaddr_set_node_addr
                0x0000000000007bb2        0xc contiki-sky.a(linkaddr.o)
                0x0000000000007bb2                linkaddr_set_node_addr
 .text.duty_cycle
                0x0000000000007bbe        0x6 contiki-sky.a(contikimac.o)
 .text.init     0x0000000000007bc4       0x2a contiki-sky.a(contikimac.o)
 .text.on       0x0000000000007bee       0x1a contiki-sky.a(contikimac.o)
 .text.off      0x0000000000007c08       0x22 contiki-sky.a(contikimac.o)
 .text.recv_burst_off
                0x0000000000007c2a        0xa contiki-sky.a(contikimac.o)
 .text.turn_off
                0x0000000000007c34       0x20 contiki-sky.a(contikimac.o)
 .text.turn_on  0x0000000000007c54       0x30 contiki-sky.a(contikimac.o)
 .text.schedule_powercycle_fixed.part.4
                0x0000000000007c84       0x36 contiki-sky.a(contikimac.o)
 .text.powercycle_turn_radio_off
                0x0000000000007cba       0x30 contiki-sky.a(contikimac.o)
 .text.powercycle
                0x0000000000007cea      0x1d2 contiki-sky.a(contikimac.o)
 .text.input_packet
                0x0000000000007ebc       0xb2 contiki-sky.a(contikimac.o)
 .text.send_packet.isra.7
                0x0000000000007f6e      0x1ec contiki-sky.a(contikimac.o)
 .text.qsend_list
                0x000000000000815a       0xc4 contiki-sky.a(contikimac.o)
 .text.qsend_packet
                0x000000000000821e       0x28 contiki-sky.a(contikimac.o)
 .text.hdr_length
                0x0000000000008246        0x8 contiki-sky.a(contikimac-fram)
 .text.parse    0x000000000000824e       0x3e contiki-sky.a(contikimac-fram)
 .text.create   0x000000000000828c       0x2a contiki-sky.a(contikimac-fram)
 .text.create_and_secure
                0x00000000000082b6       0x6a contiki-sky.a(contikimac-fram)
 .text.bootstrap
                0x0000000000008320        0x4 contiki-sky.a(nullsec.o)
 .text.send     0x0000000000008324        0xa contiki-sky.a(nullsec.o)
 .text.on_frame_created
                0x000000000000832e        0x4 contiki-sky.a(nullsec.o)
 .text.input    0x0000000000008332        0x6 contiki-sky.a(nullsec.o)
 .text.get_overhead
                0x0000000000008338        0x4 contiki-sky.a(nullsec.o)
 .text.spi_init
                0x000000000000833c       0x32 contiki-sky.a(spi.o)
                0x000000000000833c                spi_init
 .text.adv_packet_sent
                0x000000000000836e        0x2 contiki-sky.a(broadcast-annou)
 .text.adv_packet_received
                0x0000000000008370       0x66 contiki-sky.a(broadcast-annou)
 .text.set_timers
                0x00000000000083d6       0x4a contiki-sky.a(broadcast-annou)
 .text.send_timer
                0x0000000000008420       0x36 contiki-sky.a(broadcast-annou)
 .text.new_announcement
                0x0000000000008456       0x18 contiki-sky.a(broadcast-annou)
 .text.send_adv
                0x000000000000846e       0x66 contiki-sky.a(broadcast-annou)
 .text.broadcast_announcement_init
                0x00000000000084d4       0x48 contiki-sky.a(broadcast-annou)
                0x00000000000084d4                broadcast_announcement_init
 .text.abc_open
                0x000000000000851c       0x26 contiki-sky.a(abc.o)
                0x000000000000851c                abc_open
 .text.abc_close
                0x0000000000008542        0x6 contiki-sky.a(abc.o)
                0x0000000000008542                abc_close
 .text.abc_send
                0x0000000000008548        0x6 contiki-sky.a(abc.o)
                0x0000000000008548                abc_send
 .text.abc_input
                0x000000000000854e        0xe contiki-sky.a(abc.o)
                0x000000000000854e                abc_input
 .text.abc_sent
                0x000000000000855c       0x10 contiki-sky.a(abc.o)
                0x000000000000855c                abc_sent
 .text.channel_init
                0x000000000000856c        0xa contiki-sky.a(channel.o)
                0x000000000000856c                channel_init
 .text.channel_open
                0x0000000000008576       0x10 contiki-sky.a(channel.o)
                0x0000000000008576                channel_open
 .text.channel_close
                0x0000000000008586        0xc contiki-sky.a(channel.o)
                0x0000000000008586                channel_close
 .text.channel_lookup
                0x0000000000008592       0x20 contiki-sky.a(channel.o)
                0x0000000000008592                channel_lookup
 .text.channel_set_attributes
                0x00000000000085b2       0x24 contiki-sky.a(channel.o)
                0x00000000000085b2                channel_set_attributes
 .text.chameleon_init
                0x00000000000085d6        0x6 contiki-sky.a(chameleon.o)
                0x00000000000085d6                chameleon_init
 .text.chameleon_parse
                0x00000000000085dc       0x10 contiki-sky.a(chameleon.o)
                0x00000000000085dc                chameleon_parse
 .text.chameleon_create
                0x00000000000085ec       0x1c contiki-sky.a(chameleon.o)
                0x00000000000085ec                chameleon_create
 .text.chameleon_hdrsize
                0x0000000000008608        0x6 contiki-sky.a(chameleon.o)
                0x0000000000008608                chameleon_hdrsize
 .text.mac_sequence_is_duplicate
                0x000000000000860e       0x3c contiki-sky.a(mac-sequence.o)
                0x000000000000860e                mac_sequence_is_duplicate
 .text.mac_sequence_register_seqno
                0x000000000000864a       0x64 contiki-sky.a(mac-sequence.o)
                0x000000000000864a                mac_sequence_register_seqno
 .text.parse    0x00000000000086ae       0x9e contiki-sky.a(framer-802154.o)
 .text.create_frame.isra.0
                0x000000000000874c      0x104 contiki-sky.a(framer-802154.o)
 .text.create   0x0000000000008850        0x8 contiki-sky.a(framer-802154.o)
 .text.hdr_length
                0x0000000000008858        0x8 contiki-sky.a(framer-802154.o)
 .text.field_len
                0x0000000000008860       0x98 contiki-sky.a(frame802154.o)
 .text.frame802154_hdrlen
                0x00000000000088f8       0x2e contiki-sky.a(frame802154.o)
                0x00000000000088f8                frame802154_hdrlen
 .text.frame802154_create
                0x0000000000008926      0x146 contiki-sky.a(frame802154.o)
                0x0000000000008926                frame802154_create
 .text.frame802154_parse
                0x0000000000008a6c      0x1da contiki-sky.a(frame802154.o)
                0x0000000000008a6c                frame802154_parse
 .text.framer_canonical_create_and_secure
                0x0000000000008c46       0x20 contiki-sky.a(framer.o)
                0x0000000000008c46                framer_canonical_create_and_secure
 .text.header_size
                0x0000000000008c66       0x16 contiki-sky.a(chameleon-bitop)
 .text.get_bits_in_byte
                0x0000000000008c7c       0x3a contiki-sky.a(chameleon-bitop)
                0x0000000000008c7c                get_bits_in_byte
 .text.get_bits
                0x0000000000008cb6       0xa4 contiki-sky.a(chameleon-bitop)
                0x0000000000008cb6                get_bits
 .text.unpack_header
                0x0000000000008d5a       0xd6 contiki-sky.a(chameleon-bitop)
 .text.set_bits_in_byte
                0x0000000000008e30       0x2c contiki-sky.a(chameleon-bitop)
                0x0000000000008e30                set_bits_in_byte
 .text.set_bits
                0x0000000000008e5c       0xd2 contiki-sky.a(chameleon-bitop)
                0x0000000000008e5c                set_bits
 .text.pack_header
                0x0000000000008f2e       0xbc contiki-sky.a(chameleon-bitop)
 .text          0x0000000000008fea      0x352 /usr/lib/gcc/msp430/4.6.3/../../../../msp430/lib/mmpy-16/libm.a(ef_exp.o)
                0x0000000000008fea                __ieee754_expf
                0x0000000000009336                expf
 .text.libgcc   0x000000000000933c       0x2c /usr/lib/gcc/msp430/4.6.3/mmpy-16/libgcc.a(_mulsi3.o)
                0x000000000000933c                __mulsi3
 .text.libgcc   0x0000000000009368       0x22 /usr/lib/gcc/msp430/4.6.3/mmpy-16/libgcc.a(_udivmod16.o)
                0x0000000000009368                __udivhi3
                0x0000000000009368                __ext_udivmod16
                0x0000000000009382                __umodhi3
 .text.libgcc   0x000000000000938a       0x40 /usr/lib/gcc/msp430/4.6.3/mmpy-16/libgcc.a(_udivmod32.o)
                0x000000000000938a                __udivsi3
                0x000000000000938a                __ext_udivmod32
                0x00000000000093c0                __umodsi3
 .text          0x00000000000093ca       0x42 /usr/lib/gcc/msp430/4.6.3/mmpy-16/libgcc.a(_fixunssfsi.o)
                0x00000000000093ca                __fixunssfsi
 .text          0x000000000000940c      0x32e /usr/lib/gcc/msp430/4.6.3/mmpy-16/libgcc.a(_addsub_sf.o)
                0x000000000000969e                __addsf3
                0x00000000000096ea                __subsf3
 .text          0x000000000000973a      0x224 /usr/lib/gcc/msp430/4.6.3/mmpy-16/libgcc.a(_mul_sf.o)
                0x000000000000973a                __mulsf3
 .text          0x000000000000995e      0x150 /usr/lib/gcc/msp430/4.6.3/mmpy-16/libgcc.a(_div_sf.o)
                0x000000000000995e                __divsf3
 .text          0x0000000000009aae       0x50 /usr/lib/gcc/msp430/4.6.3/mmpy-16/libgcc.a(_gt_sf.o)
                0x0000000000009aae                __gtsf2
 .text          0x0000000000009afe       0x50 /usr/lib/gcc/msp430/4.6.3/mmpy-16/libgcc.a(_ge_sf.o)
                0x0000000000009afe                __gesf2
 .text          0x0000000000009b4e       0x50 /usr/lib/gcc/msp430/4.6.3/mmpy-16/libgcc.a(_lt_sf.o)
                0x0000000000009b4e                __ltsf2
 .text          0x0000000000009b9e       0xa6 /usr/lib/gcc/msp430/4.6.3/mmpy-16/libgcc.a(_si_to_sf.o)
                0x0000000000009b9e                __floatsisf
 .text          0x0000000000009c44       0x90 /usr/lib/gcc/msp430/4.6.3/mmpy-16/libgcc.a(_sf_to_si.o)
                0x0000000000009c44                __fixsfsi
 .text          0x0000000000009cd4       0xe2 /usr/lib/gcc/msp430/4.6.3/mmpy-16/libgcc.a(_usi_to_sf.o)
                0x0000000000009cd4                __floatunsisf
 .text          0x0000000000009db6       0x72 /usr/lib/gcc/msp430/4.6.3/mmpy-16/libgcc.a(_clzsi2.o)
                0x0000000000009db6                __clzsi2
 .text          0x0000000000009e28      0x1de /usr/lib/gcc/msp430/4.6.3/mmpy-16/libgcc.a(_pack_sf.o)
                0x0000000000009e28                __pack_f
 .text          0x000000000000a006      0x124 /usr/lib/gcc/msp430/4.6.3/mmpy-16/libgcc.a(_unpack_sf.o)
                0x000000000000a006                __unpack_f
 .text          0x000000000000a12a       0xa4 /usr/lib/gcc/msp430/4.6.3/mmpy-16/libgcc.a(_fpcmp_parts_sf.o)
                0x000000000000a12a                __fpcmp_parts_f
 .text          0x000000000000a1ce       0x20 /usr/lib/gcc/msp430/4.6.3/../../../../msp430/lib/mmpy-16/libc.a(memcmp.o)
                0x000000000000a1ce                memcmp
 .text          0x000000000000a1ee       0xfa /usr/lib/gcc/msp430/4.6.3/../../../../msp430/lib/mmpy-16/libc.a(memcpy.o)
                0x000000000000a1ee                memcpy
 .text          0x000000000000a2e8       0x6a /usr/lib/gcc/msp430/4.6.3/../../../../msp430/lib/mmpy-16/libc.a(memset.o)
                0x000000000000a2e8                memset
 .text          0x000000000000a352       0x1e /usr/lib/gcc/msp430/4.6.3/../../../../msp430/lib/mmpy-16/libc.a(printf.o)
                0x000000000000a352                printf
                0x000000000000a362                vprintf
 .text          0x000000000000a370      0x836 /usr/lib/gcc/msp430/4.6.3/../../../../msp430/lib/mmpy-16/libc.a(vuprintf.o)
                0x000000000000a508                vuprintf
 .text          0x000000000000aba6       0x2c /usr/lib/gcc/msp430/4.6.3/../../../../msp430/lib/mmpy-16/libc.a(puts.o)
                0x000000000000aba6                puts
 .text          0x000000000000abd2       0x54 /usr/lib/gcc/msp430/4.6.3/../../../../msp430/lib/mmpy-16/libc.a(rand.o)
                0x000000000000abd2                rand_r
                0x000000000000abf6                rand
                0x000000000000ac1c                srand
 .text.libgcc   0x000000000000ac26       0xf0 /usr/lib/gcc/msp430/4.6.3/mmpy-16/libgcc.a(_udivmod64.o)
                0x000000000000ac26                __xabi_udivmod64
                0x000000000000ac84                __udivdi3
                0x000000000000acaa                __umoddi3
                0x000000000000acd8                __udivmoddi4
 .text.crt0     0x000000000000ad16        0x2 /usr/lib/gcc/msp430/4.6.3/mmpy-16/libcrt0.a(_unexpected_.o)
                0x000000000000ad16                _unexpected_
                0x000000000000ad18                . = ALIGN (0x2)

.rodata         0x000000000000ad18      0x718
                0x000000000000ad18                . = ALIGN (0x2)
 *(.rodata .rodata.* .gnu.linkonce.r.*)
 .rodata        0x000000000000ad18       0x64 example-powertrace.co
                0x000000000000ad62                autostart_processes
 .rodata        0x000000000000ad7c       0xdb obj_sky/contiki-sky-main.o
 .rodata        0x000000000000ae57      0x392 contiki-sky.a(powertrace.o)
 *fill*         0x000000000000b1e9        0x1 00
 .rodata        0x000000000000b1ea       0x10 contiki-sky.a(button-sensor.o)
                0x000000000000b1f2                button_sensor
 .rodata        0x000000000000b1fa        0x8 contiki-sky.a(sensors.o)
 .rodata        0x000000000000b202       0x5a contiki-sky.a(cc2420.o)
                0x000000000000b21e                cc2420_aes_128_driver
                0x000000000000b222                cc2420_driver
 .rodata        0x000000000000b25c        0xf contiki-sky.a(ctimer.o)
 .rodata        0x000000000000b26b        0xc contiki-sky.a(etimer.o)
 .rodata        0x000000000000b277        0xe contiki-sky.a(serial-line.o)
 *fill*         0x000000000000b285        0x1 00
 .rodata        0x000000000000b286        0x8 contiki-sky.a(broadcast.o)
 .rodata        0x000000000000b28e        0xc contiki-sky.a(rime.o)
                0x000000000000b294                rime_driver
 .rodata        0x000000000000b29a       0x14 contiki-sky.a(csma.o)
                0x000000000000b2a0                csma_driver
 .rodata        0x000000000000b2ae        0x2 contiki-sky.a(linkaddr.o)
                0x000000000000b2ae                linkaddr_null
 .rodata        0x000000000000b2b0       0x1c contiki-sky.a(contikimac.o)
                0x000000000000b2bc                contikimac_driver
 .rodata        0x000000000000b2cc        0x8 contiki-sky.a(contikimac-fram)
                0x000000000000b2cc                contikimac_framer
 .rodata        0x000000000000b2d4       0x14 contiki-sky.a(nullsec.o)
                0x000000000000b2dc                nullsec_driver
 .rodata        0x000000000000b2e8        0x4 contiki-sky.a(broadcast-annou)
 .rodata        0x000000000000b2ec        0x2 contiki-sky.a(abc.o)
 .rodata        0x000000000000b2ee        0x8 contiki-sky.a(framer-802154.o)
                0x000000000000b2ee                framer_802154
 .rodata        0x000000000000b2f6        0x2 contiki-sky.a(frame802154.o)
 .rodata        0x000000000000b2f8       0x10 contiki-sky.a(chameleon-bitop)
                0x000000000000b2f8                chameleon_bitopt
 .rodata        0x000000000000b308       0x18 /usr/lib/gcc/msp430/4.6.3/../../../../msp430/lib/mmpy-16/libm.a(ef_exp.o)
 .rodata        0x000000000000b320        0x8 /usr/lib/gcc/msp430/4.6.3/mmpy-16/libgcc.a(_thenan_sf.o)
                0x000000000000b320                __thenan_sf
 .rodata        0x000000000000b328      0x100 /usr/lib/gcc/msp430/4.6.3/mmpy-16/libgcc.a(_clz.o)
                0x000000000000b328                __clz_tab
 .rodata        0x000000000000b428        0x7 /usr/lib/gcc/msp430/4.6.3/../../../../msp430/lib/mmpy-16/libc.a(vuprintf.o)
                0x000000000000b430                . = ALIGN (0x2)
 *fill*         0x000000000000b42f        0x1 00
                0x000000000000b430                _etext = .

.data           0x0000000000001100       0xa4 load address 0x000000000000b430
                0x0000000000001100                . = ALIGN (0x2)
                0x0000000000001100                PROVIDE (__data_start, .)
 *(.data .data.* .gnu.linkonce.d.*)
 .data          0x0000000000001100       0x12 example-powertrace.co
                0x0000000000001100                variation
                0x0000000000001102                fixed_perc_energy
                0x0000000000001106                seconds
                0x0000000000001108                example_broadcast_process
 .data          0x0000000000001112       0x2e contiki-sky.a(powertrace.o)
                0x0000000000001112                i_energyStt
                0x0000000000001122                powertrace_process
 .data          0x0000000000001140        0x4 contiki-sky.a(contiki-sky-pla)
                0x0000000000001140                sensors
 .data          0x0000000000001144        0xa contiki-sky.a(sensors.o)
                0x0000000000001144                sensors_process
 .data          0x000000000000114e        0xa contiki-sky.a(cc2420.o)
                0x000000000000114e                cc2420_process
 .data          0x0000000000001158        0x2 contiki-sky.a(msp430.o)
 .data          0x000000000000115a        0xa contiki-sky.a(ctimer.o)
                0x000000000000115a                ctimer_process
 .data          0x0000000000001164        0xa contiki-sky.a(etimer.o)
                0x0000000000001164                etimer_process
 .data          0x000000000000116e        0xa contiki-sky.a(serial-line.o)
                0x000000000000116e                serial_line_process
 .data          0x0000000000001178       0x18 contiki-sky.a(csma.o)
 .data          0x0000000000001190       0x10 contiki-sky.a(queuebuf.o)
 .data          0x00000000000011a0        0x4 /usr/lib/gcc/msp430/4.6.3/../../../../msp430/lib/mmpy-16/libc.a(rand.o)
                0x00000000000011a4                . = ALIGN (0x2)
                0x00000000000011a4                _edata = .
                0x000000000000b430                PROVIDE (__data_load_start, LOADADDR (.data))
                0x00000000000000a4                PROVIDE (__data_size, SIZEOF (.data))

.bss            0x00000000000011a4     0x1508 load address 0x000000000000b4d4
                0x00000000000011a4                PROVIDE (__bss_start, .)
 *(.bss .bss.*)
 .bss           0x00000000000011a4       0x18 example-powertrace.co
 .bss           0x00000000000011bc        0xc obj_sky/contiki-sky-main.o
 .bss           0x00000000000011c8      0x308 contiki-sky.a(powertrace.o)
                0x00000000000011c8                periodic_consumption
                0x00000000000011cc                total_consumption
                0x00000000000011d0                timer_couter
 .bss           0x00000000000014d0        0x8 contiki-sky.a(button-sensor.o)
 .bss           0x00000000000014d8        0x2 contiki-sky.a(node-id.o)
                0x00000000000014d8                node_id
 .bss           0x00000000000014da        0x6 contiki-sky.a(sensors.o)
 .bss           0x00000000000014e0        0x8 contiki-sky.a(cc2420.o)
 .bss           0x00000000000014e8       0x9a contiki-sky.a(uart1.o)
 .bss           0x0000000000001582        0xa contiki-sky.a(clock.o)
 .bss           0x000000000000158c        0x1 contiki-sky.a(leds.o)
 *fill*         0x000000000000158d        0x1 00
 .bss           0x000000000000158e        0x2 contiki-sky.a(watchdog.o)
 .bss           0x0000000000001590        0x4 contiki-sky.a(ctimer.o)
 .bss           0x0000000000001594        0x6 contiki-sky.a(etimer.o)
 .bss           0x000000000000159a        0x8 contiki-sky.a(compower.o)
 .bss           0x00000000000015a2       0x42 contiki-sky.a(process.o)
                0x00000000000015a2                process_current
                0x00000000000015a4                process_list
 .bss           0x00000000000015e4        0x2 contiki-sky.a(rtimer.o)
 .bss           0x00000000000015e6      0x10a contiki-sky.a(serial-line.o)
 .bss           0x00000000000016f0        0x2 contiki-sky.a(rime.o)
 .bss           0x00000000000016f2        0x6 contiki-sky.a(announcement.o)
 .bss           0x00000000000016f8      0x128 contiki-sky.a(csma.o)
 .bss           0x0000000000001820      0xc20 contiki-sky.a(queuebuf.o)
 .bss           0x0000000000002440       0xb8 contiki-sky.a(packetbuf.o)
 .bss           0x00000000000024f8       0x32 contiki-sky.a(contikimac.o)
 .bss           0x000000000000252a       0x46 contiki-sky.a(broadcast-annou)
 .bss           0x0000000000002570        0x2 contiki-sky.a(channel.o)
 .bss           0x0000000000002572       0x40 contiki-sky.a(mac-sequence.o)
 .bss           0x00000000000025b2        0x2 contiki-sky.a(framer-802154.o)
 *(COMMON)
 COMMON         0x00000000000025b4       0x3c contiki-sky.a(powertrace.o)
                0x00000000000025b4                batt
                0x00000000000025d4                btt_interval_min
                0x00000000000025d6                stats_com
                0x00000000000025ee                btt_interval_sec
 COMMON         0x00000000000025f0        0x2 contiki-sky.a(contiki-sky-pla)
                0x00000000000025f0                sensors_flags
 COMMON         0x00000000000025f2        0x8 contiki-sky.a(ds2411.o)
                0x00000000000025f2                ds2411_id
 COMMON         0x00000000000025fa        0x1 contiki-sky.a(sensors.o)
                0x00000000000025fa                sensors_event
 *fill*         0x00000000000025fb        0x1 00
 COMMON         0x00000000000025fc       0x10 contiki-sky.a(cc2420.o)
                0x00000000000025fc                cc2420_last_rssi
                0x00000000000025fe                cc2420_sfd_start_time
                0x0000000000002600                cc2420_time_of_departure
                0x0000000000002602                cc2420_time_of_arrival
                0x0000000000002604                cc2420_last_correlation
                0x0000000000002606                cc2420_authority_level_of_sender
                0x0000000000002608                cc2420_sfd_counter
                0x000000000000260a                cc2420_sfd_end_time
 COMMON         0x000000000000260c        0x2 contiki-sky.a(msp430.o)
                0x000000000000260c                msp430_dco_required
 COMMON         0x000000000000260e       0x56 contiki-sky.a(energest.o)
                0x000000000000260e                energest_total_time
                0x000000000000263e                energest_total_count
                0x0000000000002640                energest_current_mode
                0x000000000000264c                energest_current_time
 COMMON         0x0000000000002664        0x8 contiki-sky.a(compower.o)
                0x0000000000002664                compower_idle_activity
 COMMON         0x000000000000266c        0x1 contiki-sky.a(process.o)
                0x000000000000266c                process_maxevents
 COMMON         0x000000000000266d        0x1 contiki-sky.a(serial-line.o)
                0x000000000000266d                serial_line_event_message
 COMMON         0x000000000000266e       0x3c contiki-sky.a(packetbuf.o)
                0x000000000000266e                packetbuf_addrs
                0x0000000000002676                packetbuf_attrs
 COMMON         0x00000000000026aa        0x2 contiki-sky.a(linkaddr.o)
                0x00000000000026aa                linkaddr_node_addr
                0x00000000000026ac                . = ALIGN (0x2)
                0x00000000000026ac                PROVIDE (__bss_end, .)
                0x0000000000001508                PROVIDE (__bss_size, SIZEOF (.bss))

.noinit         0x00000000000026ac        0x2 load address 0x000000000000b4d4
                0x00000000000026ac                PROVIDE (__noinit_start, .)
 *(.noinit .noinit.*)
 .noinit.crt0   0x00000000000026ac        0x2 /usr/lib/gcc/msp430/4.6.3/mmpy-16/libcrt0.a(__watchdog_support.o)
                0x00000000000026ac                __wdt_clear_value
                0x00000000000026ae                . = ALIGN (0x2)
                0x00000000000026ae                PROVIDE (__noinit_end, .)
                0x00000000000026ae                . = ALIGN (0x2)
                0x00000000000026ae                _end = .

.infomem        0x0000000000001000        0x0
 *(.infomem)
                0x0000000000001000                . = ALIGN (0x2)
 *(.infomem.*)

.infomemnobits  0x0000000000001000        0x0
 *(.infomemnobits)
                0x0000000000001000                . = ALIGN (0x2)
 *(.infomemnobits.*)

.infoa
 *(.infoa .infoa.*)

.infob
 *(.infob .infob.*)

.infoc
 *(.infoc .infoc.*)

.infod
 *(.infod .infod.*)

.vectors        0x000000000000ffe0       0x20
                0x000000000000ffe0                PROVIDE (__vectors_start, .)
 *(.vectors*)
 .vectors       0x000000000000ffe0       0x20 /usr/lib/gcc/msp430/4.6.3/mmpy-16/crt0ivtbl16.o
                0x000000000000ffe0                __ivtbl_16
                0x0000000000010000                _vectors_end = .

.fartext        0x0000000000000000        0x0
                0x0000000000000000                . = ALIGN (0x2)
 *(.fartext)
                0x0000000000000000                . = ALIGN (0x2)
 *(.fartext.*)
                0x0000000000000000                _efartext = .

.profiler
 *(.profiler)

.stab           0x0000000000000000    0x1ad24
 *(.stab)
 .stab          0x0000000000000000     0x12c0 example-powertrace.co
 .stab          0x00000000000012c0     0x1074 obj_sky/contiki-sky-main.o
                                       0x17ac (size before relaxing)
 .stab          0x0000000000002334     0x1824 contiki-sky.a(powertrace.o)
                                       0x2334 (size before relaxing)
 .stab          0x0000000000003b58      0x258 contiki-sky.a(contiki-sky-pla)
                                        0x5b8 (size before relaxing)
 .stab          0x0000000000003db0      0x468 contiki-sky.a(button-sensor.o)
                                        0x7d4 (size before relaxing)
 .stab          0x0000000000004218      0x624 contiki-sky.a(ds2411.o)
                                        0xb40 (size before relaxing)
 .stab          0x000000000000483c      0xa38 contiki-sky.a(xmem.o)
                                        0xf60 (size before relaxing)
 .stab          0x0000000000005274      0x2b8 contiki-sky.a(node-id.o)
                                        0x4e0 (size before relaxing)
 .stab          0x000000000000552c      0x654 contiki-sky.a(sensors.o)
                                        0xb70 (size before relaxing)
 .stab          0x0000000000005b80     0x234c contiki-sky.a(cc2420.o)
                                       0x2cc4 (size before relaxing)
 .stab          0x0000000000007ecc      0x9b4 contiki-sky.a(cc2420-arch.o)
                                       0x1404 (size before relaxing)
 .stab          0x0000000000008880      0x60c contiki-sky.a(uart1.o)
                                        0x960 (size before relaxing)
 .stab          0x0000000000008e8c      0x27c contiki-sky.a(uart1-putchar.o)
                                        0x7bc (size before relaxing)
 .stab          0x0000000000009108      0x744 contiki-sky.a(msp430.o)
                                        0xa98 (size before relaxing)
 .stab          0x000000000000984c      0x948 contiki-sky.a(clock.o)
                                        0xc9c (size before relaxing)
 .stab          0x000000000000a194      0x5dc contiki-sky.a(leds.o)
                                        0x828 (size before relaxing)
 .stab          0x000000000000a770      0x3a8 contiki-sky.a(leds-arch.o)
                                        0x6fc (size before relaxing)
 .stab          0x000000000000ab18      0x3fc contiki-sky.a(watchdog.o)
                                        0x750 (size before relaxing)
 .stab          0x000000000000af14      0x3cc contiki-sky.a(rtimer-arch.o)
                                        0x720 (size before relaxing)
 .stab          0x000000000000b2e0      0x294 contiki-sky.a(autostart.o)
                                        0x534 (size before relaxing)
 .stab          0x000000000000b574      0x474 contiki-sky.a(energest.o)
                                        0x6fc (size before relaxing)
 .stab          0x000000000000b9e8      0x7a4 contiki-sky.a(ctimer.o)
                                        0xb10 (size before relaxing)
 .stab          0x000000000000c18c      0xa38 contiki-sky.a(etimer.o)
                                        0xd08 (size before relaxing)
 .stab          0x000000000000cbc4      0x588 contiki-sky.a(compower.o)
                                        0xd20 (size before relaxing)
 .stab          0x000000000000d14c      0xb7c contiki-sky.a(process.o)
                                       0x1014 (size before relaxing)
 .stab          0x000000000000dcc8      0x3a8 contiki-sky.a(rtimer.o)
                                        0x6c0 (size before relaxing)
 .stab          0x000000000000e070      0x354 contiki-sky.a(timer.o)
                                        0x594 (size before relaxing)
 .stab          0x000000000000e3c4      0x534 contiki-sky.a(serial-line.o)
                                        0xa50 (size before relaxing)
 .stab          0x000000000000e8f8      0x7f8 contiki-sky.a(list.o)
                                        0x804 (size before relaxing)
 .stab          0x000000000000f0f0      0x5c4 contiki-sky.a(memb.o)
                                        0xaf8 (size before relaxing)
 .stab          0x000000000000f6b4      0x24c contiki-sky.a(random.o)
                                        0x624 (size before relaxing)
 .stab          0x000000000000f900      0x3fc contiki-sky.a(ringbuf.o)
                                        0x63c (size before relaxing)
 .stab          0x000000000000fcfc      0x6d8 contiki-sky.a(broadcast.o)
                                       0x150c (size before relaxing)
 .stab          0x00000000000103d4      0xcd8 contiki-sky.a(rime.o)
                                       0x141c (size before relaxing)
 .stab          0x00000000000110ac      0x6e4 contiki-sky.a(announcement.o)
                                        0x984 (size before relaxing)
 .stab          0x0000000000011790      0xe04 contiki-sky.a(csma.o)
                                       0x15b4 (size before relaxing)
 .stab          0x0000000000012594      0x1f8 contiki-sky.a(mac.o)
                                        0x4ec (size before relaxing)
 .stab          0x000000000001278c      0xa5c contiki-sky.a(queuebuf.o)
                                       0x1890 (size before relaxing)
 .stab          0x00000000000131e8      0xda4 contiki-sky.a(packetbuf.o)
                                       0x1bf0 (size before relaxing)
 .stab          0x0000000000013f8c      0x2c4 contiki-sky.a(linkaddr.o)
                                        0x6c0 (size before relaxing)
 .stab          0x0000000000014250     0x1698 contiki-sky.a(contikimac.o)
                                       0x22f8 (size before relaxing)
 .stab          0x00000000000158e8      0x6e4 contiki-sky.a(contikimac-fram)
                                        0xf24 (size before relaxing)
 .stab          0x0000000000015fcc      0x6a8 contiki-sky.a(nullsec.o)
                                        0xda4 (size before relaxing)
 .stab          0x0000000000016674      0x204 contiki-sky.a(spi.o)
                                        0x42c (size before relaxing)
 .stab          0x0000000000016878      0x948 contiki-sky.a(broadcast-annou)
                                       0x15c0 (size before relaxing)
 .stab          0x00000000000171c0      0x66c contiki-sky.a(abc.o)
                                       0x14a0 (size before relaxing)
 .stab          0x000000000001782c      0x678 contiki-sky.a(channel.o)
                                       0x129c (size before relaxing)
 .stab          0x0000000000017ea4      0x594 contiki-sky.a(chameleon.o)
                                       0x123c (size before relaxing)
 .stab          0x0000000000018438      0x600 contiki-sky.a(mac-sequence.o)
                                       0x144c (size before relaxing)
 .stab          0x0000000000018a38      0x930 contiki-sky.a(framer-802154.o)
                                        0xf6c (size before relaxing)
 .stab          0x0000000000019368      0x924 contiki-sky.a(frame802154.o)
                                       0x10f8 (size before relaxing)
 .stab          0x0000000000019c8c      0x318 contiki-sky.a(framer.o)
                                        0xc54 (size before relaxing)
 .stab          0x0000000000019fa4      0xd80 contiki-sky.a(chameleon-bitop)
                                       0x19f8 (size before relaxing)

.stabstr        0x0000000000000000    0x17091
 *(.stabstr)
 .stabstr       0x0000000000000000    0x17091 example-powertrace.co

.stab.excl
 *(.stab.excl)

.stab.exclstr
 *(.stab.exclstr)

.stab.index
 *(.stab.index)

.stab.indexstr
 *(.stab.indexstr)

.comment
 *(.comment)

.debug
 *(.debug)

.line
 *(.line)

.debug_srcinfo
 *(.debug_srcinfo)

.debug_sfnames
 *(.debug_sfnames)

.debug_aranges  0x0000000000000000      0x294
 *(.debug_aranges)
 .debug_aranges
                0x0000000000000000       0x14 /usr/lib/gcc/msp430/4.6.3/../../../../msp430/lib/mmpy-16/libm.a(ef_exp.o)
 .debug_aranges
                0x0000000000000014       0x14 /usr/lib/gcc/msp430/4.6.3/mmpy-16/libgcc.a(_mulsi3.o)
 .debug_aranges
                0x0000000000000028       0x14 /usr/lib/gcc/msp430/4.6.3/mmpy-16/libgcc.a(_udivmod16.o)
 .debug_aranges
                0x000000000000003c       0x14 /usr/lib/gcc/msp430/4.6.3/mmpy-16/libgcc.a(_udivmod32.o)
 .debug_aranges
                0x0000000000000050       0x14 /usr/lib/gcc/msp430/4.6.3/mmpy-16/libgcc.a(_fixunssfsi.o)
 .debug_aranges
                0x0000000000000064       0x14 /usr/lib/gcc/msp430/4.6.3/mmpy-16/libgcc.a(_addsub_sf.o)
 .debug_aranges
                0x0000000000000078       0x14 /usr/lib/gcc/msp430/4.6.3/mmpy-16/libgcc.a(_mul_sf.o)
 .debug_aranges
                0x000000000000008c       0x14 /usr/lib/gcc/msp430/4.6.3/mmpy-16/libgcc.a(_div_sf.o)
 .debug_aranges
                0x00000000000000a0       0x14 /usr/lib/gcc/msp430/4.6.3/mmpy-16/libgcc.a(_gt_sf.o)
 .debug_aranges
                0x00000000000000b4       0x14 /usr/lib/gcc/msp430/4.6.3/mmpy-16/libgcc.a(_ge_sf.o)
 .debug_aranges
                0x00000000000000c8       0x14 /usr/lib/gcc/msp430/4.6.3/mmpy-16/libgcc.a(_lt_sf.o)
 .debug_aranges
                0x00000000000000dc       0x14 /usr/lib/gcc/msp430/4.6.3/mmpy-16/libgcc.a(_si_to_sf.o)
 .debug_aranges
                0x00000000000000f0       0x14 /usr/lib/gcc/msp430/4.6.3/mmpy-16/libgcc.a(_sf_to_si.o)
 .debug_aranges
                0x0000000000000104       0x14 /usr/lib/gcc/msp430/4.6.3/mmpy-16/libgcc.a(_usi_to_sf.o)
 .debug_aranges
                0x0000000000000118       0x14 /usr/lib/gcc/msp430/4.6.3/mmpy-16/libgcc.a(_clzsi2.o)
 .debug_aranges
                0x000000000000012c       0x14 /usr/lib/gcc/msp430/4.6.3/mmpy-16/libgcc.a(_pack_sf.o)
 .debug_aranges
                0x0000000000000140       0x14 /usr/lib/gcc/msp430/4.6.3/mmpy-16/libgcc.a(_unpack_sf.o)
 .debug_aranges
                0x0000000000000154       0x14 /usr/lib/gcc/msp430/4.6.3/mmpy-16/libgcc.a(_fpcmp_parts_sf.o)
 .debug_aranges
                0x0000000000000168       0x14 /usr/lib/gcc/msp430/4.6.3/../../../../msp430/lib/mmpy-16/libc.a(strncmp.o)
 .debug_aranges
                0x000000000000017c       0x14 /usr/lib/gcc/msp430/4.6.3/../../../../msp430/lib/mmpy-16/libc.a(memcmp.o)
 .debug_aranges
                0x0000000000000190       0x14 /usr/lib/gcc/msp430/4.6.3/../../../../msp430/lib/mmpy-16/libc.a(memcpy.o)
 .debug_aranges
                0x00000000000001a4       0x14 /usr/lib/gcc/msp430/4.6.3/../../../../msp430/lib/mmpy-16/libc.a(memset.o)
 .debug_aranges
                0x00000000000001b8       0x14 /usr/lib/gcc/msp430/4.6.3/../../../../msp430/lib/mmpy-16/libc.a(printf.o)
 .debug_aranges
                0x00000000000001cc       0x14 /usr/lib/gcc/msp430/4.6.3/../../../../msp430/lib/mmpy-16/libc.a(vuprintf.o)
 .debug_aranges
                0x00000000000001e0       0x14 /usr/lib/gcc/msp430/4.6.3/../../../../msp430/lib/mmpy-16/libc.a(puts.o)
 .debug_aranges
                0x00000000000001f4       0x14 /usr/lib/gcc/msp430/4.6.3/../../../../msp430/lib/mmpy-16/libc.a(rand.o)
 .debug_aranges
                0x0000000000000208       0x14 /usr/lib/gcc/msp430/4.6.3/mmpy-16/libgcc.a(_udivmod64.o)
 .debug_aranges
                0x000000000000021c       0x14 /usr/lib/gcc/msp430/4.6.3/mmpy-16/libcrt0.a(__watchdog_support.o)
 .debug_aranges
                0x0000000000000230       0x14 /usr/lib/gcc/msp430/4.6.3/mmpy-16/libcrt0.a(__init_stack.o)
 .debug_aranges
                0x0000000000000244       0x14 /usr/lib/gcc/msp430/4.6.3/mmpy-16/libcrt0.a(_copy_data.o)
 .debug_aranges
                0x0000000000000258       0x14 /usr/lib/gcc/msp430/4.6.3/mmpy-16/libcrt0.a(_clear_bss.o)
 .debug_aranges
                0x000000000000026c       0x14 /usr/lib/gcc/msp430/4.6.3/mmpy-16/libcrt0.a(_endless_loop__.o)
 .debug_aranges
                0x0000000000000280       0x14 /usr/lib/gcc/msp430/4.6.3/mmpy-16/libcrt0.a(_unexpected_.o)

.debug_pubnames
 *(.debug_pubnames)

.debug_info     0x0000000000000000     0x39eb
 *(.debug_info)
 .debug_info    0x0000000000000000      0x2be /usr/lib/gcc/msp430/4.6.3/../../../../msp430/lib/mmpy-16/libm.a(ef_exp.o)
 .debug_info    0x00000000000002be       0xd6 /usr/lib/gcc/msp430/4.6.3/mmpy-16/libgcc.a(_mulsi3.o)
 .debug_info    0x0000000000000394       0xd6 /usr/lib/gcc/msp430/4.6.3/mmpy-16/libgcc.a(_udivmod16.o)
 .debug_info    0x000000000000046a       0xd6 /usr/lib/gcc/msp430/4.6.3/mmpy-16/libgcc.a(_udivmod32.o)
 .debug_info    0x0000000000000540       0xb5 /usr/lib/gcc/msp430/4.6.3/mmpy-16/libgcc.a(_fixunssfsi.o)
 .debug_info    0x00000000000005f5      0x425 /usr/lib/gcc/msp430/4.6.3/mmpy-16/libgcc.a(_addsub_sf.o)
 .debug_info    0x0000000000000a1a      0x3c9 /usr/lib/gcc/msp430/4.6.3/mmpy-16/libgcc.a(_mul_sf.o)
 .debug_info    0x0000000000000de3      0x35c /usr/lib/gcc/msp430/4.6.3/mmpy-16/libgcc.a(_div_sf.o)
 .debug_info    0x000000000000113f      0x26e /usr/lib/gcc/msp430/4.6.3/mmpy-16/libgcc.a(_gt_sf.o)
 .debug_info    0x00000000000013ad      0x26e /usr/lib/gcc/msp430/4.6.3/mmpy-16/libgcc.a(_ge_sf.o)
 .debug_info    0x000000000000161b      0x26e /usr/lib/gcc/msp430/4.6.3/mmpy-16/libgcc.a(_lt_sf.o)
 .debug_info    0x0000000000001889      0x20b /usr/lib/gcc/msp430/4.6.3/mmpy-16/libgcc.a(_si_to_sf.o)
 .debug_info    0x0000000000001a94      0x289 /usr/lib/gcc/msp430/4.6.3/mmpy-16/libgcc.a(_sf_to_si.o)
 .debug_info    0x0000000000001d1d      0x144 /usr/lib/gcc/msp430/4.6.3/mmpy-16/libgcc.a(_thenan_sf.o)
 .debug_info    0x0000000000001e61      0x204 /usr/lib/gcc/msp430/4.6.3/mmpy-16/libgcc.a(_usi_to_sf.o)
 .debug_info    0x0000000000002065      0x109 /usr/lib/gcc/msp430/4.6.3/mmpy-16/libgcc.a(_clzsi2.o)
 .debug_info    0x000000000000216e      0x2b1 /usr/lib/gcc/msp430/4.6.3/mmpy-16/libgcc.a(_pack_sf.o)
 .debug_info    0x000000000000241f      0x23e /usr/lib/gcc/msp430/4.6.3/mmpy-16/libgcc.a(_unpack_sf.o)
 .debug_info    0x000000000000265d      0x1d5 /usr/lib/gcc/msp430/4.6.3/mmpy-16/libgcc.a(_fpcmp_parts_sf.o)
 .debug_info    0x0000000000002832       0xa0 /usr/lib/gcc/msp430/4.6.3/mmpy-16/libgcc.a(_clz.o)
 .debug_info    0x00000000000028d2       0xbb /usr/lib/gcc/msp430/4.6.3/../../../../msp430/lib/mmpy-16/libc.a(strncmp.o)
 .debug_info    0x000000000000298d       0xe8 /usr/lib/gcc/msp430/4.6.3/../../../../msp430/lib/mmpy-16/libc.a(memcmp.o)
 .debug_info    0x0000000000002a75      0x113 /usr/lib/gcc/msp430/4.6.3/../../../../msp430/lib/mmpy-16/libc.a(memcpy.o)
 .debug_info    0x0000000000002b88       0xfe /usr/lib/gcc/msp430/4.6.3/../../../../msp430/lib/mmpy-16/libc.a(memset.o)
 .debug_info    0x0000000000002c86      0x105 /usr/lib/gcc/msp430/4.6.3/../../../../msp430/lib/mmpy-16/libc.a(printf.o)
 .debug_info    0x0000000000002d8b      0x565 /usr/lib/gcc/msp430/4.6.3/../../../../msp430/lib/mmpy-16/libc.a(vuprintf.o)
 .debug_info    0x00000000000032f0       0x96 /usr/lib/gcc/msp430/4.6.3/../../../../msp430/lib/mmpy-16/libc.a(puts.o)
 .debug_info    0x0000000000003386      0x13f /usr/lib/gcc/msp430/4.6.3/../../../../msp430/lib/mmpy-16/libc.a(rand.o)
 .debug_info    0x00000000000034c5       0xd6 /usr/lib/gcc/msp430/4.6.3/mmpy-16/libgcc.a(_udivmod64.o)
 .debug_info    0x000000000000359b       0xb8 /usr/lib/gcc/msp430/4.6.3/mmpy-16/libcrt0.a(__watchdog_support.o)
 .debug_info    0x0000000000003653       0xb8 /usr/lib/gcc/msp430/4.6.3/mmpy-16/libcrt0.a(__init_stack.o)
 .debug_info    0x000000000000370b       0xb8 /usr/lib/gcc/msp430/4.6.3/mmpy-16/libcrt0.a(_copy_data.o)
 .debug_info    0x00000000000037c3       0xb8 /usr/lib/gcc/msp430/4.6.3/mmpy-16/libcrt0.a(_clear_bss.o)
 .debug_info    0x000000000000387b       0xb8 /usr/lib/gcc/msp430/4.6.3/mmpy-16/libcrt0.a(_endless_loop__.o)
 .debug_info    0x0000000000003933       0xb8 /usr/lib/gcc/msp430/4.6.3/mmpy-16/libcrt0.a(_unexpected_.o)
 *(.gnu.linkonce.wi.*)

.debug_abbrev   0x0000000000000000     0x1be8
 *(.debug_abbrev)
 .debug_abbrev  0x0000000000000000      0x13a /usr/lib/gcc/msp430/4.6.3/../../../../msp430/lib/mmpy-16/libm.a(ef_exp.o)
 .debug_abbrev  0x000000000000013a       0x14 /usr/lib/gcc/msp430/4.6.3/mmpy-16/libgcc.a(_mulsi3.o)
 .debug_abbrev  0x000000000000014e       0x14 /usr/lib/gcc/msp430/4.6.3/mmpy-16/libgcc.a(_udivmod16.o)
 .debug_abbrev  0x0000000000000162       0x14 /usr/lib/gcc/msp430/4.6.3/mmpy-16/libgcc.a(_udivmod32.o)
 .debug_abbrev  0x0000000000000176       0x5d /usr/lib/gcc/msp430/4.6.3/mmpy-16/libgcc.a(_fixunssfsi.o)
 .debug_abbrev  0x00000000000001d3      0x1ab /usr/lib/gcc/msp430/4.6.3/mmpy-16/libgcc.a(_addsub_sf.o)
 .debug_abbrev  0x000000000000037e      0x1d9 /usr/lib/gcc/msp430/4.6.3/mmpy-16/libgcc.a(_mul_sf.o)
 .debug_abbrev  0x0000000000000557      0x1c4 /usr/lib/gcc/msp430/4.6.3/mmpy-16/libgcc.a(_div_sf.o)
 .debug_abbrev  0x000000000000071b      0x151 /usr/lib/gcc/msp430/4.6.3/mmpy-16/libgcc.a(_gt_sf.o)
 .debug_abbrev  0x000000000000086c      0x151 /usr/lib/gcc/msp430/4.6.3/mmpy-16/libgcc.a(_ge_sf.o)
 .debug_abbrev  0x00000000000009bd      0x151 /usr/lib/gcc/msp430/4.6.3/mmpy-16/libgcc.a(_lt_sf.o)
 .debug_abbrev  0x0000000000000b0e      0x164 /usr/lib/gcc/msp430/4.6.3/mmpy-16/libgcc.a(_si_to_sf.o)
 .debug_abbrev  0x0000000000000c72      0x160 /usr/lib/gcc/msp430/4.6.3/mmpy-16/libgcc.a(_sf_to_si.o)
 .debug_abbrev  0x0000000000000dd2       0xba /usr/lib/gcc/msp430/4.6.3/mmpy-16/libgcc.a(_thenan_sf.o)
 .debug_abbrev  0x0000000000000e8c      0x173 /usr/lib/gcc/msp430/4.6.3/mmpy-16/libgcc.a(_usi_to_sf.o)
 .debug_abbrev  0x0000000000000fff       0xac /usr/lib/gcc/msp430/4.6.3/mmpy-16/libgcc.a(_clzsi2.o)
 .debug_abbrev  0x00000000000010ab      0x192 /usr/lib/gcc/msp430/4.6.3/mmpy-16/libgcc.a(_pack_sf.o)
 .debug_abbrev  0x000000000000123d      0x15a /usr/lib/gcc/msp430/4.6.3/mmpy-16/libgcc.a(_unpack_sf.o)
 .debug_abbrev  0x0000000000001397      0x10b /usr/lib/gcc/msp430/4.6.3/mmpy-16/libgcc.a(_fpcmp_parts_sf.o)
 .debug_abbrev  0x00000000000014a2       0x61 /usr/lib/gcc/msp430/4.6.3/mmpy-16/libgcc.a(_clz.o)
 .debug_abbrev  0x0000000000001503       0x7c /usr/lib/gcc/msp430/4.6.3/../../../../msp430/lib/mmpy-16/libc.a(strncmp.o)
 .debug_abbrev  0x000000000000157f       0x9b /usr/lib/gcc/msp430/4.6.3/../../../../msp430/lib/mmpy-16/libc.a(memcmp.o)
 .debug_abbrev  0x000000000000161a       0x97 /usr/lib/gcc/msp430/4.6.3/../../../../msp430/lib/mmpy-16/libc.a(memcpy.o)
 .debug_abbrev  0x00000000000016b1       0x9c /usr/lib/gcc/msp430/4.6.3/../../../../msp430/lib/mmpy-16/libc.a(memset.o)
 .debug_abbrev  0x000000000000174d       0xd0 /usr/lib/gcc/msp430/4.6.3/../../../../msp430/lib/mmpy-16/libc.a(printf.o)
 .debug_abbrev  0x000000000000181d      0x1ef /usr/lib/gcc/msp430/4.6.3/../../../../msp430/lib/mmpy-16/libc.a(vuprintf.o)
 .debug_abbrev  0x0000000000001a0c       0x60 /usr/lib/gcc/msp430/4.6.3/../../../../msp430/lib/mmpy-16/libc.a(puts.o)
 .debug_abbrev  0x0000000000001a6c       0xf0 /usr/lib/gcc/msp430/4.6.3/../../../../msp430/lib/mmpy-16/libc.a(rand.o)
 .debug_abbrev  0x0000000000001b5c       0x14 /usr/lib/gcc/msp430/4.6.3/mmpy-16/libgcc.a(_udivmod64.o)
 .debug_abbrev  0x0000000000001b70       0x14 /usr/lib/gcc/msp430/4.6.3/mmpy-16/libcrt0.a(__watchdog_support.o)
 .debug_abbrev  0x0000000000001b84       0x14 /usr/lib/gcc/msp430/4.6.3/mmpy-16/libcrt0.a(__init_stack.o)
 .debug_abbrev  0x0000000000001b98       0x14 /usr/lib/gcc/msp430/4.6.3/mmpy-16/libcrt0.a(_copy_data.o)
 .debug_abbrev  0x0000000000001bac       0x14 /usr/lib/gcc/msp430/4.6.3/mmpy-16/libcrt0.a(_clear_bss.o)
 .debug_abbrev  0x0000000000001bc0       0x14 /usr/lib/gcc/msp430/4.6.3/mmpy-16/libcrt0.a(_endless_loop__.o)
 .debug_abbrev  0x0000000000001bd4       0x14 /usr/lib/gcc/msp430/4.6.3/mmpy-16/libcrt0.a(_unexpected_.o)

.debug_line     0x0000000000000000     0x1a23
 *(.debug_line)
 .debug_line    0x0000000000000000       0xb7 /usr/lib/gcc/msp430/4.6.3/../../../../msp430/lib/mmpy-16/libm.a(ef_exp.o)
 .debug_line    0x00000000000000b7       0xa3 /usr/lib/gcc/msp430/4.6.3/mmpy-16/libgcc.a(_mulsi3.o)
 .debug_line    0x000000000000015a       0x9c /usr/lib/gcc/msp430/4.6.3/mmpy-16/libgcc.a(_udivmod16.o)
 .debug_line    0x00000000000001f6       0xab /usr/lib/gcc/msp430/4.6.3/mmpy-16/libgcc.a(_udivmod32.o)
 .debug_line    0x00000000000002a1       0x94 /usr/lib/gcc/msp430/4.6.3/mmpy-16/libgcc.a(_fixunssfsi.o)
 .debug_line    0x0000000000000335      0x13f /usr/lib/gcc/msp430/4.6.3/mmpy-16/libgcc.a(_addsub_sf.o)
 .debug_line    0x0000000000000474      0x137 /usr/lib/gcc/msp430/4.6.3/mmpy-16/libgcc.a(_mul_sf.o)
 .debug_line    0x00000000000005ab       0xf9 /usr/lib/gcc/msp430/4.6.3/mmpy-16/libgcc.a(_div_sf.o)
 .debug_line    0x00000000000006a4       0xb1 /usr/lib/gcc/msp430/4.6.3/mmpy-16/libgcc.a(_gt_sf.o)
 .debug_line    0x0000000000000755       0xb1 /usr/lib/gcc/msp430/4.6.3/mmpy-16/libgcc.a(_ge_sf.o)
 .debug_line    0x0000000000000806       0xb1 /usr/lib/gcc/msp430/4.6.3/mmpy-16/libgcc.a(_lt_sf.o)
 .debug_line    0x00000000000008b7       0xc9 /usr/lib/gcc/msp430/4.6.3/mmpy-16/libgcc.a(_si_to_sf.o)
 .debug_line    0x0000000000000980       0xbf /usr/lib/gcc/msp430/4.6.3/mmpy-16/libgcc.a(_sf_to_si.o)
 .debug_line    0x0000000000000a3f       0x94 /usr/lib/gcc/msp430/4.6.3/mmpy-16/libgcc.a(_thenan_sf.o)
 .debug_line    0x0000000000000ad3       0xc6 /usr/lib/gcc/msp430/4.6.3/mmpy-16/libgcc.a(_usi_to_sf.o)
 .debug_line    0x0000000000000b99       0xbe /usr/lib/gcc/msp430/4.6.3/mmpy-16/libgcc.a(_clzsi2.o)
 .debug_line    0x0000000000000c57      0x102 /usr/lib/gcc/msp430/4.6.3/mmpy-16/libgcc.a(_pack_sf.o)
 .debug_line    0x0000000000000d59       0xdd /usr/lib/gcc/msp430/4.6.3/mmpy-16/libgcc.a(_unpack_sf.o)
 .debug_line    0x0000000000000e36       0xe8 /usr/lib/gcc/msp430/4.6.3/mmpy-16/libgcc.a(_fpcmp_parts_sf.o)
 .debug_line    0x0000000000000f1e       0x80 /usr/lib/gcc/msp430/4.6.3/mmpy-16/libgcc.a(_clz.o)
 .debug_line    0x0000000000000f9e       0x75 /usr/lib/gcc/msp430/4.6.3/../../../../msp430/lib/mmpy-16/libc.a(strncmp.o)
 .debug_line    0x0000000000001013       0x73 /usr/lib/gcc/msp430/4.6.3/../../../../msp430/lib/mmpy-16/libc.a(memcmp.o)
 .debug_line    0x0000000000001086       0xe9 /usr/lib/gcc/msp430/4.6.3/../../../../msp430/lib/mmpy-16/libc.a(memcpy.o)
 .debug_line    0x000000000000116f       0xc8 /usr/lib/gcc/msp430/4.6.3/../../../../msp430/lib/mmpy-16/libc.a(memset.o)
 .debug_line    0x0000000000001237       0x72 /usr/lib/gcc/msp430/4.6.3/../../../../msp430/lib/mmpy-16/libc.a(printf.o)
 .debug_line    0x00000000000012a9      0x2d2 /usr/lib/gcc/msp430/4.6.3/../../../../msp430/lib/mmpy-16/libc.a(vuprintf.o)
 .debug_line    0x000000000000157b       0x4d /usr/lib/gcc/msp430/4.6.3/../../../../msp430/lib/mmpy-16/libc.a(puts.o)
 .debug_line    0x00000000000015c8       0x4f /usr/lib/gcc/msp430/4.6.3/../../../../msp430/lib/mmpy-16/libc.a(rand.o)
 .debug_line    0x0000000000001617       0xf1 /usr/lib/gcc/msp430/4.6.3/mmpy-16/libgcc.a(_udivmod64.o)
 .debug_line    0x0000000000001708       0x84 /usr/lib/gcc/msp430/4.6.3/mmpy-16/libcrt0.a(__watchdog_support.o)
 .debug_line    0x000000000000178c       0x82 /usr/lib/gcc/msp430/4.6.3/mmpy-16/libcrt0.a(__init_stack.o)
 .debug_line    0x000000000000180e       0x88 /usr/lib/gcc/msp430/4.6.3/mmpy-16/libcrt0.a(_copy_data.o)
 .debug_line    0x0000000000001896       0x88 /usr/lib/gcc/msp430/4.6.3/mmpy-16/libcrt0.a(_clear_bss.o)
 .debug_line    0x000000000000191e       0x83 /usr/lib/gcc/msp430/4.6.3/mmpy-16/libcrt0.a(_endless_loop__.o)
 .debug_line    0x00000000000019a1       0x82 /usr/lib/gcc/msp430/4.6.3/mmpy-16/libcrt0.a(_unexpected_.o)

.debug_frame    0x0000000000000000      0x4f4
 *(.debug_frame)
 .debug_frame   0x0000000000000000       0x56 /usr/lib/gcc/msp430/4.6.3/../../../../msp430/lib/mmpy-16/libm.a(ef_exp.o)
 .debug_frame   0x0000000000000056       0x28 /usr/lib/gcc/msp430/4.6.3/mmpy-16/libgcc.a(_fixunssfsi.o)
 .debug_frame   0x000000000000007e       0x6a /usr/lib/gcc/msp430/4.6.3/mmpy-16/libgcc.a(_addsub_sf.o)
 .debug_frame   0x00000000000000e8       0x4a /usr/lib/gcc/msp430/4.6.3/mmpy-16/libgcc.a(_mul_sf.o)
 .debug_frame   0x0000000000000132       0x3a /usr/lib/gcc/msp430/4.6.3/mmpy-16/libgcc.a(_div_sf.o)
 .debug_frame   0x000000000000016c       0x22 /usr/lib/gcc/msp430/4.6.3/mmpy-16/libgcc.a(_gt_sf.o)
 .debug_frame   0x000000000000018e       0x22 /usr/lib/gcc/msp430/4.6.3/mmpy-16/libgcc.a(_ge_sf.o)