Archive member included because of file (symbol)

contiki-sky.a(contiki-sky-pla)
                              obj_sky/contiki-sky-main.o (init_platform)
contiki-sky.a(button-sensor.o)
                              udp-server.co (button_sensor)
contiki-sky.a(ds2411.o)       obj_sky/contiki-sky-main.o (ds2411_init)
contiki-sky.a(xmem.o)         obj_sky/contiki-sky-main.o (xmem_init)
contiki-sky.a(node-id.o)      obj_sky/contiki-sky-main.o (node_id_restore)
contiki-sky.a(sensors.o)      udp-server.co (sensors_event)
contiki-sky.a(cc2420.o)       obj_sky/contiki-sky-main.o (cc2420_set_pan_addr)
contiki-sky.a(cc2420-arch.o)  contiki-sky.a(cc2420.o) (cc2420_arch_init)
contiki-sky.a(uart1.o)        obj_sky/contiki-sky-main.o (uart1_active)
contiki-sky.a(uart1-putchar.o)
                              udp-server.co (putchar)
contiki-sky.a(msp430.o)       contiki-sky.a(uart1.o) (msp430_add_lpm_req)
contiki-sky.a(clock.o)        obj_sky/contiki-sky-main.o (clock_init)
contiki-sky.a(leds.o)         obj_sky/contiki-sky-main.o (leds_init)
contiki-sky.a(leds-arch.o)    contiki-sky.a(leds.o) (leds_arch_init)
contiki-sky.a(watchdog.o)     obj_sky/contiki-sky-main.o (watchdog_start)
contiki-sky.a(rtimer-arch.o)  obj_sky/contiki-sky-main.o (rtimer_arch_now)
contiki-sky.a(autostart.o)    obj_sky/contiki-sky-main.o (autostart_start)
contiki-sky.a(energest.o)     obj_sky/contiki-sky-main.o (energest_init)
contiki-sky.a(ctimer.o)       obj_sky/contiki-sky-main.o (ctimer_init)
contiki-sky.a(etimer.o)       contiki-sky.a(clock.o) (etimer_request_poll)
contiki-sky.a(process.o)      udp-server.co (process_current)
contiki-sky.a(rtimer.o)       obj_sky/contiki-sky-main.o (rtimer_init)
contiki-sky.a(timer.o)        obj_sky/contiki-sky-main.o (timer_set)
contiki-sky.a(list.o)         contiki-sky.a(ctimer.o) (list_init)
contiki-sky.a(random.o)       obj_sky/contiki-sky-main.o (random_init)
contiki-sky.a(uip-ds6.o)      udp-server.co (uip_ds6_addr_lookup)
contiki-sky.a(uip-ds6-route.o)
                              contiki-sky.a(uip-ds6.o) (uip_ds6_route_init)
contiki-sky.a(uip6.o)         udp-server.co (uip_aligned_buf)
contiki-sky.a(uip-ds6-nbr.o)  contiki-sky.a(uip-ds6.o) (uip_ds6_neighbors_init)
contiki-sky.a(uip-nd6.o)      contiki-sky.a(uip6.o) (uip_nd6_init)
contiki-sky.a(sicslowpan.o)   obj_sky/contiki-sky-main.o (sicslowpan_driver)
contiki-sky.a(uip-debug.o)    udp-server.co (uip_debug_ipaddr_print)
contiki-sky.a(tcpip.o)        contiki-sky.a(sicslowpan.o) (tcpip_set_outputfunc)
contiki-sky.a(rpl-dag.o)      udp-server.co (rpl_set_prefix)
contiki-sky.a(rpl-timers.o)   contiki-sky.a(rpl-dag.o) (rpl_reset_dio_timer)
contiki-sky.a(rpl-ext-header.)
                              contiki-sky.a(uip6.o) (rpl_verify_header)
contiki-sky.a(rpl.o)          contiki-sky.a(rpl-timers.o) (rpl_get_mode)
contiki-sky.a(rpl-mrhof.o)    contiki-sky.a(rpl-dag.o) (rpl_mrhof)
contiki-sky.a(framer-802154.o)
                              contiki-sky.a(sicslowpan.o) (framer_802154)
contiki-sky.a(csma.o)         udp-server.co (csma_driver)
contiki-sky.a(frame802154.o)  contiki-sky.a(framer-802154.o) (frame802154_hdrlen)
contiki-sky.a(mac.o)          contiki-sky.a(csma.o) (mac_call_sent_callback)
contiki-sky.a(framer.o)       contiki-sky.a(framer-802154.o) (framer_canonical_create_and_secure)
contiki-sky.a(queuebuf.o)     obj_sky/contiki-sky-main.o (queuebuf_init)
contiki-sky.a(nbr-table.o)    contiki-sky.a(uip-ds6-route.o) (nbr_table_register)
contiki-sky.a(packetbuf.o)    contiki-sky.a(framer.o) (packetbuf_compact)
contiki-sky.a(linkaddr.o)     obj_sky/contiki-sky-main.o (linkaddr_copy)
contiki-sky.a(contikimac.o)   obj_sky/contiki-sky-main.o (contikimac_driver)
contiki-sky.a(nullsec.o)      obj_sky/contiki-sky-main.o (nullsec_driver)
contiki-sky.a(spi.o)          contiki-sky.a(xmem.o) (spi_init)
contiki-sky.a(stimer.o)       contiki-sky.a(uip-ds6.o) (stimer_set)
contiki-sky.a(compower.o)     contiki-sky.a(contikimac.o) (compower_accumulate)
contiki-sky.a(memb.o)         contiki-sky.a(uip-ds6-route.o) (memb_init)
contiki-sky.a(uip-icmp6.o)    contiki-sky.a(uip6.o) (uip_icmp6_input)
contiki-sky.a(rpl-icmp6.o)    contiki-sky.a(rpl-timers.o) (dis_output)
contiki-sky.a(mac-sequence.o)
                              contiki-sky.a(contikimac.o) (mac_sequence_is_duplicate)
/usr/lib/gcc/msp430/4.6.3/mmpy-16/libgcc.a(_mulsi3.o)
                              contiki-sky.a(rpl-dag.o) (__mulsi3)
/usr/lib/gcc/msp430/4.6.3/mmpy-16/libgcc.a(_udivmod16.o)
                              contiki-sky.a(rpl-dag.o) (__udivhi3)
/usr/lib/gcc/msp430/4.6.3/mmpy-16/libgcc.a(_divmod16.o)
                              contiki-sky.a(sicslowpan.o) (__divhi3)
/usr/lib/gcc/msp430/4.6.3/mmpy-16/libgcc.a(_udivmod32.o)
                              obj_sky/contiki-sky-main.o (__udivsi3)
/usr/lib/gcc/msp430/4.6.3/../../../../msp430/lib/mmpy-16/libc.a(strncmp.o)
                              contiki-sky.a(sensors.o) (strncmp)
[...]
Memory Configuration

Name             Origin             Length             Attributes
sfr              0x0000000000000000 0x0000000000000010
peripheral_8bit  0x0000000000000010 0x00000000000000f0
peripheral_16bit 0x0000000000000100 0x0000000000000100
ram_mirror       0x0000000000000200 0x0000000000000800 xw
infomem          0x0000000000001000 0x0000000000000100
infob            0x0000000000001000 0x0000000000000080
infoa            0x0000000000001080 0x0000000000000080
ram              0x0000000000001100 0x0000000000002800 xw
rom              0x0000000000004000 0x000000000000bfe0 xr
vectors          0x000000000000ffe0 0x0000000000000020
bsl              0x0000000000000000 0x0000000000000000
infoc            0x0000000000000000 0x0000000000000000
infod            0x0000000000000000 0x0000000000000000
ram2             0x0000000000000000 0x0000000000000000 xw
usbram           0x0000000000000000 0x0000000000000000 xw
far_rom          0x0000000000000000 0x0000000000000000
*default*        0x0000000000000000 0xffffffffffffffff

Linker script and memory map

LOAD /usr/lib/gcc/msp430/4.6.3/mmpy-16/crt0ivtbl16.o
LOAD udp-server.co
LOAD obj_sky/contiki-sky-main.o
LOAD contiki-sky.a
LOAD /usr/lib/gcc/msp430/4.6.3/mmpy-16/libgcc.a
LOAD /usr/lib/gcc/msp430/4.6.3/../../../../msp430/lib/mmpy-16/libc.a
LOAD /usr/lib/gcc/msp430/4.6.3/mmpy-16/libgcc.a
LOAD /usr/lib/gcc/msp430/4.6.3/mmpy-16/libcrt0.a
                0x0000000000000080                PROVIDE (__info_segment_size, 0x80)
                0x0000000000001000                PROVIDE (__infob, 0x1000)
                0x0000000000001080                PROVIDE (__infoa, 0x1080)
                0x0000000000000000                __IE1 = 0x0
                0x0000000000000002                __IFG1 = 0x2
                0x0000000000000004                __ME1 = 0x4
                0x0000000000000001                __IE2 = 0x1
                0x0000000000000003                __IFG2 = 0x3
                0x0000000000000005                __ME2 = 0x5
                0x0000000000000120                __WDTCTL = 0x120
                0x0000000000000130                __MPY = 0x130
                0x0000000000000132                __MPYS = 0x132
                0x0000000000000134                __MAC = 0x134
                0x0000000000000136                __MACS = 0x136
                0x0000000000000138                __OP2 = 0x138
                0x000000000000013a                __RESLO = 0x13a
                0x000000000000013c                __RESHI = 0x13c
                0x000000000000013e                __SUMEXT = 0x13e
                0x0000000000000020                __P1IN = 0x20
                0x0000000000000021                __P1OUT = 0x21
                0x0000000000000022                __P1DIR = 0x22
                0x0000000000000023                __P1IFG = 0x23
                0x0000000000000024                __P1IES = 0x24
                0x0000000000000025                __P1IE = 0x25
                0x0000000000000026                __P1SEL = 0x26
                0x0000000000000028                __P2IN = 0x28
                0x0000000000000029                __P2OUT = 0x29
                0x000000000000002a                __P2DIR = 0x2a
                0x000000000000002b                __P2IFG = 0x2b
                0x000000000000002c                __P2IES = 0x2c
                0x000000000000002d                __P2IE = 0x2d
                0x000000000000002e                __P2SEL = 0x2e
                0x0000000000000018                __P3IN = 0x18
                0x0000000000000019                __P3OUT = 0x19
                0x000000000000001a                __P3DIR = 0x1a
                0x000000000000001b                __P3SEL = 0x1b
                0x000000000000001c                __P4IN = 0x1c
                0x000000000000001d                __P4OUT = 0x1d
                0x000000000000001e                __P4DIR = 0x1e
                0x000000000000001f                __P4SEL = 0x1f
                0x0000000000000030                __P5IN = 0x30
                0x0000000000000031                __P5OUT = 0x31
                0x0000000000000032                __P5DIR = 0x32
                0x0000000000000033                __P5SEL = 0x33
                0x0000000000000034                __P6IN = 0x34
                0x0000000000000035                __P6OUT = 0x35
                0x0000000000000036                __P6DIR = 0x36
                0x0000000000000037                __P6SEL = 0x37
                0x0000000000000070                __U0CTL = 0x70
                0x0000000000000071                __U0TCTL = 0x71
                0x0000000000000072                __U0RCTL = 0x72
                0x0000000000000073                __U0MCTL = 0x73
                0x0000000000000074                __U0BR0 = 0x74
                0x0000000000000075                __U0BR1 = 0x75
                0x0000000000000076                __U0RXBUF = 0x76
                0x0000000000000077                __U0TXBUF = 0x77
                0x0000000000000078                __U1CTL = 0x78
                0x0000000000000079                __U1TCTL = 0x79
                0x000000000000007a                __U1RCTL = 0x7a
                0x000000000000007b                __U1MCTL = 0x7b
                0x000000000000007c                __U1BR0 = 0x7c
                0x000000000000007d                __U1BR1 = 0x7d
                0x000000000000007e                __U1RXBUF = 0x7e
                0x000000000000007f                __U1TXBUF = 0x7f
                0x0000000000000050                __I2CIE = 0x50
                0x0000000000000051                __I2CIFG = 0x51
                0x0000000000000052                __I2CNDAT = 0x52
                0x0000000000000071                __I2CTCTL = 0x71
                0x0000000000000072                __I2CDCTL = 0x72
                0x0000000000000073                __I2CPSC = 0x73
                0x0000000000000074                __I2CSCLH = 0x74
                0x0000000000000075                __I2CSCLL = 0x75
                0x0000000000000076                __I2CDRB = 0x76
                0x0000000000000076                __I2CDRW = 0x76
                0x0000000000000118                __I2COA = 0x118
                0x000000000000011a                __I2CSA = 0x11a
                0x000000000000011c                __I2CIV = 0x11c
                0x000000000000012e                __TAIV = 0x12e
                0x0000000000000160                __TACTL = 0x160
                0x0000000000000162                __TACCTL0 = 0x162
                0x0000000000000164                __TACCTL1 = 0x164
                0x0000000000000166                __TACCTL2 = 0x166
                0x0000000000000170                __TAR = 0x170
                0x0000000000000172                __TACCR0 = 0x172
                0x0000000000000174                __TACCR1 = 0x174
                0x0000000000000176                __TACCR2 = 0x176
                0x000000000000011e                __TBIV = 0x11e
                0x0000000000000180                __TBCTL = 0x180
                0x0000000000000182                __TBCCTL0 = 0x182
                0x0000000000000184                __TBCCTL1 = 0x184
                0x0000000000000186                __TBCCTL2 = 0x186
                0x0000000000000188                __TBCCTL3 = 0x188
                0x000000000000018a                __TBCCTL4 = 0x18a
                0x000000000000018c                __TBCCTL5 = 0x18c
                0x000000000000018e                __TBCCTL6 = 0x18e
                0x0000000000000190                __TBR = 0x190
                0x0000000000000192                __TBCCR0 = 0x192
                0x0000000000000194                __TBCCR1 = 0x194
                0x0000000000000196                __TBCCR2 = 0x196
                0x0000000000000198                __TBCCR3 = 0x198
                0x000000000000019a                __TBCCR4 = 0x19a
                0x000000000000019c                __TBCCR5 = 0x19c
                0x000000000000019e                __TBCCR6 = 0x19e
                0x0000000000000056                __DCOCTL = 0x56
                0x0000000000000057                __BCSCTL1 = 0x57
                0x0000000000000058                __BCSCTL2 = 0x58
                0x0000000000000055                __SVSCTL = 0x55
                0x0000000000000128                __FCTL1 = 0x128
                0x000000000000012a                __FCTL2 = 0x12a
                0x000000000000012c                __FCTL3 = 0x12c
                0x0000000000000059                __CACTL1 = 0x59
                0x000000000000005a                __CACTL2 = 0x5a
                0x000000000000005b                __CAPD = 0x5b
                0x00000000000001a0                __ADC12CTL0 = 0x1a0
                0x00000000000001a2                __ADC12CTL1 = 0x1a2
                0x00000000000001a4                __ADC12IFG = 0x1a4
                0x00000000000001a6                __ADC12IE = 0x1a6
                0x00000000000001a8                __ADC12IV = 0x1a8
                0x0000000000000140                __ADC12MEM0 = 0x140
                0x0000000000000142                __ADC12MEM1 = 0x142
                0x0000000000000144                __ADC12MEM2 = 0x144
                0x0000000000000146                __ADC12MEM3 = 0x146
                0x0000000000000148                __ADC12MEM4 = 0x148
                0x000000000000014a                __ADC12MEM5 = 0x14a
                0x000000000000014c                __ADC12MEM6 = 0x14c
                0x000000000000014e                __ADC12MEM7 = 0x14e
                0x0000000000000150                __ADC12MEM8 = 0x150
                0x0000000000000152                __ADC12MEM9 = 0x152
                0x0000000000000154                __ADC12MEM10 = 0x154
                0x0000000000000156                __ADC12MEM11 = 0x156
                0x0000000000000158                __ADC12MEM12 = 0x158
                0x000000000000015a                __ADC12MEM13 = 0x15a
                0x000000000000015c                __ADC12MEM14 = 0x15c
                0x000000000000015e                __ADC12MEM15 = 0x15e
                0x0000000000000080                __ADC12MCTL0 = 0x80
                0x0000000000000081                __ADC12MCTL1 = 0x81
                0x0000000000000082                __ADC12MCTL2 = 0x82
                0x0000000000000083                __ADC12MCTL3 = 0x83
                0x0000000000000084                __ADC12MCTL4 = 0x84
                0x0000000000000085                __ADC12MCTL5 = 0x85
                0x0000000000000086                __ADC12MCTL6 = 0x86
                0x0000000000000087                __ADC12MCTL7 = 0x87
                0x0000000000000088                __ADC12MCTL8 = 0x88
                0x0000000000000089                __ADC12MCTL9 = 0x89
                0x000000000000008a                __ADC12MCTL10 = 0x8a
                0x000000000000008b                __ADC12MCTL11 = 0x8b
                0x000000000000008c                __ADC12MCTL12 = 0x8c
                0x000000000000008d                __ADC12MCTL13 = 0x8d
                0x000000000000008e                __ADC12MCTL14 = 0x8e
                0x000000000000008f                __ADC12MCTL15 = 0x8f
                0x00000000000001c0                __DAC12_0CTL = 0x1c0
                0x00000000000001c2                __DAC12_1CTL = 0x1c2
                0x00000000000001c8                __DAC12_0DAT = 0x1c8
                0x00000000000001ca                __DAC12_1DAT = 0x1ca
                0x0000000000000122                __DMACTL0 = 0x122
                0x0000000000000124                __DMACTL1 = 0x124
                0x00000000000001e0                __DMA0CTL = 0x1e0
                0x00000000000001e8                __DMA1CTL = 0x1e8
                0x00000000000001f0                __DMA2CTL = 0x1f0
                0x00000000000001e2                __DMA0SA = 0x1e2
                0x00000000000001e4                __DMA0DA = 0x1e4
                0x00000000000001e6                __DMA0SZ = 0x1e6
                0x00000000000001ea                __DMA1SA = 0x1ea
                0x00000000000001ec                __DMA1DA = 0x1ec
                0x00000000000001ee                __DMA1SZ = 0x1ee
                0x00000000000001f2                __DMA2SA = 0x1f2
                0x00000000000001f4                __DMA2DA = 0x1f4
                0x00000000000001f6                __DMA2SZ = 0x1f6

.hash
 *(.hash)

.dynsym
 *(.dynsym)

.dynstr
 *(.dynstr)

.gnu.version
 *(.gnu.version)

.gnu.version_d
 *(.gnu.version_d)

.gnu.version_r
 *(.gnu.version_r)

.rel.init
 *(.rel.init)

.rela.init
 *(.rela.init)

.rel.fini
 *(.rel.fini)

.rela.fini
 *(.rela.fini)

.rel.text
 *(.rel.text .rel.text.* .rel.gnu.linkonce.t.*)

.rela.text
 *(.rela.text .rela.text.* .rela.gnu.linkonce.t.*)

.rel.rodata
 *(.rel.rodata .rel.rodata.* .rel.gnu.linkonce.r.*)

.rela.rodata
 *(.rela.rodata .rela.rodata.* .rela.gnu.linkonce.r.*)

.rel.data
 *(.rel.data .rel.data.* .rel.gnu.linkonce.d.*)

.rela.data
 *(.rela.data .rela.data.* .rela.gnu.linkonce.d.*)

.rel.bss
 *(.rel.bss .rel.bss.* .rel.gnu.linkonce.b.*)

.rela.bss
 *(.rela.bss .rela.bss.* .rela.gnu.linkonce.b.*)

.rel.ctors
 *(.rel.ctors)

.rela.ctors
 *(.rela.ctors)

.rel.dtors
 *(.rel.dtors)

.rela.dtors
 *(.rela.dtors)

.rel.got
 *(.rel.got)

.rela.got
 *(.rela.got)

.rel.plt
 *(.rel.plt)

.rela.plt
 *(.rela.plt)

.text           0x0000000000004000     0xa8aa
                0x0000000000004000                . = ALIGN (0x2)
 *(.init .init.*)
 *(.init0)
 .init0         0x0000000000004000        0x0 /usr/lib/gcc/msp430/4.6.3/mmpy-16/libcrt0.a(_reset_vector__.o)
                0x0000000000004000                _reset_vector__
 *(.init1)
 .init1         0x0000000000004000        0xc /usr/lib/gcc/msp430/4.6.3/mmpy-16/libcrt0.a(__watchdog_support.o)
                0x0000000000004000                __watchdog_support
 *(.init2)
 .init2         0x000000000000400c        0x4 /usr/lib/gcc/msp430/4.6.3/mmpy-16/libcrt0.a(__init_stack.o)
                0x000000000000400c                __init_stack
 *(.init3)
 .init3         0x0000000000004010        0x0 /usr/lib/gcc/msp430/4.6.3/mmpy-16/libcrt0.a(__low_level_init.o)
                0x0000000000004010                __low_level_init
 *(.init4)
 .init4         0x0000000000004010       0x18 /usr/lib/gcc/msp430/4.6.3/mmpy-16/libcrt0.a(_copy_data.o)
                0x0000000000004010                __do_copy_data
 .init4         0x0000000000004028       0x16 /usr/lib/gcc/msp430/4.6.3/mmpy-16/libcrt0.a(_clear_bss.o)
                0x0000000000004028                __do_clear_bss
 *(.init5)
 *(.init6)
 *(.init7)
 *(.init8)
 *(.init9)
 .init9         0x000000000000403e      0x2d8 obj_sky/contiki-sky-main.o
                0x000000000000403e                main
 *(.fini9)
 .fini9         0x0000000000004316        0x0 /usr/lib/gcc/msp430/4.6.3/mmpy-16/libcrt0.a(__stop_progExec__.o)
                0x0000000000004316                __stop_progExec__
 *(.fini8)
 *(.fini7)
 *(.fini6)
 *(.fini5)
 *(.fini4)
 *(.fini3)
 *(.fini2)
 *(.fini1)
 *(.fini0)
 .fini0         0x0000000000004316        0x6 /usr/lib/gcc/msp430/4.6.3/mmpy-16/libcrt0.a(_endless_loop__.o)
                0x0000000000004316                _endless_loop__
 *(.fini .fini.*)
                0x000000000000431c                . = ALIGN (0x2)
                0x000000000000431c                __ctors_start = .
 *(.ctors)
                0x000000000000431c                __ctors_end = .
                0x000000000000431c                __dtors_start = .
 *(.dtors)
                0x000000000000431c                __dtors_end = .
                0x000000000000431c                . = ALIGN (0x2)
 *(.text .text.* .gnu.linkonce.t.*)
 .text          0x000000000000431c        0x4 /usr/lib/gcc/msp430/4.6.3/mmpy-16/crt0ivtbl16.o
                0x000000000000431c                __isr_14
                0x000000000000431c                __isr_11
                0x000000000000431c                __isr_2
                0x000000000000431c                __isr_7
                0x000000000000431c                __isr_0
                0x000000000000431c                __isr_8
                0x000000000000431c                __isr_3
                0x000000000000431c                __isr_12
                0x000000000000431c                __isr_13
                0x000000000000431c                __isr_9
 .text.process_thread_udp_server_process
                0x0000000000004320      0x21a udp-server.co
 .text.start_network_layer
                0x000000000000453a       0xa2 obj_sky/contiki-sky-main.o
 .text.init_platform
                0x00000000000045dc        0xc contiki-sky.a(contiki-sky-pla)
                0x00000000000045dc                init_platform
 .text.status   0x00000000000045e8       0x16 contiki-sky.a(button-sensor.o)
 .text.configure
                0x00000000000045fe       0x52 contiki-sky.a(button-sensor.o)
 .text.value    0x0000000000004650       0x22 contiki-sky.a(button-sensor.o)
 .text.irq_p2   0x0000000000004672       0x8a contiki-sky.a(button-sensor.o)
                0x0000000000004672                irq_p2
                0x0000000000004672                __isr_1
 .text.owreadb  0x00000000000046fc       0x52 contiki-sky.a(ds2411.o)
 .text.ds2411_init
                0x000000000000474e      0x122 contiki-sky.a(ds2411.o)
                0x000000000000474e                ds2411_init
 .text.wait_ready
                0x0000000000004870       0x50 contiki-sky.a(xmem.o)
 .text.xmem_init
                0x00000000000048c0       0x3e contiki-sky.a(xmem.o)
                0x00000000000048c0                xmem_init
 .text.xmem_pread
                0x00000000000048fe       0xea contiki-sky.a(xmem.o)
                0x00000000000048fe                xmem_pread
 .text.node_id_restore
                0x00000000000049e8       0x38 contiki-sky.a(node-id.o)
                0x00000000000049e8                node_id_restore
 .text.process_thread_sensors_process
                0x0000000000004a20       0xbe contiki-sky.a(sensors.o)
 .text.sensors_changed
                0x0000000000004ade       0x2a contiki-sky.a(sensors.o)
                0x0000000000004ade                sensors_changed
 .text.get_object
                0x0000000000004b08        0x4 contiki-sky.a(cc2420.o)
 .text.set_object
                0x0000000000004b0c        0x4 contiki-sky.a(cc2420.o)
 .text.strobe   0x0000000000004b10       0x20 contiki-sky.a(cc2420.o)
 .text.getreg   0x0000000000004b30       0x54 contiki-sky.a(cc2420.o)
 .text.setreg   0x0000000000004b84       0x52 contiki-sky.a(cc2420.o)
 .text.write_ram
                0x0000000000004bd6       0x80 contiki-sky.a(cc2420.o)
 .text.write_fifo_buf
                0x0000000000004c56       0x40 contiki-sky.a(cc2420.o)
 .text.get_status
                0x0000000000004c96       0x24 contiki-sky.a(cc2420.o)
 .text.set_txpower
                0x0000000000004cba       0x26 contiki-sky.a(cc2420.o)
 .text.cc2420_receiving_packet
                0x0000000000004ce0        0xe contiki-sky.a(cc2420.o)
 .text.pending_packet
                0x0000000000004cee        0x8 contiki-sky.a(cc2420.o)
 .text.on       0x0000000000004cf6       0x1e contiki-sky.a(cc2420.o)
 .text.wait_for_transmission
                0x0000000000004d14       0x22 contiki-sky.a(cc2420.o)
 .text.wait_for_status
                0x0000000000004d36       0x2a contiki-sky.a(cc2420.o)
 .text.getrxdata
                0x0000000000004d60       0x56 contiki-sky.a(cc2420.o)
 .text.flushrx  0x0000000000004db6       0x1a contiki-sky.a(cc2420.o)
 .text.off      0x0000000000004dd0       0x5a contiki-sky.a(cc2420.o)
 .text.RELEASE_LOCK
                0x0000000000004e2a       0x28 contiki-sky.a(cc2420.o)
 .text.set_key  0x0000000000004e52       0x18 contiki-sky.a(cc2420.o)
 .text.cc2420_prepare
                0x0000000000004e6a       0x3c contiki-sky.a(cc2420.o)
 .text.cc2420_on
                0x0000000000004ea6       0x22 contiki-sky.a(cc2420.o)
                0x0000000000004ea6                cc2420_on
 .text.cc2420_off
                0x0000000000004ec8       0x30 contiki-sky.a(cc2420.o)
                0x0000000000004ec8                cc2420_off
 .text.cc2420_cca
                0x0000000000004ef8       0x5e contiki-sky.a(cc2420.o)
 .text.cc2420_read
                0x0000000000004f56       0xb0 contiki-sky.a(cc2420.o)
 .text.process_thread_cc2420_process
                0x0000000000005006       0x50 contiki-sky.a(cc2420.o)
 .text.encrypt  0x0000000000005056       0x8e contiki-sky.a(cc2420.o)
 .text.cc2420_set_channel
                0x00000000000050e4       0x3c contiki-sky.a(cc2420.o)
                0x00000000000050e4                cc2420_set_channel
 .text.cc2420_set_pan_addr
                0x0000000000005120       0x4c contiki-sky.a(cc2420.o)
                0x0000000000005120                cc2420_set_pan_addr
 .text.cc2420_interrupt
                0x000000000000516c       0x18 contiki-sky.a(cc2420.o)
                0x000000000000516c                cc2420_interrupt
 .text.cc2420_set_txpower
                0x0000000000005184        0xe contiki-sky.a(cc2420.o)
                0x0000000000005184                cc2420_set_txpower
 .text.cc2420_get_txpower
                0x0000000000005192       0x1e contiki-sky.a(cc2420.o)
                0x0000000000005192                cc2420_get_txpower
 .text.cc2420_transmit
                0x00000000000051b0      0x10e contiki-sky.a(cc2420.o)
 .text.cc2420_send
                0x00000000000052be       0x12 contiki-sky.a(cc2420.o)
 .text.cc2420_rssi
                0x00000000000052d0       0x4c contiki-sky.a(cc2420.o)
                0x00000000000052d0                cc2420_rssi
 .text.get_value
                0x000000000000531c       0xac contiki-sky.a(cc2420.o)
 .text.cc2420_set_cca_threshold
                0x00000000000053c8       0x16 contiki-sky.a(cc2420.o)
                0x00000000000053c8                cc2420_set_cca_threshold
 .text.set_value
                0x00000000000053de       0x8a contiki-sky.a(cc2420.o)
 .text.cc2420_init
                0x0000000000005468       0xde contiki-sky.a(cc2420.o)
                0x0000000000005468                cc2420_init
 .text.cc2420_port1_interrupt
                0x0000000000005546       0x62 contiki-sky.a(cc2420-arch.o)
                0x0000000000005546                __isr_4
                0x0000000000005546                cc2420_port1_interrupt
 .text.cc2420_arch_init
                0x00000000000055a8       0x1a contiki-sky.a(cc2420-arch.o)
                0x00000000000055a8                cc2420_arch_init
 .text.uart1_active
                0x00000000000055c2       0x1a contiki-sky.a(uart1.o)
                0x00000000000055c2                uart1_active
 .text.uart1_writeb
                0x00000000000055dc       0x1a contiki-sky.a(uart1.o)
                0x00000000000055dc                uart1_writeb
 .text.uart1_init
                0x00000000000055f6       0xf6 contiki-sky.a(uart1.o)
                0x00000000000055f6                uart1_init
 .text.putchar  0x00000000000056ec       0x10 contiki-sky.a(uart1-putchar.o)
                0x00000000000056ec                putchar
 .text.msp430_init_dco
                0x00000000000056fc       0x84 contiki-sky.a(msp430.o)
                0x00000000000056fc                msp430_init_dco
 .text.msp430_add_lpm_req
                0x0000000000005780        0xc contiki-sky.a(msp430.o)
                0x0000000000005780                msp430_add_lpm_req
 .text.msp430_cpu_init
                0x000000000000578c       0x2a contiki-sky.a(msp430.o)
                0x000000000000578c                msp430_cpu_init
 .text.splhigh_
                0x00000000000057b6        0x8 contiki-sky.a(msp430.o)
                0x00000000000057b6                splhigh_
 .text.msp430_sync_dco
                0x00000000000057be       0x68 contiki-sky.a(msp430.o)
                0x00000000000057be                msp430_sync_dco
 .text.timera1  0x0000000000005826      0x11e contiki-sky.a(clock.o)
                0x0000000000005826                __isr_5
                0x0000000000005826                timera1
 .text.clock_time
                0x0000000000005944       0x1a contiki-sky.a(clock.o)
                0x0000000000005944                clock_time
 .text.clock_init
                0x000000000000595e       0x28 contiki-sky.a(clock.o)
                0x000000000000595e                clock_init
 .text.clock_delay
                0x0000000000005986        0xc contiki-sky.a(clock.o)
                0x0000000000005986                clock_delay
 .text.clock_seconds
                0x0000000000005992       0x1a contiki-sky.a(clock.o)
                0x0000000000005992                clock_seconds
 .text.show_leds
                0x00000000000059ac       0xf6 contiki-sky.a(leds.o)
 .text.leds_init
                0x0000000000005aa2        0xa contiki-sky.a(leds.o)
                0x0000000000005aa2                leds_init
 .text.leds_on  0x0000000000005aac        0xa contiki-sky.a(leds.o)
                0x0000000000005aac                leds_on
 .text.leds_off
                0x0000000000005ab6        0xe contiki-sky.a(leds.o)
                0x0000000000005ab6                leds_off
 .text.leds_arch_init
                0x0000000000005ac4        0xe contiki-sky.a(leds-arch.o)
                0x0000000000005ac4                leds_arch_init
 .text.leds_arch_set
                0x0000000000005ad2       0x3a contiki-sky.a(leds-arch.o)
                0x0000000000005ad2                leds_arch_set
 .text.watchdog_interrupt
                0x0000000000005b0c        0x6 contiki-sky.a(watchdog.o)
                0x0000000000005b0c                __isr_10
                0x0000000000005b0c                watchdog_interrupt
 .text.watchdog_start
                0x0000000000005b12       0x14 contiki-sky.a(watchdog.o)
                0x0000000000005b12                watchdog_start
 .text.watchdog_periodic
                0x0000000000005b26       0x12 contiki-sky.a(watchdog.o)
                0x0000000000005b26                watchdog_periodic
 .text.watchdog_stop
                0x0000000000005b38       0x16 contiki-sky.a(watchdog.o)
                0x0000000000005b38                watchdog_stop
 .text.watchdog_init
                0x0000000000005b4e       0x14 contiki-sky.a(watchdog.o)
                0x0000000000005b4e                watchdog_init
 .text.rtimer_arch_init
                0x0000000000005b62        0xe contiki-sky.a(rtimer-arch.o)
                0x0000000000005b62                rtimer_arch_init
 .text.rtimer_arch_now
                0x0000000000005b70        0xe contiki-sky.a(rtimer-arch.o)
                0x0000000000005b70                rtimer_arch_now
 .text.timera0  0x0000000000005b7e       0x70 contiki-sky.a(rtimer-arch.o)
                0x0000000000005b7e                __isr_6
                0x0000000000005b7e                timera0
 .text.rtimer_arch_schedule
                0x0000000000005bee        0x6 contiki-sky.a(rtimer-arch.o)
                0x0000000000005bee                rtimer_arch_schedule
 .text.autostart_start
                0x0000000000005bf4       0x16 contiki-sky.a(autostart.o)
                0x0000000000005bf4                autostart_start
 .text.energest_init
                0x0000000000005c0a       0x28 contiki-sky.a(energest.o)
                0x0000000000005c0a                energest_init
 .text.energest_type_time
                0x0000000000005c32       0x46 contiki-sky.a(energest.o)
                0x0000000000005c32                energest_type_time
 .text.energest_type_set
                0x0000000000005c78        0xe contiki-sky.a(energest.o)
                0x0000000000005c78                energest_type_set
 .text.energest_flush
                0x0000000000005c86       0x48 contiki-sky.a(energest.o)
                0x0000000000005c86                energest_flush
 .text.process_thread_ctimer_process
                0x0000000000005cce       0xa4 contiki-sky.a(ctimer.o)
 .text.ctimer_init
                0x0000000000005d72       0x18 contiki-sky.a(ctimer.o)
                0x0000000000005d72                ctimer_init
 .text.ctimer_set
                0x0000000000005d8a       0x50 contiki-sky.a(ctimer.o)
                0x0000000000005d8a                ctimer_set
 .text.ctimer_reset
                0x0000000000005dda       0x30 contiki-sky.a(ctimer.o)
                0x0000000000005dda                ctimer_reset
 .text.ctimer_stop
                0x0000000000005e0a       0x28 contiki-sky.a(ctimer.o)
                0x0000000000005e0a                ctimer_stop
 .text.update_time
                0x0000000000005e32       0x78 contiki-sky.a(etimer.o)
 .text.etimer_request_poll
                0x0000000000005eaa        0xa contiki-sky.a(etimer.o)
                0x0000000000005eaa                etimer_request_poll
 .text.process_thread_etimer_process
                0x0000000000005eb4       0xc8 contiki-sky.a(etimer.o)
 .text.add_timer
                0x0000000000005f7c       0x40 contiki-sky.a(etimer.o)
 .text.etimer_set
                0x0000000000005fbc       0x12 contiki-sky.a(etimer.o)
                0x0000000000005fbc                etimer_set
 .text.etimer_reset
                0x0000000000005fce       0x12 contiki-sky.a(etimer.o)
                0x0000000000005fce                etimer_reset
 .text.etimer_restart
                0x0000000000005fe0       0x12 contiki-sky.a(etimer.o)
                0x0000000000005fe0                etimer_restart
 .text.etimer_expired
                0x0000000000005ff2        0xe contiki-sky.a(etimer.o)
                0x0000000000005ff2                etimer_expired
 .text.etimer_expiration_time
                0x0000000000006000       0x14 contiki-sky.a(etimer.o)
                0x0000000000006000                etimer_expiration_time
 .text.etimer_pending
                0x0000000000006014        0xc contiki-sky.a(etimer.o)
                0x0000000000006014                etimer_pending
 .text.etimer_next_expiration_time
                0x0000000000006020       0x16 contiki-sky.a(etimer.o)
                0x0000000000006020                etimer_next_expiration_time
 .text.etimer_stop
                0x0000000000006036       0x3c contiki-sky.a(etimer.o)
                0x0000000000006036                etimer_stop
 .text.call_process
                0x0000000000006072       0x4a contiki-sky.a(process.o)
 .text.exit_process
                0x00000000000060bc       0x96 contiki-sky.a(process.o)
 .text.do_poll  0x0000000000006152       0x30 contiki-sky.a(process.o)
 .text.process_alloc_event
                0x0000000000006182        0xe contiki-sky.a(process.o)
                0x0000000000006182                process_alloc_event
 .text.process_init
                0x0000000000006190       0x1c contiki-sky.a(process.o)
                0x0000000000006190                process_init
 .text.process_run
                0x00000000000061ac       0xa2 contiki-sky.a(process.o)
                0x00000000000061ac                process_run
 .text.process_nevents
                0x000000000000624e        0xe contiki-sky.a(process.o)
                0x000000000000624e                process_nevents
 .text.process_post
                0x000000000000625c       0x54 contiki-sky.a(process.o)
                0x000000000000625c                process_post
 .text.process_post_synch
                0x00000000000062b0       0x12 contiki-sky.a(process.o)
                0x00000000000062b0                process_post_synch
 .text.process_start
                0x00000000000062c2       0x32 contiki-sky.a(process.o)
                0x00000000000062c2                process_start
 .text.process_poll
                0x00000000000062f4       0x18 contiki-sky.a(process.o)
                0x00000000000062f4                process_poll
 .text.rtimer_init
                0x000000000000630c        0x6 contiki-sky.a(rtimer.o)
                0x000000000000630c                rtimer_init
 .text.rtimer_set
                0x0000000000006312       0x24 contiki-sky.a(rtimer.o)
                0x0000000000006312                rtimer_set
 .text.rtimer_run_next
                0x0000000000006336       0x26 contiki-sky.a(rtimer.o)
                0x0000000000006336                rtimer_run_next
 .text.timer_set
                0x000000000000635c       0x1c contiki-sky.a(timer.o)
                0x000000000000635c                timer_set
 .text.timer_reset
                0x0000000000006378        0xe contiki-sky.a(timer.o)
                0x0000000000006378                timer_reset
 .text.timer_restart
                0x0000000000006386       0x14 contiki-sky.a(timer.o)
                0x0000000000006386                timer_restart
 .text.timer_expired
                0x000000000000639a       0x2a contiki-sky.a(timer.o)
                0x000000000000639a                timer_expired
 .text.list_init
                0x00000000000063c4        0x6 contiki-sky.a(list.o)
                0x00000000000063c4                list_init
 .text.list_head
                0x00000000000063ca        0x4 contiki-sky.a(list.o)
                0x00000000000063ca                list_head
 .text.list_tail
                0x00000000000063ce       0x12 contiki-sky.a(list.o)
                0x00000000000063ce                list_tail
 .text.list_remove
                0x00000000000063e0       0x34 contiki-sky.a(list.o)
                0x00000000000063e0                list_remove
 .text.list_push
                0x0000000000006414       0x1a contiki-sky.a(list.o)
                0x0000000000006414                list_push
 .text.list_add
                0x000000000000642e       0x2a contiki-sky.a(list.o)
                0x000000000000642e                list_add
 .text.list_length
                0x0000000000006458       0x10 contiki-sky.a(list.o)
                0x0000000000006458                list_length
 .text.list_item_next
                0x0000000000006468        0xc contiki-sky.a(list.o)
                0x0000000000006468                list_item_next
 .text.random_init
                0x0000000000006474        0x6 contiki-sky.a(random.o)
                0x0000000000006474                random_init
 .text.random_rand
                0x000000000000647a        0x6 contiki-sky.a(random.o)
                0x000000000000647a                random_rand
 .text.uip_ds6_list_loop
                0x0000000000006480       0x86 contiki-sky.a(uip-ds6.o)
                0x0000000000006480                uip_ds6_list_loop
 .text.uip_ds6_prefix_add
                0x0000000000006506       0x80 contiki-sky.a(uip-ds6.o)
                0x0000000000006506                uip_ds6_prefix_add
 .text.uip_ds6_is_addr_onlink
                0x0000000000006586       0x54 contiki-sky.a(uip-ds6.o)
                0x0000000000006586                uip_ds6_is_addr_onlink
 .text.uip_ds6_addr_lookup
                0x00000000000065da       0x2a contiki-sky.a(uip-ds6.o)
                0x00000000000065da                uip_ds6_addr_lookup
 .text.uip_ds6_get_link_local
                0x0000000000006604       0x3e contiki-sky.a(uip-ds6.o)
                0x0000000000006604                uip_ds6_get_link_local
 .text.uip_ds6_maddr_add
                0x0000000000006642       0x4c contiki-sky.a(uip-ds6.o)
                0x0000000000006642                uip_ds6_maddr_add
 .text.uip_ds6_addr_add
                0x000000000000668e       0xc4 contiki-sky.a(uip-ds6.o)
                0x000000000000668e                uip_ds6_addr_add
 .text.uip_ds6_maddr_lookup
                0x0000000000006752       0x2a contiki-sky.a(uip-ds6.o)
                0x0000000000006752                uip_ds6_maddr_lookup
 .text.uip_ds6_addr_rm
                0x000000000000677c       0x54 contiki-sky.a(uip-ds6.o)
                0x000000000000677c                uip_ds6_addr_rm
 .text.uip_ds6_periodic
                0x00000000000067d0       0x4a contiki-sky.a(uip-ds6.o)
                0x00000000000067d0                uip_ds6_periodic
 .text.uip_ds6_set_addr_iid
                0x000000000000681a       0x14 contiki-sky.a(uip-ds6.o)
                0x000000000000681a                uip_ds6_set_addr_iid
 .text.get_match_length
                0x000000000000682e       0x3e contiki-sky.a(uip-ds6.o)
                0x000000000000682e                get_match_length
 .text.uip_ds6_select_src
                0x000000000000686c       0xaa contiki-sky.a(uip-ds6.o)
                0x000000000000686c                uip_ds6_select_src
 .text.uip_ds6_compute_reachable_time
                0x0000000000006916       0x3e contiki-sky.a(uip-ds6.o)
                0x0000000000006916                uip_ds6_compute_reachable_time
 .text.uip_ds6_init
                0x0000000000006954      0x154 contiki-sky.a(uip-ds6.o)
                0x0000000000006954                uip_ds6_init
 .text.call_route_callback
                0x0000000000006aa8       0x4c contiki-sky.a(uip-ds6-route.o)
 .text.uip_ds6_route_init
                0x0000000000006af4       0x36 contiki-sky.a(uip-ds6-route.o)
                0x0000000000006af4                uip_ds6_route_init
 .text.uip_ds6_route_nexthop
                0x0000000000006b2a       0x1a contiki-sky.a(uip-ds6-route.o)
                0x0000000000006b2a                uip_ds6_route_nexthop
 .text.uip_ds6_route_head
                0x0000000000006b44        0xa contiki-sky.a(uip-ds6-route.o)
                0x0000000000006b44                uip_ds6_route_head
 .text.uip_ds6_route_next
                0x0000000000006b4e        0xe contiki-sky.a(uip-ds6-route.o)
                0x0000000000006b4e                uip_ds6_route_next
 .text.uip_ds6_route_lookup
                0x0000000000006b5c       0x8c contiki-sky.a(uip-ds6-route.o)
                0x0000000000006b5c                uip_ds6_route_lookup
 .text.uip_ds6_route_rm
                0x0000000000006be8       0xa4 contiki-sky.a(uip-ds6-route.o)
                0x0000000000006be8                uip_ds6_route_rm
 .text.rm_routelist
                0x0000000000006c8c       0x34 contiki-sky.a(uip-ds6-route.o)
 .text.rm_routelist_callback
                0x0000000000006cc0        0x6 contiki-sky.a(uip-ds6-route.o)
 .text.uip_ds6_route_add
                0x0000000000006cc6      0x10c contiki-sky.a(uip-ds6-route.o)
                0x0000000000006cc6                uip_ds6_route_add
 .text.uip_ds6_defrt_rm
                0x0000000000006dd2       0x48 contiki-sky.a(uip-ds6-route.o)
                0x0000000000006dd2                uip_ds6_defrt_rm
 .text.uip_ds6_defrt_lookup
                0x0000000000006e1a       0x36 contiki-sky.a(uip-ds6-route.o)
                0x0000000000006e1a                uip_ds6_defrt_lookup
 .text.uip_ds6_defrt_add
                0x0000000000006e50       0x74 contiki-sky.a(uip-ds6-route.o)
                0x0000000000006e50                uip_ds6_defrt_add
 .text.uip_ds6_defrt_choose
                0x0000000000006ec4       0x3a contiki-sky.a(uip-ds6-route.o)
                0x0000000000006ec4                uip_ds6_defrt_choose
 .text.uip_ds6_defrt_periodic
                0x0000000000006efe       0x38 contiki-sky.a(uip-ds6-route.o)
                0x0000000000006efe                uip_ds6_defrt_periodic
 .text.chksum   0x0000000000006f36       0x32 contiki-sky.a(uip6.o)
 .text.upper_layer_chksum
                0x0000000000006f68       0x56 contiki-sky.a(uip6.o)
 .text.ext_hdr_options_process
                0x0000000000006fbe       0xda contiki-sky.a(uip6.o)
 .text.uip_add32
                0x0000000000007098       0x68 contiki-sky.a(uip6.o)
                0x0000000000007098                uip_add32
 .text.unlikely.uip_add_rcv_nxt
                0x0000000000007100       0x2e contiki-sky.a(uip6.o)
 .text.uip_icmp6chksum
                0x000000000000712e        0xa contiki-sky.a(uip6.o)
                0x000000000000712e                uip_icmp6chksum
 .text.uip_tcpchksum
                0x0000000000007138        0xa contiki-sky.a(uip6.o)
                0x0000000000007138                uip_tcpchksum
 .text.uip_udpchksum
                0x0000000000007142        0xa contiki-sky.a(uip6.o)
                0x0000000000007142                uip_udpchksum
 .text.uip_init
                0x000000000000714c       0x7a contiki-sky.a(uip6.o)
                0x000000000000714c                uip_init
 .text.remove_ext_hdr
                0x00000000000071c6       0x5a contiki-sky.a(uip6.o)
                0x00000000000071c6                remove_ext_hdr
 .text.uip_udp_new
                0x0000000000007220       0xf4 contiki-sky.a(uip6.o)
                0x0000000000007220                uip_udp_new
 .text.uip_unlisten
                0x0000000000007314       0x2a contiki-sky.a(uip6.o)
                0x0000000000007314                uip_unlisten
 .text.uip_process
                0x000000000000733e      0xe9e contiki-sky.a(uip6.o)
                0x000000000000733e                uip_process
 .text.uip_htonl
                0x00000000000081dc       0x2e contiki-sky.a(uip6.o)
                0x00000000000081dc                uip_htonl
 .text.uip_ds6_nbr_rm
                0x000000000000820a       0x1a contiki-sky.a(uip-ds6-nbr.o)
                0x000000000000820a                uip_ds6_nbr_rm
 .text.uip_ds6_neighbors_init
                0x0000000000008224        0xe contiki-sky.a(uip-ds6-nbr.o)
                0x0000000000008224                uip_ds6_neighbors_init
 .text.uip_ds6_nbr_add
                0x0000000000008232       0x60 contiki-sky.a(uip-ds6-nbr.o)
                0x0000000000008232                uip_ds6_nbr_add
 .text.uip_ds6_nbr_get_ll
                0x0000000000008292        0xc contiki-sky.a(uip-ds6-nbr.o)
                0x0000000000008292                uip_ds6_nbr_get_ll
 .text.uip_ds6_nbr_lookup
                0x000000000000829e       0x42 contiki-sky.a(uip-ds6-nbr.o)
                0x000000000000829e                uip_ds6_nbr_lookup
 .text.uip_ds6_nbr_ll_lookup
                0x00000000000082e0        0xc contiki-sky.a(uip-ds6-nbr.o)
                0x00000000000082e0                uip_ds6_nbr_ll_lookup
 .text.uip_ds6_nbr_ipaddr_from_lladdr
                0x00000000000082ec        0x6 contiki-sky.a(uip-ds6-nbr.o)
                0x00000000000082ec                uip_ds6_nbr_ipaddr_from_lladdr
 .text.uip_ds6_nbr_lladdr_from_ipaddr
                0x00000000000082f2       0x12 contiki-sky.a(uip-ds6-nbr.o)
                0x00000000000082f2                uip_ds6_nbr_lladdr_from_ipaddr
 .text.uip_ds6_link_neighbor_callback
                0x0000000000008304       0x2a contiki-sky.a(uip-ds6-nbr.o)
                0x0000000000008304                uip_ds6_link_neighbor_callback
 .text.uip_ds6_neighbor_periodic
                0x000000000000832e       0x60 contiki-sky.a(uip-ds6-nbr.o)
                0x000000000000832e                uip_ds6_neighbor_periodic
 .text.uip_nd6_init
                0x000000000000838e        0x2 contiki-sky.a(uip-nd6.o)
                0x000000000000838e                uip_nd6_init
 .text.set_packet_attrs
                0x0000000000008390       0x44 contiki-sky.a(sicslowpan.o)
 .text.addr_context_lookup_by_number
                0x00000000000083d4       0x36 contiki-sky.a(sicslowpan.o)
 .text.compress_addr_64
                0x000000000000840a       0xae contiki-sky.a(sicslowpan.o)
 .text.uncompress_addr
                0x00000000000084b8       0xb4 contiki-sky.a(sicslowpan.o)
 .text.input    0x000000000000856c      0x65c contiki-sky.a(sicslowpan.o)
 .text.sicslowpan_init
                0x0000000000008bc8       0x26 contiki-sky.a(sicslowpan.o)
                0x0000000000008bc8                sicslowpan_init
 .text.addr_context_lookup_by_prefix
                0x0000000000008bee       0x4c contiki-sky.a(sicslowpan.o)
 .text.send_packet
                0x0000000000008c3a       0x1a contiki-sky.a(sicslowpan.o)
 .text.output   0x0000000000008c54      0x6da contiki-sky.a(sicslowpan.o)
 .text.packet_sent
                0x000000000000932e       0x22 contiki-sky.a(sicslowpan.o)
 .text.uip_debug_ipaddr_print
                0x0000000000009350       0x7c contiki-sky.a(uip-debug.o)
                0x0000000000009350                uip_debug_ipaddr_print
 .text.start_periodic_tcp_timer
                0x00000000000093cc       0x16 contiki-sky.a(tcpip.o)
 .text.tcpip_output
                0x00000000000093e2       0x10 contiki-sky.a(tcpip.o)
                0x00000000000093e2                tcpip_output
 .text.tcpip_set_outputfunc
                0x00000000000093f2        0x6 contiki-sky.a(tcpip.o)
                0x00000000000093f2                tcpip_set_outputfunc
 .text.udp_new  0x00000000000093f8       0x1a contiki-sky.a(tcpip.o)
                0x00000000000093f8                udp_new
 .text.tcpip_input
                0x0000000000009412       0x16 contiki-sky.a(tcpip.o)
                0x0000000000009412                tcpip_input
 .text.tcpip_ipv6_output
                0x0000000000009428       0xce contiki-sky.a(tcpip.o)
                0x0000000000009428                tcpip_ipv6_output
 .text.process_thread_tcpip_process
                0x00000000000094f6      0x1d0 contiki-sky.a(tcpip.o)
 .text.tcpip_uipcall
                0x00000000000096c6       0x72 contiki-sky.a(tcpip.o)
                0x00000000000096c6                tcpip_uipcall
 .text.lollipop_greater_than
                0x0000000000009738       0x44 contiki-sky.a(rpl-dag.o)
 .text.acceptable_rank
                0x000000000000977c       0x50 contiki-sky.a(rpl-dag.o)
 .text.find_parent_any_dag_any_instance
                0x00000000000097cc       0x14 contiki-sky.a(rpl-dag.o)
 .text.rpl_set_preferred_parent
                0x00000000000097e0       0x30 contiki-sky.a(rpl-dag.o)
 .text.set_ip_from_prefix
                0x0000000000009810       0x38 contiki-sky.a(rpl-dag.o)
 .text.check_prefix
                0x0000000000009848       0x80 contiki-sky.a(rpl-dag.o)
 .text.rpl_get_nbr
                0x00000000000098c8       0x1e contiki-sky.a(rpl-dag.o)
                0x00000000000098c8                rpl_get_nbr
 .text.rpl_dag_init
                0x00000000000098e6        0xe contiki-sky.a(rpl-dag.o)
                0x00000000000098e6                rpl_dag_init
 .text.rpl_get_parent
                0x00000000000098f4        0xc contiki-sky.a(rpl-dag.o)
                0x00000000000098f4                rpl_get_parent
 .text.rpl_get_parent_ipaddr
                0x0000000000009900       0x10 contiki-sky.a(rpl-dag.o)
                0x0000000000009900                rpl_get_parent_ipaddr
 .text.rpl_set_prefix
                0x0000000000009910       0x8e contiki-sky.a(rpl-dag.o)
                0x0000000000009910                rpl_set_prefix
 .text.rpl_set_default_route
                0x000000000000999e       0x5a contiki-sky.a(rpl-dag.o)
                0x000000000000999e                rpl_set_default_route
 .text.rpl_alloc_instance
                0x00000000000099f8       0x34 contiki-sky.a(rpl-dag.o)
                0x00000000000099f8                rpl_alloc_instance
 .text.rpl_add_parent
                0x0000000000009a2c       0x56 contiki-sky.a(rpl-dag.o)
                0x0000000000009a2c                rpl_add_parent
 .text.rpl_find_parent
                0x0000000000009a82       0x1a contiki-sky.a(rpl-dag.o)
                0x0000000000009a82                rpl_find_parent
 .text.rpl_find_parent_any_dag
                0x0000000000009a9c       0x22 contiki-sky.a(rpl-dag.o)
                0x0000000000009a9c                rpl_find_parent_any_dag
 .text.rpl_select_parent
                0x0000000000009abe       0x7e contiki-sky.a(rpl-dag.o)
                0x0000000000009abe                rpl_select_parent
 .text.rpl_select_dag
                0x0000000000009b3c      0x182 contiki-sky.a(rpl-dag.o)
                0x0000000000009b3c                rpl_select_dag
 .text.rpl_nullify_parent
                0x0000000000009cbe       0x54 contiki-sky.a(rpl-dag.o)
                0x0000000000009cbe                rpl_nullify_parent
 .text.rpl_remove_parent
                0x0000000000009d12       0x16 contiki-sky.a(rpl-dag.o)
                0x0000000000009d12                rpl_remove_parent
 .text.nbr_callback
                0x0000000000009d28        0x6 contiki-sky.a(rpl-dag.o)
 .text.remove_parents.constprop.2
                0x0000000000009d2e       0x32 contiki-sky.a(rpl-dag.o)
 .text.rpl_free_dag
                0x0000000000009d60       0x36 contiki-sky.a(rpl-dag.o)
                0x0000000000009d60                rpl_free_dag
 .text.rpl_move_parent
                0x0000000000009d96       0x5a contiki-sky.a(rpl-dag.o)
                0x0000000000009d96                rpl_move_parent
 .text.rpl_get_any_dag
                0x0000000000009df0       0x18 contiki-sky.a(rpl-dag.o)
                0x0000000000009df0                rpl_get_any_dag
 .text.rpl_get_instance
                0x0000000000009e08       0x1a contiki-sky.a(rpl-dag.o)
                0x0000000000009e08                rpl_get_instance
 .text.rpl_alloc_dag
                0x0000000000009e22       0x60 contiki-sky.a(rpl-dag.o)
                0x0000000000009e22                rpl_alloc_dag
 .text.rpl_repair_root
                0x0000000000009e82       0x50 contiki-sky.a(rpl-dag.o)
                0x0000000000009e82                rpl_repair_root
 .text.rpl_set_root
                0x0000000000009ed2      0x136 contiki-sky.a(rpl-dag.o)
                0x0000000000009ed2                rpl_set_root
 .text.rpl_find_of
                0x000000000000a008       0x10 contiki-sky.a(rpl-dag.o)
                0x000000000000a008                rpl_find_of
 .text.rpl_join_instance
                0x000000000000a018      0x13c contiki-sky.a(rpl-dag.o)
                0x000000000000a018                rpl_join_instance
 .text.rpl_local_repair
                0x000000000000a154       0x7c contiki-sky.a(rpl-dag.o)
                0x000000000000a154                rpl_local_repair
 .text.rpl_process_parent_event
                0x000000000000a1d0       0x4e contiki-sky.a(rpl-dag.o)
                0x000000000000a1d0                rpl_process_parent_event
 .text.rpl_recalculate_ranks
                0x000000000000a21e       0x48 contiki-sky.a(rpl-dag.o)
                0x000000000000a21e                rpl_recalculate_ranks
 .text.rpl_add_dag
                0x000000000000a266      0x112 contiki-sky.a(rpl-dag.o)
                0x000000000000a266                rpl_add_dag
 .text.rpl_process_dio
                0x000000000000a378      0x2e2 contiki-sky.a(rpl-dag.o)
                0x000000000000a378                rpl_process_dio
 .text.rpl_lock_parent
                0x000000000000a65a        0xc contiki-sky.a(rpl-dag.o)
                0x000000000000a65a                rpl_lock_parent
 .text.new_dio_interval
                0x000000000000a666       0x92 contiki-sky.a(rpl-timers.o)
 .text.handle_periodic_timer
                0x000000000000a6f8       0x2e contiki-sky.a(rpl-timers.o)
 .text.set_dao_lifetime_timer
                0x000000000000a726       0x52 contiki-sky.a(rpl-timers.o)
 .text.schedule_dao
                0x000000000000a778       0x82 contiki-sky.a(rpl-timers.o)
 .text.handle_dio_timer
                0x000000000000a7fa       0x88 contiki-sky.a(rpl-timers.o)
 .text.handle_dao_timer
                0x000000000000a882       0x64 contiki-sky.a(rpl-timers.o)
 .text.rpl_reset_periodic_timer
                0x000000000000a8e6       0x60 contiki-sky.a(rpl-timers.o)
                0x000000000000a8e6                rpl_reset_periodic_timer
 .text.rpl_reset_dio_timer
                0x000000000000a946       0x18 contiki-sky.a(rpl-timers.o)
                0x000000000000a946                rpl_reset_dio_timer
 .text.rpl_schedule_dao
                0x000000000000a95e        0xc contiki-sky.a(rpl-timers.o)
                0x000000000000a95e                rpl_schedule_dao
 .text.rpl_schedule_probing
                0x000000000000a96a       0x3c contiki-sky.a(rpl-timers.o)
                0x000000000000a96a                rpl_schedule_probing
 .text.handle_probing_timer
                0x000000000000a9a6      0x124 contiki-sky.a(rpl-timers.o)
 .text.rpl_verify_header
                0x000000000000aaca       0xba contiki-sky.a(rpl-ext-header.)
                0x000000000000aaca                rpl_verify_header
 .text.rpl_update_header_empty
                0x000000000000ab84      0x126 contiki-sky.a(rpl-ext-header.)
                0x000000000000ab84                rpl_update_header_empty
 .text.rpl_update_header_final
                0x000000000000acaa       0x94 contiki-sky.a(rpl-ext-header.)
                0x000000000000acaa                rpl_update_header_final
 .text.rpl_invert_header
                0x000000000000ad3e       0x7a contiki-sky.a(rpl-ext-header.)
                0x000000000000ad3e                rpl_invert_header
 .text.rpl_insert_header
                0x000000000000adb8       0x12 contiki-sky.a(rpl-ext-header.)
                0x000000000000adb8                rpl_insert_header
 .text.rpl_get_mode
                0x000000000000adca        0x6 contiki-sky.a(rpl.o)
                0x000000000000adca                rpl_get_mode
 .text.rpl_purge_routes
                0x000000000000add0       0x96 contiki-sky.a(rpl.o)
                0x000000000000add0                rpl_purge_routes
 .text.rpl_remove_routes
                0x000000000000ae66       0x22 contiki-sky.a(rpl.o)
                0x000000000000ae66                rpl_remove_routes
 .text.rpl_remove_routes_by_nexthop
                0x000000000000ae88       0x46 contiki-sky.a(rpl.o)
                0x000000000000ae88                rpl_remove_routes_by_nexthop
 .text.rpl_add_route
                0x000000000000aece       0x44 contiki-sky.a(rpl.o)
                0x000000000000aece                rpl_add_route
 .text.rpl_link_neighbor_callback
                0x000000000000af12       0x7c contiki-sky.a(rpl.o)
                0x000000000000af12                rpl_link_neighbor_callback
 .text.rpl_ipv6_neighbor_callback
                0x000000000000af8e       0x1e contiki-sky.a(rpl.o)
                0x000000000000af8e                rpl_ipv6_neighbor_callback
 .text.rpl_init
                0x000000000000afac       0x4a contiki-sky.a(rpl.o)
                0x000000000000afac                rpl_init
 .text.reset    0x000000000000aff6        0x2 contiki-sky.a(rpl-mrhof.o)
 .text.update_metric_container
                0x000000000000aff8        0x6 contiki-sky.a(rpl-mrhof.o)
 .text.calculate_rank
                0x000000000000affe       0x3e contiki-sky.a(rpl-mrhof.o)
 .text.best_parent
                0x000000000000b03c       0x74 contiki-sky.a(rpl-mrhof.o)
 .text.neighbor_link_callback
                0x000000000000b0b0       0xa2 contiki-sky.a(rpl-mrhof.o)
 .text.best_dag
                0x000000000000b152       0x34 contiki-sky.a(rpl-mrhof.o)
 .text.parse    0x000000000000b186       0xa0 contiki-sky.a(framer-802154.o)
 .text.create_frame.isra.0
                0x000000000000b226      0x108 contiki-sky.a(framer-802154.o)
 .text.create   0x000000000000b32e        0x8 contiki-sky.a(framer-802154.o)
 .text.hdr_length
                0x000000000000b336        0x8 contiki-sky.a(framer-802154.o)
 .text.input_packet
                0x000000000000b33e        0x6 contiki-sky.a(csma.o)
 .text.on       0x000000000000b344        0x6 contiki-sky.a(csma.o)
 .text.off      0x000000000000b34a        0x6 contiki-sky.a(csma.o)
 .text.channel_check_interval
                0x000000000000b350       0x10 contiki-sky.a(csma.o)
 .text.transmit_packet_list
                0x000000000000b360       0x24 contiki-sky.a(csma.o)
 .text.send_packet
                0x000000000000b384      0x17a contiki-sky.a(csma.o)
 .text.init     0x000000000000b4fe       0x1a contiki-sky.a(csma.o)
 .text.free_packet
                0x000000000000b518       0x9c contiki-sky.a(csma.o)
 .text.packet_sent
                0x000000000000b5b4      0x130 contiki-sky.a(csma.o)
 .text.field_len
                0x000000000000b6e4       0x98 contiki-sky.a(frame802154.o)
 .text.frame802154_hdrlen
                0x000000000000b77c       0x2e contiki-sky.a(frame802154.o)
                0x000000000000b77c                frame802154_hdrlen
 .text.frame802154_create
                0x000000000000b7aa      0x146 contiki-sky.a(frame802154.o)
                0x000000000000b7aa                frame802154_create
 .text.frame802154_parse
                0x000000000000b8f0      0x1da contiki-sky.a(frame802154.o)
                0x000000000000b8f0                frame802154_parse
 .text.mac_call_sent_callback
                0x000000000000baca       0x14 contiki-sky.a(mac.o)
                0x000000000000baca                mac_call_sent_callback
 .text.framer_canonical_create_and_secure
                0x000000000000bade       0x20 contiki-sky.a(framer.o)
                0x000000000000bade                framer_canonical_create_and_secure
 .text.queuebuf_init
                0x000000000000bafe       0x12 contiki-sky.a(queuebuf.o)
                0x000000000000bafe                queuebuf_init
 .text.queuebuf_numfree
                0x000000000000bb10        0xa contiki-sky.a(queuebuf.o)
                0x000000000000bb10                queuebuf_numfree
 .text.queuebuf_new_from_packetbuf
                0x000000000000bb1a       0x52 contiki-sky.a(queuebuf.o)
                0x000000000000bb1a                queuebuf_new_from_packetbuf
 .text.queuebuf_update_attr_from_packetbuf
                0x000000000000bb6c       0x12 contiki-sky.a(queuebuf.o)
                0x000000000000bb6c                queuebuf_update_attr_from_packetbuf
 .text.queuebuf_update_from_packetbuf
                0x000000000000bb7e       0x22 contiki-sky.a(queuebuf.o)
                0x000000000000bb7e                queuebuf_update_from_packetbuf
 .text.queuebuf_free
                0x000000000000bba0       0x2a contiki-sky.a(queuebuf.o)
                0x000000000000bba0                queuebuf_free
 .text.queuebuf_to_packetbuf
                0x000000000000bbca       0x32 contiki-sky.a(queuebuf.o)
                0x000000000000bbca                queuebuf_to_packetbuf
 .text.queuebuf_attr
                0x000000000000bbfc        0xe contiki-sky.a(queuebuf.o)
                0x000000000000bbfc                queuebuf_attr
 .text.index_from_key
                0x000000000000bc0a       0x48 contiki-sky.a(nbr-table.o)
 .text.item_from_key
                0x000000000000bc52       0x34 contiki-sky.a(nbr-table.o)
 .text.nbr_set_bit
                0x000000000000bc86       0x8e contiki-sky.a(nbr-table.o)
 .text.index_from_lladdr
                0x000000000000bd14       0x42 contiki-sky.a(nbr-table.o)
 .text.nbr_get_bit.constprop.0
                0x000000000000bd56       0x62 contiki-sky.a(nbr-table.o)
 .text.nbr_table_register
                0x000000000000bdb8       0x28 contiki-sky.a(nbr-table.o)
                0x000000000000bdb8                nbr_table_register
 .text.nbr_table_next
                0x000000000000bde0       0x90 contiki-sky.a(nbr-table.o)
                0x000000000000bde0                nbr_table_next
 .text.nbr_table_head
                0x000000000000be70       0x36 contiki-sky.a(nbr-table.o)
                0x000000000000be70                nbr_table_head
 .text.nbr_table_add_lladdr
                0x000000000000bea6      0x144 contiki-sky.a(nbr-table.o)
                0x000000000000bea6                nbr_table_add_lladdr
 .text.nbr_table_get_from_lladdr
                0x000000000000bfea       0x48 contiki-sky.a(nbr-table.o)
                0x000000000000bfea                nbr_table_get_from_lladdr
 .text.nbr_table_remove
                0x000000000000c032       0x32 contiki-sky.a(nbr-table.o)
                0x000000000000c032                nbr_table_remove
 .text.nbr_table_lock
                0x000000000000c064       0x10 contiki-sky.a(nbr-table.o)
                0x000000000000c064                nbr_table_lock
 .text.nbr_table_unlock
                0x000000000000c074       0x10 contiki-sky.a(nbr-table.o)
                0x000000000000c074                nbr_table_unlock
 .text.nbr_table_get_lladdr
                0x000000000000c084       0x5a contiki-sky.a(nbr-table.o)
                0x000000000000c084                nbr_table_get_lladdr
 .text.packetbuf_compact
                0x000000000000c0de       0x2e contiki-sky.a(packetbuf.o)
                0x000000000000c0de                packetbuf_compact
 .text.packetbuf_copyto
                0x000000000000c10c       0x52 contiki-sky.a(packetbuf.o)
                0x000000000000c10c                packetbuf_copyto
 .text.packetbuf_hdrreduce
                0x000000000000c15e       0x1a contiki-sky.a(packetbuf.o)
                0x000000000000c15e                packetbuf_hdrreduce
 .text.packetbuf_set_datalen
                0x000000000000c178        0x6 contiki-sky.a(packetbuf.o)
                0x000000000000c178                packetbuf_set_datalen
 .text.packetbuf_dataptr
                0x000000000000c17e        0xe contiki-sky.a(packetbuf.o)
                0x000000000000c17e                packetbuf_dataptr
 .text.packetbuf_hdrptr
                0x000000000000c18c        0xa contiki-sky.a(packetbuf.o)
                0x000000000000c18c                packetbuf_hdrptr
 .text.packetbuf_datalen
                0x000000000000c196        0x6 contiki-sky.a(packetbuf.o)
                0x000000000000c196                packetbuf_datalen
 .text.packetbuf_hdrlen
                0x000000000000c19c       0x10 contiki-sky.a(packetbuf.o)
                0x000000000000c19c                packetbuf_hdrlen
 .text.packetbuf_totlen
                0x000000000000c1ac        0xc contiki-sky.a(packetbuf.o)
                0x000000000000c1ac                packetbuf_totlen
 .text.packetbuf_hdralloc
                0x000000000000c1b8       0x2e contiki-sky.a(packetbuf.o)
                0x000000000000c1b8                packetbuf_hdralloc
 .text.packetbuf_attr_clear
                0x000000000000c1e6       0x28 contiki-sky.a(packetbuf.o)
                0x000000000000c1e6                packetbuf_attr_clear
 .text.packetbuf_clear
                0x000000000000c20e       0x1a contiki-sky.a(packetbuf.o)
                0x000000000000c20e                packetbuf_clear
 .text.packetbuf_copyfrom
                0x000000000000c228       0x2e contiki-sky.a(packetbuf.o)
                0x000000000000c228                packetbuf_copyfrom
 .text.packetbuf_attr_copyto
                0x000000000000c256       0x22 contiki-sky.a(packetbuf.o)
                0x000000000000c256                packetbuf_attr_copyto
 .text.packetbuf_attr_copyfrom
                0x000000000000c278       0x24 contiki-sky.a(packetbuf.o)
                0x000000000000c278                packetbuf_attr_copyfrom
 .text.packetbuf_holds_broadcast
                0x000000000000c29c        0xe contiki-sky.a(packetbuf.o)
                0x000000000000c29c                packetbuf_holds_broadcast
 .text.linkaddr_copy
                0x000000000000c2aa        0x8 contiki-sky.a(linkaddr.o)
                0x000000000000c2aa                linkaddr_copy
 .text.linkaddr_cmp
                0x000000000000c2b2       0x12 contiki-sky.a(linkaddr.o)
                0x000000000000c2b2                linkaddr_cmp
 .text.linkaddr_set_node_addr
                0x000000000000c2c4        0xc contiki-sky.a(linkaddr.o)
                0x000000000000c2c4                linkaddr_set_node_addr
 .text.duty_cycle
                0x000000000000c2d0        0x6 contiki-sky.a(contikimac.o)
 .text.init     0x000000000000c2d6       0x2a contiki-sky.a(contikimac.o)
 .text.on       0x000000000000c300       0x1a contiki-sky.a(contikimac.o)
 .text.off      0x000000000000c31a       0x22 contiki-sky.a(contikimac.o)
 .text.recv_burst_off
                0x000000000000c33c        0xa contiki-sky.a(contikimac.o)
 .text.turn_off
                0x000000000000c346       0x20 contiki-sky.a(contikimac.o)
 .text.turn_on  0x000000000000c366       0x30 contiki-sky.a(contikimac.o)
 .text.schedule_powercycle_fixed.part.4
                0x000000000000c396       0x36 contiki-sky.a(contikimac.o)
 .text.powercycle_turn_radio_off
                0x000000000000c3cc       0x30 contiki-sky.a(contikimac.o)
 .text.powercycle
                0x000000000000c3fc      0x1d2 contiki-sky.a(contikimac.o)
 .text.input_packet
                0x000000000000c5ce       0xb2 contiki-sky.a(contikimac.o)
 .text.send_packet.isra.7
                0x000000000000c680      0x1ec contiki-sky.a(contikimac.o)
 .text.qsend_list
                0x000000000000c86c       0xc4 contiki-sky.a(contikimac.o)
 .text.qsend_packet
                0x000000000000c930       0x28 contiki-sky.a(contikimac.o)
 .text.bootstrap
                0x000000000000c958        0x4 contiki-sky.a(nullsec.o)
 .text.send     0x000000000000c95c        0xa contiki-sky.a(nullsec.o)
 .text.on_frame_created
                0x000000000000c966        0x4 contiki-sky.a(nullsec.o)
 .text.input    0x000000000000c96a        0x6 contiki-sky.a(nullsec.o)
 .text.get_overhead
                0x000000000000c970        0x4 contiki-sky.a(nullsec.o)
 .text.spi_init
                0x000000000000c974       0x32 contiki-sky.a(spi.o)
                0x000000000000c974                spi_init
 .text.stimer_set
                0x000000000000c9a6       0x1c contiki-sky.a(stimer.o)
                0x000000000000c9a6                stimer_set
 .text.stimer_expired
                0x000000000000c9c2       0x30 contiki-sky.a(stimer.o)
                0x000000000000c9c2                stimer_expired
 .text.compower_accumulate
                0x000000000000c9f2       0x72 contiki-sky.a(compower.o)
                0x000000000000c9f2                compower_accumulate
 .text.compower_clear
                0x000000000000ca64       0x12 contiki-sky.a(compower.o)
                0x000000000000ca64                compower_clear
 .text.compower_attrconv
                0x000000000000ca76       0x10 contiki-sky.a(compower.o)
                0x000000000000ca76                compower_attrconv
 .text.memb_init
                0x000000000000ca86       0x36 contiki-sky.a(memb.o)
                0x000000000000ca86                memb_init
 .text.memb_alloc
                0x000000000000cabc       0x3e contiki-sky.a(memb.o)
                0x000000000000cabc                memb_alloc
 .text.memb_free
                0x000000000000cafa       0x3a contiki-sky.a(memb.o)
                0x000000000000cafa                memb_free
 .text.memb_inmemb
                0x000000000000cb34       0x2e contiki-sky.a(memb.o)
                0x000000000000cb34                memb_inmemb
 .text.memb_numfree
                0x000000000000cb62       0x26 contiki-sky.a(memb.o)
                0x000000000000cb62                memb_numfree
 .text.echo_reply_input
                0x000000000000cb88      0x112 contiki-sky.a(uip-icmp6.o)
 .text.echo_request_input
                0x000000000000cc9a      0x12c contiki-sky.a(uip-icmp6.o)
 .text.uip_icmp6_input
                0x000000000000cdc6       0x44 contiki-sky.a(uip-icmp6.o)
                0x000000000000cdc6                uip_icmp6_input
 .text.uip_icmp6_register_input_handler
                0x000000000000ce0a        0xc contiki-sky.a(uip-icmp6.o)
                0x000000000000ce0a                uip_icmp6_register_input_handler
 .text.uip_icmp6_error_output
                0x000000000000ce16      0x17a contiki-sky.a(uip-icmp6.o)
                0x000000000000ce16                uip_icmp6_error_output
 .text.uip_icmp6_send
                0x000000000000cf90       0x96 contiki-sky.a(uip-icmp6.o)
                0x000000000000cf90                uip_icmp6_send
 .text.uip_icmp6_init
                0x000000000000d026       0x12 contiki-sky.a(uip-icmp6.o)
                0x000000000000d026                uip_icmp6_init
 .text.get32    0x000000000000d038       0x46 contiki-sky.a(rpl-icmp6.o)
 .text.set32    0x000000000000d07e       0x2a contiki-sky.a(rpl-icmp6.o)
 .text.get16    0x000000000000d0a8        0xe contiki-sky.a(rpl-icmp6.o)
 .text.set16    0x000000000000d0b6       0x10 contiki-sky.a(rpl-icmp6.o)
 .text.dao_ack_input
                0x000000000000d0c6        0x6 contiki-sky.a(rpl-icmp6.o)
 .text.dio_input
                0x000000000000d0cc      0x2d2 contiki-sky.a(rpl-icmp6.o)
 .text.dis_output
                0x000000000000d39e       0x50 contiki-sky.a(rpl-icmp6.o)
                0x000000000000d39e                dis_output
 .text.dio_output
                0x000000000000d3ee      0x268 contiki-sky.a(rpl-icmp6.o)
                0x000000000000d3ee                dio_output
 .text.dis_input
                0x000000000000d656       0x28 contiki-sky.a(rpl-icmp6.o)
 .text.dao_output_target
                0x000000000000d67e       0xea contiki-sky.a(rpl-icmp6.o)
                0x000000000000d67e                dao_output_target
 .text.dao_output
                0x000000000000d768       0x80 contiki-sky.a(rpl-icmp6.o)
                0x000000000000d768                dao_output
 .text.dao_ack_output
                0x000000000000d7e8       0x32 contiki-sky.a(rpl-icmp6.o)
                0x000000000000d7e8                dao_ack_output
 .text.dao_input
                0x000000000000d81a      0x2a8 contiki-sky.a(rpl-icmp6.o)
 .text.rpl_icmp6_register_handlers
                0x000000000000dac2       0x22 contiki-sky.a(rpl-icmp6.o)
                0x000000000000dac2                rpl_icmp6_register_handlers
 .text.mac_sequence_is_duplicate
                0x000000000000dae4       0x44 contiki-sky.a(mac-sequence.o)
                0x000000000000dae4                mac_sequence_is_duplicate
 .text.mac_sequence_register_seqno
                0x000000000000db28       0x76 contiki-sky.a(mac-sequence.o)
                0x000000000000db28                mac_sequence_register_seqno
 .text.libgcc   0x000000000000db9e       0x2c /usr/lib/gcc/msp430/4.6.3/mmpy-16/libgcc.a(_mulsi3.o)
                0x000000000000db9e                __mulsi3
 .text.libgcc   0x000000000000dbca       0x22 /usr/lib/gcc/msp430/4.6.3/mmpy-16/libgcc.a(_udivmod16.o)
                0x000000000000dbca                __udivhi3
                0x000000000000dbca                __ext_udivmod16
                0x000000000000dbe4                __umodhi3
 .text.libgcc   0x000000000000dbec       0x3a /usr/lib/gcc/msp430/4.6.3/mmpy-16/libgcc.a(_divmod16.o)
                0x000000000000dbec                __ext_divmod16
                0x000000000000dbec                __divhi3
                0x000000000000dc1e                __modhi3
 .text.libgcc   0x000000000000dc26       0x40 /usr/lib/gcc/msp430/4.6.3/mmpy-16/libgcc.a(_udivmod32.o)
                0x000000000000dc26                __udivsi3
                0x000000000000dc26                __ext_udivmod32
                0x000000000000dc5c                __umodsi3
 .text          0x000000000000dc66       0x20 /usr/lib/gcc/msp430/4.6.3/../../../../msp430/lib/mmpy-16/libc.a(memcmp.o)
                0x000000000000dc66                memcmp
 .text          0x000000000000dc86       0xfa /usr/lib/gcc/msp430/4.6.3/../../../../msp430/lib/mmpy-16/libc.a(memcpy.o)
                0x000000000000dc86                memcpy
 .text          0x000000000000dd80       0xfa /usr/lib/gcc/msp430/4.6.3/../../../../msp430/lib/mmpy-16/libc.a(memmove.o)
                0x000000000000dd80                memmove
 .text          0x000000000000de7a       0x6a /usr/lib/gcc/msp430/4.6.3/../../../../msp430/lib/mmpy-16/libc.a(memset.o)
                0x000000000000de7a                memset
 .text          0x000000000000dee4       0x1e /usr/lib/gcc/msp430/4.6.3/../../../../msp430/lib/mmpy-16/libc.a(printf.o)
                0x000000000000dee4                printf
                0x000000000000def4                vprintf
 .text          0x000000000000df02      0x836 /usr/lib/gcc/msp430/4.6.3/../../../../msp430/lib/mmpy-16/libc.a(vuprintf.o)
                0x000000000000e09a                vuprintf
 .text          0x000000000000e738       0x2c /usr/lib/gcc/msp430/4.6.3/../../../../msp430/lib/mmpy-16/libc.a(puts.o)
                0x000000000000e738                puts
 .text          0x000000000000e764       0x54 /usr/lib/gcc/msp430/4.6.3/../../../../msp430/lib/mmpy-16/libc.a(rand.o)
                0x000000000000e764                rand_r
                0x000000000000e788                rand
                0x000000000000e7ae                srand
 .text.libgcc   0x000000000000e7b8       0xf0 /usr/lib/gcc/msp430/4.6.3/mmpy-16/libgcc.a(_udivmod64.o)
                0x000000000000e7b8                __xabi_udivmod64
                0x000000000000e816                __udivdi3
                0x000000000000e83c                __umoddi3
                0x000000000000e86a                __udivmoddi4
 .text.crt0     0x000000000000e8a8        0x2 /usr/lib/gcc/msp430/4.6.3/mmpy-16/libcrt0.a(_unexpected_.o)
                0x000000000000e8a8                _unexpected_
                0x000000000000e8aa                . = ALIGN (0x2)

.rodata         0x000000000000e8aa      0x3b0
                0x000000000000e8aa                . = ALIGN (0x2)
 *(.rodata .rodata.* .gnu.linkonce.r.*)
 .rodata        0x000000000000e8aa      0x126 udp-server.co
                0x000000000000e9b8                autostart_processes
 .rodata        0x000000000000e9d0      0x124 obj_sky/contiki-sky-main.o
 .rodata        0x000000000000eaf4       0x10 contiki-sky.a(button-sensor.o)
                0x000000000000eafc                button_sensor
 .rodata        0x000000000000eb04        0x8 contiki-sky.a(sensors.o)
 .rodata        0x000000000000eb0c       0x5a contiki-sky.a(cc2420.o)
                0x000000000000eb28                cc2420_aes_128_driver
                0x000000000000eb2c                cc2420_driver
 .rodata        0x000000000000eb66        0xf contiki-sky.a(ctimer.o)
 .rodata        0x000000000000eb75        0xc contiki-sky.a(etimer.o)
 *fill*         0x000000000000eb81        0x1 00
 .rodata        0x000000000000eb82       0x20 contiki-sky.a(uip6.o)
 .rodata        0x000000000000eba2       0x24 contiki-sky.a(sicslowpan.o)
                0x000000000000ebae                sicslowpan_driver
                0x000000000000ebb4                llprefix
                0x000000000000ebb6                unc_mxconf
                0x000000000000ebba                unc_ctxconf
                0x000000000000ebbe                unc_llconf
 .rodata        0x000000000000ebc6       0x29 contiki-sky.a(uip-debug.o)
 .rodata        0x000000000000ebef        0xd contiki-sky.a(tcpip.o)
 .rodata        0x000000000000ebfc        0x8 contiki-sky.a(framer-802154.o)
                0x000000000000ebfc                framer_802154
 .rodata        0x000000000000ec04       0x14 contiki-sky.a(csma.o)
                0x000000000000ec0a                csma_driver
 .rodata        0x000000000000ec18        0x2 contiki-sky.a(frame802154.o)
 .rodata        0x000000000000ec1a        0x8 contiki-sky.a(linkaddr.o)
                0x000000000000ec1a                linkaddr_null
 .rodata        0x000000000000ec22       0x1c contiki-sky.a(contikimac.o)
                0x000000000000ec2e                contikimac_driver
 .rodata        0x000000000000ec3e       0x14 contiki-sky.a(nullsec.o)
                0x000000000000ec46                nullsec_driver
 .rodata        0x000000000000ec52        0x7 /usr/lib/gcc/msp430/4.6.3/../../../../msp430/lib/mmpy-16/libc.a(vuprintf.o)
                0x000000000000ec5a                . = ALIGN (0x2)
 *fill*         0x000000000000ec59        0x1 00
                0x000000000000ec5a                _etext = .

.data           0x0000000000001100       0xde load address 0x000000000000ec5a
                0x0000000000001100                . = ALIGN (0x2)
                0x0000000000001100                PROVIDE (__data_start, .)
 *(.data .data.* .gnu.linkonce.d.*)
 .data          0x0000000000001100        0xa udp-server.co
                0x0000000000001100                udp_server_process
 .data          0x000000000000110a        0x4 contiki-sky.a(contiki-sky-pla)
                0x000000000000110a                sensors
 .data          0x000000000000110e        0xa contiki-sky.a(sensors.o)
                0x000000000000110e                sensors_process
 .data          0x0000000000001118        0xa contiki-sky.a(cc2420.o)
                0x0000000000001118                cc2420_process
 .data          0x0000000000001122        0x2 contiki-sky.a(msp430.o)
 .data          0x0000000000001124        0xa contiki-sky.a(ctimer.o)
                0x0000000000001124                ctimer_process
 .data          0x000000000000112e        0xa contiki-sky.a(etimer.o)
                0x000000000000112e                etimer_process
 .data          0x0000000000001138       0x20 contiki-sky.a(uip-ds6-route.o)
 .data          0x0000000000001158        0xa contiki-sky.a(uip-ds6-nbr.o)
                0x0000000000001158                ds6_neighbors
 .data          0x0000000000001162        0xa contiki-sky.a(tcpip.o)
                0x0000000000001162                tcpip_process
 .data          0x000000000000116c        0xa contiki-sky.a(rpl-dag.o)
                0x000000000000116c                rpl_parents
 .data          0x0000000000001176        0xe contiki-sky.a(rpl-mrhof.o)
                0x0000000000001176                rpl_mrhof
 .data          0x0000000000001184       0x18 contiki-sky.a(csma.o)
 .data          0x000000000000119c       0x10 contiki-sky.a(queuebuf.o)
 .data          0x00000000000011ac        0x8 contiki-sky.a(nbr-table.o)
 .data          0x00000000000011b4        0xc contiki-sky.a(uip-icmp6.o)
 .data          0x00000000000011c0       0x1a contiki-sky.a(rpl-icmp6.o)
 .data          0x00000000000011da        0x4 /usr/lib/gcc/msp430/4.6.3/../../../../msp430/lib/mmpy-16/libc.a(rand.o)
                0x00000000000011de                . = ALIGN (0x2)
                0x00000000000011de                _edata = .
                0x000000000000ec5a                PROVIDE (__data_load_start, LOADADDR (.data))
                0x00000000000000de                PROVIDE (__data_size, SIZEOF (.data))

.bss            0x00000000000011de     0x1924 load address 0x000000000000ed38
                0x00000000000011de                PROVIDE (__bss_start, .)
 *(.bss .bss.*)
 .bss           0x00000000000011de        0x2 udp-server.co
 .bss           0x00000000000011e0        0xc obj_sky/contiki-sky-main.o
 .bss           0x00000000000011ec        0x8 contiki-sky.a(button-sensor.o)
 .bss           0x00000000000011f4        0x2 contiki-sky.a(node-id.o)
                0x00000000000011f4                node_id
 .bss           0x00000000000011f6        0x6 contiki-sky.a(sensors.o)
 .bss           0x00000000000011fc        0x8 contiki-sky.a(cc2420.o)
 .bss           0x0000000000001204       0x9a contiki-sky.a(uart1.o)
 .bss           0x000000000000129e        0xa contiki-sky.a(clock.o)
 .bss           0x00000000000012a8        0x1 contiki-sky.a(leds.o)
 *fill*         0x00000000000012a9        0x1 00
 .bss           0x00000000000012aa        0x2 contiki-sky.a(watchdog.o)
 .bss           0x00000000000012ac        0x4 contiki-sky.a(ctimer.o)
 .bss           0x00000000000012b0        0x6 contiki-sky.a(etimer.o)
 .bss           0x00000000000012b6       0x42 contiki-sky.a(process.o)
                0x00000000000012b6                process_current
                0x00000000000012b8                process_list
 .bss           0x00000000000012f8        0x2 contiki-sky.a(rtimer.o)
 .bss           0x00000000000012fa       0x18 contiki-sky.a(uip-ds6.o)
 .bss           0x0000000000001312      0x362 contiki-sky.a(uip-ds6-route.o)
 .bss           0x0000000000001674       0x12 contiki-sky.a(uip6.o)
                0x0000000000001674                uip_ext_opt_offset
                0x0000000000001676                uip_ext_len
                0x0000000000001678                uip_ext_bitmap
 .bss           0x0000000000001686      0x2f8 contiki-sky.a(uip-ds6-nbr.o)
 .bss           0x000000000000197e      0x124 contiki-sky.a(sicslowpan.o)
 .bss           0x0000000000001aa2       0x36 contiki-sky.a(tcpip.o)
 .bss           0x0000000000001ad8       0xf0 contiki-sky.a(rpl-dag.o)
 .bss           0x0000000000001bc8       0x18 contiki-sky.a(rpl-timers.o)
 .bss           0x0000000000001be0        0x2 contiki-sky.a(rpl.o)
 .bss           0x0000000000001be2        0x2 contiki-sky.a(framer-802154.o)
 .bss           0x0000000000001be4       0xc4 contiki-sky.a(csma.o)
 .bss           0x0000000000001ca8      0x5a0 contiki-sky.a(queuebuf.o)
 .bss           0x0000000000002248      0x118 contiki-sky.a(nbr-table.o)
 .bss           0x0000000000002360       0xb8 contiki-sky.a(packetbuf.o)
 .bss           0x0000000000002418       0x32 contiki-sky.a(contikimac.o)
 .bss           0x000000000000244a        0x8 contiki-sky.a(compower.o)
 .bss           0x0000000000002452       0x14 contiki-sky.a(uip-icmp6.o)
 .bss           0x0000000000002466       0xa0 contiki-sky.a(mac-sequence.o)
 *(COMMON)
 COMMON         0x0000000000002506        0x2 contiki-sky.a(contiki-sky-pla)
                0x0000000000002506                sensors_flags
 COMMON         0x0000000000002508        0x8 contiki-sky.a(ds2411.o)
                0x0000000000002508                ds2411_id
 COMMON         0x0000000000002510        0x1 contiki-sky.a(sensors.o)
                0x0000000000002510                sensors_event
 *fill*         0x0000000000002511        0x1 00
 COMMON         0x0000000000002512       0x10 contiki-sky.a(cc2420.o)
                0x0000000000002512                cc2420_last_rssi
                0x0000000000002514                cc2420_sfd_start_time
                0x0000000000002516                cc2420_time_of_departure
                0x0000000000002518                cc2420_time_of_arrival
                0x000000000000251a                cc2420_last_correlation
                0x000000000000251c                cc2420_authority_level_of_sender
                0x000000000000251e                cc2420_sfd_counter
                0x0000000000002520                cc2420_sfd_end_time
 COMMON         0x0000000000002522        0x2 contiki-sky.a(msp430.o)
                0x0000000000002522                msp430_dco_required
 COMMON         0x0000000000002524       0x56 contiki-sky.a(energest.o)
                0x0000000000002524                energest_total_time
                0x0000000000002554                energest_total_count
                0x0000000000002556                energest_current_mode
                0x0000000000002562                energest_current_time
 COMMON         0x000000000000257a        0x1 contiki-sky.a(process.o)
                0x000000000000257a                process_maxevents
 *fill*         0x000000000000257b        0x1 00
 COMMON         0x000000000000257c      0x15c contiki-sky.a(uip-ds6.o)
                0x000000000000257c                uip_ds6_timer_ra
                0x0000000000002584                uip_ds6_if
                0x0000000000002670                uip_ds6_netif_addr_list_offset
                0x0000000000002671                uip_ds6_addr_size
                0x0000000000002672                uip_ds6_prefix_list
                0x00000000000026cc                uip_ds6_timer_periodic
 COMMON         0x00000000000026d8      0x304 contiki-sky.a(uip6.o)
                0x00000000000026d8                uip_len
                0x00000000000026da                uip_sappdata
                0x00000000000026dc                uip_acc32
                0x00000000000026e0                uip_lladdr
                0x00000000000026e8                uip_aligned_buf
                0x00000000000027d8                uip_flags
                0x00000000000027da                uip_next_hdr
                0x00000000000027dc                uip_udp_conn
                0x00000000000027de                uip_appdata
                0x00000000000027e0                uip_conn
                0x00000000000027e2                uip_conns
                0x0000000000002892                uip_listenports
                0x00000000000028a2                uip_slen
                0x00000000000028a4                uip_udp_conns
 COMMON         0x00000000000029dc        0x8 contiki-sky.a(sicslowpan.o)
                0x00000000000029dc                frag_sender
 COMMON         0x00000000000029e4        0x1 contiki-sky.a(tcpip.o)
                0x00000000000029e4                tcpip_event
 *fill*         0x00000000000029e5        0x1 00
 COMMON         0x00000000000029e6       0xde contiki-sky.a(rpl-dag.o)
                0x00000000000029e6                default_instance
                0x00000000000029e8                instance_table
 COMMON         0x0000000000002ac4       0x2e contiki-sky.a(packetbuf.o)
                0x0000000000002ac4                packetbuf_addrs
                0x0000000000002ad4                packetbuf_attrs
 COMMON         0x0000000000002af2        0x8 contiki-sky.a(linkaddr.o)
                0x0000000000002af2                linkaddr_node_addr
 COMMON         0x0000000000002afa        0x8 contiki-sky.a(compower.o)
                0x0000000000002afa                compower_idle_activity
                0x0000000000002b02                . = ALIGN (0x2)
                0x0000000000002b02                PROVIDE (__bss_end, .)
                0x0000000000001924                PROVIDE (__bss_size, SIZEOF (.bss))

.noinit         0x0000000000002b02        0x2 load address 0x000000000000ed38
                0x0000000000002b02                PROVIDE (__noinit_start, .)
 *(.noinit .noinit.*)
 .noinit.crt0   0x0000000000002b02        0x2 /usr/lib/gcc/msp430/4.6.3/mmpy-16/libcrt0.a(__watchdog_support.o)
                0x0000000000002b02                __wdt_clear_value
                0x0000000000002b04                . = ALIGN (0x2)
                0x0000000000002b04                PROVIDE (__noinit_end, .)
                0x0000000000002b04                . = ALIGN (0x2)
                0x0000000000002b04                _end = .

.infomem        0x0000000000001000        0x0
 *(.infomem)
                0x0000000000001000                . = ALIGN (0x2)
 *(.infomem.*)

.infomemnobits  0x0000000000001000        0x0
 *(.infomemnobits)
                0x0000000000001000                . = ALIGN (0x2)
 *(.infomemnobits.*)

.infoa
 *(.infoa .infoa.*)

.infob
 *(.infob .infob.*)

.infoc
 *(.infoc .infoc.*)

.infod
 *(.infod .infod.*)

.vectors        0x000000000000ffe0       0x20
                0x000000000000ffe0                PROVIDE (__vectors_start, .)
 *(.vectors*)
 .vectors       0x000000000000ffe0       0x20 /usr/lib/gcc/msp430/4.6.3/mmpy-16/crt0ivtbl16.o
                0x000000000000ffe0                __ivtbl_16
                0x0000000000010000                _vectors_end = .

.fartext        0x0000000000000000        0x0
                0x0000000000000000                . = ALIGN (0x2)
 *(.fartext)
                0x0000000000000000                . = ALIGN (0x2)
 *(.fartext.*)
                0x0000000000000000                _efartext = .

.profiler
 *(.profiler)

.stab           0x0000000000000000    0x27c24
 *(.stab)
 .stab          0x0000000000000000     0x1a58 udp-server.co
 .stab          0x0000000000001a58     0x12b4 obj_sky/contiki-sky-main.o
                                       0x1b0c (size before relaxing)
 .stab          0x0000000000002d0c      0x258 contiki-sky.a(contiki-sky-pla)
                                        0x5b8 (size before relaxing)
 .stab          0x0000000000002f64      0x468 contiki-sky.a(button-sensor.o)
                                        0x7d4 (size before relaxing)
 .stab          0x00000000000033cc      0x624 contiki-sky.a(ds2411.o)
                                        0xb40 (size before relaxing)
 .stab          0x00000000000039f0      0xbac contiki-sky.a(xmem.o)
                                        0xf60 (size before relaxing)
 .stab          0x000000000000459c      0x2b8 contiki-sky.a(node-id.o)
                                        0x4e0 (size before relaxing)
 .stab          0x0000000000004854      0x654 contiki-sky.a(sensors.o)
                                        0xb70 (size before relaxing)
 .stab          0x0000000000004ea8     0x25e0 contiki-sky.a(cc2420.o)
                                       0x2cac (size before relaxing)
 .stab          0x0000000000007488      0x63c contiki-sky.a(cc2420-arch.o)
                                       0x1728 (size before relaxing)
 .stab          0x0000000000007ac4      0x60c contiki-sky.a(uart1.o)
                                        0x960 (size before relaxing)
 .stab          0x00000000000080d0      0x27c contiki-sky.a(uart1-putchar.o)
                                        0x7bc (size before relaxing)
 .stab          0x000000000000834c      0x744 contiki-sky.a(msp430.o)
                                        0xa98 (size before relaxing)
 .stab          0x0000000000008a90      0x948 contiki-sky.a(clock.o)
                                        0xc9c (size before relaxing)
 .stab          0x00000000000093d8      0x5dc contiki-sky.a(leds.o)
                                        0x828 (size before relaxing)
 .stab          0x00000000000099b4      0x3a8 contiki-sky.a(leds-arch.o)
                                        0x6fc (size before relaxing)
 .stab          0x0000000000009d5c      0x3fc contiki-sky.a(watchdog.o)
                                        0x750 (size before relaxing)
 .stab          0x000000000000a158      0x3cc contiki-sky.a(rtimer-arch.o)
                                        0x720 (size before relaxing)
 .stab          0x000000000000a524      0x294 contiki-sky.a(autostart.o)
                                        0x534 (size before relaxing)
 .stab          0x000000000000a7b8      0x474 contiki-sky.a(energest.o)
                                        0x6fc (size before relaxing)
 .stab          0x000000000000ac2c      0x7a4 contiki-sky.a(ctimer.o)
                                        0xb10 (size before relaxing)
 .stab          0x000000000000b3d0      0xa38 contiki-sky.a(etimer.o)
                                        0xd08 (size before relaxing)
 .stab          0x000000000000be08      0xb7c contiki-sky.a(process.o)
                                       0x1014 (size before relaxing)
 .stab          0x000000000000c984      0x3d8 contiki-sky.a(rtimer.o)
                                        0x6c0 (size before relaxing)
 .stab          0x000000000000cd5c      0x354 contiki-sky.a(timer.o)
                                        0x594 (size before relaxing)
 .stab          0x000000000000d0b0      0x7f8 contiki-sky.a(list.o)
                                        0x804 (size before relaxing)
 .stab          0x000000000000d8a8      0x228 contiki-sky.a(random.o)
                                        0x624 (size before relaxing)
 .stab          0x000000000000dad0     0x1404 contiki-sky.a(uip-ds6.o)
                                       0x1f74 (size before relaxing)
 .stab          0x000000000000eed4     0x1260 contiki-sky.a(uip-ds6-route.o)
                                       0x1de8 (size before relaxing)
 .stab          0x0000000000010134     0x2bc8 contiki-sky.a(uip6.o)
                                       0x378c (size before relaxing)
 .stab          0x0000000000012cfc      0xcd8 contiki-sky.a(uip-ds6-nbr.o)
                                       0x1710 (size before relaxing)
 .stab          0x00000000000139d4      0x57c contiki-sky.a(uip-nd6.o)
                                       0x1158 (size before relaxing)
 .stab          0x0000000000013f50     0x1f74 contiki-sky.a(sicslowpan.o)
                                       0x2ee0 (size before relaxing)
 .stab          0x0000000000015ec4      0x444 contiki-sky.a(uip-debug.o)
                                        0xbd0 (size before relaxing)
 .stab          0x0000000000016308     0x1410 contiki-sky.a(tcpip.o)
                                       0x2658 (size before relaxing)
 .stab          0x0000000000017718     0x2f34 contiki-sky.a(rpl-dag.o)
                                       0x3c18 (size before relaxing)
 .stab          0x000000000001a64c      0xbdc contiki-sky.a(rpl-timers.o)
                                       0x18cc (size before relaxing)
 .stab          0x000000000001b228      0xa50 contiki-sky.a(rpl-ext-header.)
                                       0x180c (size before relaxing)
 .stab          0x000000000001bc78      0xa68 contiki-sky.a(rpl.o)
                                       0x17b8 (size before relaxing)
 .stab          0x000000000001c6e0      0x8ac contiki-sky.a(rpl-mrhof.o)
                                       0x159c (size before relaxing)
 .stab          0x000000000001cf8c      0x930 contiki-sky.a(framer-802154.o)
                                        0xf54 (size before relaxing)
 .stab          0x000000000001d8bc     0x1050 contiki-sky.a(csma.o)
                                       0x1590 (size before relaxing)
 .stab          0x000000000001e90c      0x924 contiki-sky.a(frame802154.o)
                                       0x10f8 (size before relaxing)
 .stab          0x000000000001f230      0x1f8 contiki-sky.a(mac.o)
                                        0x4ec (size before relaxing)
 .stab          0x000000000001f428      0x3fc contiki-sky.a(framer.o)
                                        0xc54 (size before relaxing)
 .stab          0x000000000001f824      0xaa4 contiki-sky.a(queuebuf.o)
                                       0x1bb4 (size before relaxing)
 .stab          0x00000000000202c8      0xd80 contiki-sky.a(nbr-table.o)
                                       0x1428 (size before relaxing)
 .stab          0x0000000000021048      0xdb0 contiki-sky.a(packetbuf.o)
                                       0x1ed8 (size before relaxing)
 .stab          0x0000000000021df8      0x2c4 contiki-sky.a(linkaddr.o)
                                        0x6c0 (size before relaxing)
 .stab          0x00000000000220bc     0x1884 contiki-sky.a(contikimac.o)
                                       0x22f8 (size before relaxing)
 .stab          0x0000000000023940      0x75c contiki-sky.a(nullsec.o)
                                        0xda4 (size before relaxing)
 .stab          0x000000000002409c      0x204 contiki-sky.a(spi.o)